stm32g4xx_hal_smbus.c:2372:13:SMBUS_Enable_IRQ	0	static
stm32g4xx_hal_smbus.c:2412:13:SMBUS_Disable_IRQ	8	static
stm32g4xx_hal_smbus.c:2635:13:SMBUS_TransferConfig	12	static
stm32g4xx_hal_smbus.c:2657:13:SMBUS_ConvertOtherXferOptions	0	static
stm32g4xx_hal_smbus.c:2585:26:SMBUS_WaitOnFlagUntilTimeout	32	static
stm32g4xx_hal_smbus.c:441:13:HAL_SMBUS_MspInit	0	static
stm32g4xx_hal_smbus.c:276:19:HAL_SMBUS_Init	8	static
stm32g4xx_hal_smbus.c:457:13:HAL_SMBUS_MspDeInit	0	static
stm32g4xx_hal_smbus.c:396:19:HAL_SMBUS_DeInit	8	static
stm32g4xx_hal_smbus.c:476:19:HAL_SMBUS_ConfigAnalogFilter	4	static
stm32g4xx_hal_smbus.c:520:19:HAL_SMBUS_ConfigDigitalFilter	4	static
stm32g4xx_hal_smbus.c:917:19:HAL_SMBUS_Master_Transmit_IT	24	static
stm32g4xx_hal_smbus.c:1018:19:HAL_SMBUS_Master_Receive_IT	24	static
stm32g4xx_hal_smbus.c:1110:19:HAL_SMBUS_Master_Abort_IT	24	static
stm32g4xx_hal_smbus.c:1175:19:HAL_SMBUS_Slave_Transmit_IT	32	static
stm32g4xx_hal_smbus.c:1271:19:HAL_SMBUS_Slave_Receive_IT	32	static
stm32g4xx_hal_smbus.c:1350:19:HAL_SMBUS_EnableListen_IT	8	static
stm32g4xx_hal_smbus.c:1366:19:HAL_SMBUS_DisableListen_IT	8	static
stm32g4xx_hal_smbus.c:1390:19:HAL_SMBUS_EnableAlert_IT	8	static
stm32g4xx_hal_smbus.c:1409:19:HAL_SMBUS_DisableAlert_IT	8	static
stm32g4xx_hal_smbus.c:1430:19:HAL_SMBUS_IsDeviceReady	40	static
stm32g4xx_hal_smbus.c:1658:13:HAL_SMBUS_MasterTxCpltCallback	0	static
stm32g4xx_hal_smbus.c:1674:13:HAL_SMBUS_MasterRxCpltCallback	0	static
stm32g4xx_hal_smbus.c:1689:13:HAL_SMBUS_SlaveTxCpltCallback	0	static
stm32g4xx_hal_smbus.c:1705:13:HAL_SMBUS_SlaveRxCpltCallback	0	static
stm32g4xx_hal_smbus.c:1723:13:HAL_SMBUS_AddrCallback	0	static
stm32g4xx_hal_smbus.c:1741:13:HAL_SMBUS_ListenCpltCallback	0	static
stm32g4xx_hal_smbus.c:1757:13:HAL_SMBUS_ErrorCallback	0	static
stm32g4xx_hal_smbus.c:2484:13:SMBUS_ITErrorHandler	8	static
stm32g4xx_hal_smbus.c:1647:6:HAL_SMBUS_ER_IRQHandler	8	static
stm32g4xx_hal_smbus.c:1829:26:SMBUS_Master_ISR	24	static
stm32g4xx_hal_smbus.c:2114:26:SMBUS_Slave_ISR	24	static
stm32g4xx_hal_smbus.c:1571:6:HAL_SMBUS_EV_IRQHandler	16	static
stm32g4xx_hal_smbus.c:1792:10:HAL_SMBUS_GetState	0	static
stm32g4xx_hal_smbus.c:1804:10:HAL_SMBUS_GetError	0	static
