Archive member included to satisfy reference by file (symbol)

c:/st/stm32cubeide_1.6.1/stm32cubeide/plugins/com.st.stm32cube.ide.mcu.externaltools.gnu-tools-for-stm32.9-2020-q2-update.win32_2.0.0.202105311346/tools/bin/../lib/gcc/arm-none-eabi/9.3.1/../../../../arm-none-eabi/lib/thumb/v7e-m+fp/hard\libc_nano.a(lib_a-errno.o)
                              ./Application/User/Core/syscalls.o (__errno)
c:/st/stm32cubeide_1.6.1/stm32cubeide/plugins/com.st.stm32cube.ide.mcu.externaltools.gnu-tools-for-stm32.9-2020-q2-update.win32_2.0.0.202105311346/tools/bin/../lib/gcc/arm-none-eabi/9.3.1/../../../../arm-none-eabi/lib/thumb/v7e-m+fp/hard\libc_nano.a(lib_a-exit.o)
                              c:/st/stm32cubeide_1.6.1/stm32cubeide/plugins/com.st.stm32cube.ide.mcu.externaltools.gnu-tools-for-stm32.9-2020-q2-update.win32_2.0.0.202105311346/tools/bin/../lib/gcc/arm-none-eabi/9.3.1/../../../../arm-none-eabi/lib/thumb/v7e-m+fp/hard/crt0.o (exit)
c:/st/stm32cubeide_1.6.1/stm32cubeide/plugins/com.st.stm32cube.ide.mcu.externaltools.gnu-tools-for-stm32.9-2020-q2-update.win32_2.0.0.202105311346/tools/bin/../lib/gcc/arm-none-eabi/9.3.1/../../../../arm-none-eabi/lib/thumb/v7e-m+fp/hard\libc_nano.a(lib_a-impure.o)
                              c:/st/stm32cubeide_1.6.1/stm32cubeide/plugins/com.st.stm32cube.ide.mcu.externaltools.gnu-tools-for-stm32.9-2020-q2-update.win32_2.0.0.202105311346/tools/bin/../lib/gcc/arm-none-eabi/9.3.1/../../../../arm-none-eabi/lib/thumb/v7e-m+fp/hard\libc_nano.a(lib_a-exit.o) (_global_impure_ptr)
c:/st/stm32cubeide_1.6.1/stm32cubeide/plugins/com.st.stm32cube.ide.mcu.externaltools.gnu-tools-for-stm32.9-2020-q2-update.win32_2.0.0.202105311346/tools/bin/../lib/gcc/arm-none-eabi/9.3.1/../../../../arm-none-eabi/lib/thumb/v7e-m+fp/hard\libc_nano.a(lib_a-init.o)
                              c:/st/stm32cubeide_1.6.1/stm32cubeide/plugins/com.st.stm32cube.ide.mcu.externaltools.gnu-tools-for-stm32.9-2020-q2-update.win32_2.0.0.202105311346/tools/bin/../lib/gcc/arm-none-eabi/9.3.1/../../../../arm-none-eabi/lib/thumb/v7e-m+fp/hard/crt0.o (__libc_init_array)
c:/st/stm32cubeide_1.6.1/stm32cubeide/plugins/com.st.stm32cube.ide.mcu.externaltools.gnu-tools-for-stm32.9-2020-q2-update.win32_2.0.0.202105311346/tools/bin/../lib/gcc/arm-none-eabi/9.3.1/../../../../arm-none-eabi/lib/thumb/v7e-m+fp/hard\libc_nano.a(lib_a-malloc.o)
                              ./Application/User/Rho/core/rho_client.o (malloc)
c:/st/stm32cubeide_1.6.1/stm32cubeide/plugins/com.st.stm32cube.ide.mcu.externaltools.gnu-tools-for-stm32.9-2020-q2-update.win32_2.0.0.202105311346/tools/bin/../lib/gcc/arm-none-eabi/9.3.1/../../../../arm-none-eabi/lib/thumb/v7e-m+fp/hard\libc_nano.a(lib_a-memcpy-stub.o)
                              ./Application/User/Rho/core/rho_capture.o (memcpy)
c:/st/stm32cubeide_1.6.1/stm32cubeide/plugins/com.st.stm32cube.ide.mcu.externaltools.gnu-tools-for-stm32.9-2020-q2-update.win32_2.0.0.202105311346/tools/bin/../lib/gcc/arm-none-eabi/9.3.1/../../../../arm-none-eabi/lib/thumb/v7e-m+fp/hard\libc_nano.a(lib_a-memset.o)
                              c:/st/stm32cubeide_1.6.1/stm32cubeide/plugins/com.st.stm32cube.ide.mcu.externaltools.gnu-tools-for-stm32.9-2020-q2-update.win32_2.0.0.202105311346/tools/bin/../lib/gcc/arm-none-eabi/9.3.1/../../../../arm-none-eabi/lib/thumb/v7e-m+fp/hard/crt0.o (memset)
c:/st/stm32cubeide_1.6.1/stm32cubeide/plugins/com.st.stm32cube.ide.mcu.externaltools.gnu-tools-for-stm32.9-2020-q2-update.win32_2.0.0.202105311346/tools/bin/../lib/gcc/arm-none-eabi/9.3.1/../../../../arm-none-eabi/lib/thumb/v7e-m+fp/hard\libc_nano.a(lib_a-nano-freer.o)
                              c:/st/stm32cubeide_1.6.1/stm32cubeide/plugins/com.st.stm32cube.ide.mcu.externaltools.gnu-tools-for-stm32.9-2020-q2-update.win32_2.0.0.202105311346/tools/bin/../lib/gcc/arm-none-eabi/9.3.1/../../../../arm-none-eabi/lib/thumb/v7e-m+fp/hard\libc_nano.a(lib_a-malloc.o) (_free_r)
c:/st/stm32cubeide_1.6.1/stm32cubeide/plugins/com.st.stm32cube.ide.mcu.externaltools.gnu-tools-for-stm32.9-2020-q2-update.win32_2.0.0.202105311346/tools/bin/../lib/gcc/arm-none-eabi/9.3.1/../../../../arm-none-eabi/lib/thumb/v7e-m+fp/hard\libc_nano.a(lib_a-nano-mallocr.o)
                              c:/st/stm32cubeide_1.6.1/stm32cubeide/plugins/com.st.stm32cube.ide.mcu.externaltools.gnu-tools-for-stm32.9-2020-q2-update.win32_2.0.0.202105311346/tools/bin/../lib/gcc/arm-none-eabi/9.3.1/../../../../arm-none-eabi/lib/thumb/v7e-m+fp/hard\libc_nano.a(lib_a-malloc.o) (_malloc_r)
c:/st/stm32cubeide_1.6.1/stm32cubeide/plugins/com.st.stm32cube.ide.mcu.externaltools.gnu-tools-for-stm32.9-2020-q2-update.win32_2.0.0.202105311346/tools/bin/../lib/gcc/arm-none-eabi/9.3.1/../../../../arm-none-eabi/lib/thumb/v7e-m+fp/hard\libc_nano.a(lib_a-nano-vfprintf_float.o)
                              (_printf_float)
[...]
Memory Configuration

Name             Origin             Length             Attributes
RAM              0x0000000020000000 0x0000000000008000 xrw
FLASH            0x0000000008000000 0x0000000000020000 xr
*default*        0x0000000000000000 0xffffffffffffffff

Linker script and memory map

LOAD c:/st/stm32cubeide_1.6.1/stm32cubeide/plugins/com.st.stm32cube.ide.mcu.externaltools.gnu-tools-for-stm32.9-2020-q2-update.win32_2.0.0.202105311346/tools/bin/../lib/gcc/arm-none-eabi/9.3.1/thumb/v7e-m+fp/hard/crti.o
LOAD c:/st/stm32cubeide_1.6.1/stm32cubeide/plugins/com.st.stm32cube.ide.mcu.externaltools.gnu-tools-for-stm32.9-2020-q2-update.win32_2.0.0.202105311346/tools/bin/../lib/gcc/arm-none-eabi/9.3.1/thumb/v7e-m+fp/hard/crtbegin.o
LOAD c:/st/stm32cubeide_1.6.1/stm32cubeide/plugins/com.st.stm32cube.ide.mcu.externaltools.gnu-tools-for-stm32.9-2020-q2-update.win32_2.0.0.202105311346/tools/bin/../lib/gcc/arm-none-eabi/9.3.1/../../../../arm-none-eabi/lib/thumb/v7e-m+fp/hard/crt0.o
LOAD ./Application/User/App/OV9712/OV9712.o
LOAD ./Application/User/App/master.o
LOAD ./Application/User/App/platform_interface/stm32_interface.o
LOAD ./Application/User/Core/main.o
LOAD ./Application/User/Core/stm32g4xx_hal_msp.o
LOAD ./Application/User/Core/stm32g4xx_it.o
LOAD ./Application/User/Core/syscalls.o
LOAD ./Application/User/Core/sysmem.o
LOAD ./Application/User/Rho/core/rho_capture.o
LOAD ./Application/User/Rho/core/rho_client.o
LOAD ./Application/User/Rho/core/rho_core.o
LOAD ./Application/User/Rho/core/rho_utility.o
LOAD ./Application/User/Rho/psm/fsm.o
LOAD ./Application/User/Rho/psm/gmm.o
LOAD ./Application/User/Rho/psm/hmm.o
LOAD ./Application/User/Rho/psm/psm.o
LOAD ./Application/User/Rho/types/kalman.o
LOAD ./Application/User/Rho/types/matvec.o
LOAD ./Application/User/Rho/types/pid.o
LOAD ./Application/User/Rho/types/statistics.o
LOAD ./Application/User/Startup/startup_stm32g431kbux.o
LOAD ./Application/User/UniSM/platform.o
LOAD ./Application/User/UniSM/printers.o
LOAD ./Application/User/UniSM/system.o
LOAD ./Application/User/UniSM/templates/master_template.o
LOAD ./Drivers/CMSIS/system_stm32g4xx.o
LOAD ./Drivers/STM32G4xx_HAL_Driver/stm32g4xx_hal.o
LOAD ./Drivers/STM32G4xx_HAL_Driver/stm32g4xx_hal_cortex.o
LOAD ./Drivers/STM32G4xx_HAL_Driver/stm32g4xx_hal_dma.o
LOAD ./Drivers/STM32G4xx_HAL_Driver/stm32g4xx_hal_dma_ex.o
LOAD ./Drivers/STM32G4xx_HAL_Driver/stm32g4xx_hal_exti.o
LOAD ./Drivers/STM32G4xx_HAL_Driver/stm32g4xx_hal_flash.o
LOAD ./Drivers/STM32G4xx_HAL_Driver/stm32g4xx_hal_flash_ex.o
LOAD ./Drivers/STM32G4xx_HAL_Driver/stm32g4xx_hal_flash_ramfunc.o
LOAD ./Drivers/STM32G4xx_HAL_Driver/stm32g4xx_hal_gpio.o
LOAD ./Drivers/STM32G4xx_HAL_Driver/stm32g4xx_hal_i2c.o
LOAD ./Drivers/STM32G4xx_HAL_Driver/stm32g4xx_hal_i2c_ex.o
LOAD ./Drivers/STM32G4xx_HAL_Driver/stm32g4xx_hal_pwr.o
LOAD ./Drivers/STM32G4xx_HAL_Driver/stm32g4xx_hal_pwr_ex.o
LOAD ./Drivers/STM32G4xx_HAL_Driver/stm32g4xx_hal_rcc.o
LOAD ./Drivers/STM32G4xx_HAL_Driver/stm32g4xx_hal_rcc_ex.o
LOAD ./Drivers/STM32G4xx_HAL_Driver/stm32g4xx_hal_tim.o
LOAD ./Drivers/STM32G4xx_HAL_Driver/stm32g4xx_hal_tim_ex.o
LOAD ./Drivers/STM32G4xx_HAL_Driver/stm32g4xx_hal_uart.o
LOAD ./Drivers/STM32G4xx_HAL_Driver/stm32g4xx_hal_uart_ex.o
START GROUP
LOAD c:/st/stm32cubeide_1.6.1/stm32cubeide/plugins/com.st.stm32cube.ide.mcu.externaltools.gnu-tools-for-stm32.9-2020-q2-update.win32_2.0.0.202105311346/tools/bin/../lib/gcc/arm-none-eabi/9.3.1/../../../../arm-none-eabi/lib/thumb/v7e-m+fp/hard\libc_nano.a
LOAD c:/st/stm32cubeide_1.6.1/stm32cubeide/plugins/com.st.stm32cube.ide.mcu.externaltools.gnu-tools-for-stm32.9-2020-q2-update.win32_2.0.0.202105311346/tools/bin/../lib/gcc/arm-none-eabi/9.3.1/../../../../arm-none-eabi/lib/thumb/v7e-m+fp/hard\libm.a
END GROUP
START GROUP
LOAD c:/st/stm32cubeide_1.6.1/stm32cubeide/plugins/com.st.stm32cube.ide.mcu.externaltools.gnu-tools-for-stm32.9-2020-q2-update.win32_2.0.0.202105311346/tools/bin/../lib/gcc/arm-none-eabi/9.3.1/thumb/v7e-m+fp/hard\libgcc.a
LOAD c:/st/stm32cubeide_1.6.1/stm32cubeide/plugins/com.st.stm32cube.ide.mcu.externaltools.gnu-tools-for-stm32.9-2020-q2-update.win32_2.0.0.202105311346/tools/bin/../lib/gcc/arm-none-eabi/9.3.1/../../../../arm-none-eabi/lib/thumb/v7e-m+fp/hard\libc_nano.a
END GROUP
START GROUP
LOAD c:/st/stm32cubeide_1.6.1/stm32cubeide/plugins/com.st.stm32cube.ide.mcu.externaltools.gnu-tools-for-stm32.9-2020-q2-update.win32_2.0.0.202105311346/tools/bin/../lib/gcc/arm-none-eabi/9.3.1/thumb/v7e-m+fp/hard\libgcc.a
LOAD c:/st/stm32cubeide_1.6.1/stm32cubeide/plugins/com.st.stm32cube.ide.mcu.externaltools.gnu-tools-for-stm32.9-2020-q2-update.win32_2.0.0.202105311346/tools/bin/../lib/gcc/arm-none-eabi/9.3.1/../../../../arm-none-eabi/lib/thumb/v7e-m+fp/hard\libc_nano.a
LOAD c:/st/stm32cubeide_1.6.1/stm32cubeide/plugins/com.st.stm32cube.ide.mcu.externaltools.gnu-tools-for-stm32.9-2020-q2-update.win32_2.0.0.202105311346/tools/bin/../lib/gcc/arm-none-eabi/9.3.1/../../../../arm-none-eabi/lib/thumb/v7e-m+fp/hard\libnosys.a
END GROUP
START GROUP
LOAD c:/st/stm32cubeide_1.6.1/stm32cubeide/plugins/com.st.stm32cube.ide.mcu.externaltools.gnu-tools-for-stm32.9-2020-q2-update.win32_2.0.0.202105311346/tools/bin/../lib/gcc/arm-none-eabi/9.3.1/thumb/v7e-m+fp/hard\libgcc.a
LOAD c:/st/stm32cubeide_1.6.1/stm32cubeide/plugins/com.st.stm32cube.ide.mcu.externaltools.gnu-tools-for-stm32.9-2020-q2-update.win32_2.0.0.202105311346/tools/bin/../lib/gcc/arm-none-eabi/9.3.1/../../../../arm-none-eabi/lib/thumb/v7e-m+fp/hard\libc_nano.a
LOAD c:/st/stm32cubeide_1.6.1/stm32cubeide/plugins/com.st.stm32cube.ide.mcu.externaltools.gnu-tools-for-stm32.9-2020-q2-update.win32_2.0.0.202105311346/tools/bin/../lib/gcc/arm-none-eabi/9.3.1/../../../../arm-none-eabi/lib/thumb/v7e-m+fp/hard\libnosys.a
END GROUP
LOAD c:/st/stm32cubeide_1.6.1/stm32cubeide/plugins/com.st.stm32cube.ide.mcu.externaltools.gnu-tools-for-stm32.9-2020-q2-update.win32_2.0.0.202105311346/tools/bin/../lib/gcc/arm-none-eabi/9.3.1/thumb/v7e-m+fp/hard/crtend.o
LOAD c:/st/stm32cubeide_1.6.1/stm32cubeide/plugins/com.st.stm32cube.ide.mcu.externaltools.gnu-tools-for-stm32.9-2020-q2-update.win32_2.0.0.202105311346/tools/bin/../lib/gcc/arm-none-eabi/9.3.1/thumb/v7e-m+fp/hard/crtn.o
                0x0000000020008000                _estack = (ORIGIN (RAM) + LENGTH (RAM))
                0x0000000000000200                _Min_Heap_Size = 0x200
                0x0000000000000400                _Min_Stack_Size = 0x400

.isr_vector     0x0000000008000000      0x1d8
                0x0000000008000000                . = ALIGN (0x4)
 *(.isr_vector)
 .isr_vector    0x0000000008000000      0x1d8 ./Application/User/Startup/startup_stm32g431kbux.o
                0x0000000008000000                g_pfnVectors
                0x00000000080001d8                . = ALIGN (0x4)

.text           0x00000000080001e0     0x8bc0
                0x00000000080001e0                . = ALIGN (0x4)
 *(.text)
 .text          0x00000000080001e0       0x40 c:/st/stm32cubeide_1.6.1/stm32cubeide/plugins/com.st.stm32cube.ide.mcu.externaltools.gnu-tools-for-stm32.9-2020-q2-update.win32_2.0.0.202105311346/tools/bin/../lib/gcc/arm-none-eabi/9.3.1/thumb/v7e-m+fp/hard/crtbegin.o
 .text          0x0000000008000220       0x10 c:/st/stm32cubeide_1.6.1/stm32cubeide/plugins/com.st.stm32cube.ide.mcu.externaltools.gnu-tools-for-stm32.9-2020-q2-update.win32_2.0.0.202105311346/tools/bin/../lib/gcc/arm-none-eabi/9.3.1/../../../../arm-none-eabi/lib/thumb/v7e-m+fp/hard\libc_nano.a(lib_a-strlen.o)
                0x0000000008000220                strlen
 .text          0x0000000008000230       0xa0 c:/st/stm32cubeide_1.6.1/stm32cubeide/plugins/com.st.stm32cube.ide.mcu.externaltools.gnu-tools-for-stm32.9-2020-q2-update.win32_2.0.0.202105311346/tools/bin/../lib/gcc/arm-none-eabi/9.3.1/../../../../arm-none-eabi/lib/thumb/v7e-m+fp/hard\libc_nano.a(lib_a-memchr.o)
                0x0000000008000230                memchr
 .text          0x00000000080002d0      0x378 c:/st/stm32cubeide_1.6.1/stm32cubeide/plugins/com.st.stm32cube.ide.mcu.externaltools.gnu-tools-for-stm32.9-2020-q2-update.win32_2.0.0.202105311346/tools/bin/../lib/gcc/arm-none-eabi/9.3.1/thumb/v7e-m+fp/hard\libgcc.a(_arm_addsubdf3.o)
                0x00000000080002d0                __aeabi_drsub
                0x00000000080002d8                __aeabi_dsub
                0x00000000080002d8                __subdf3
                0x00000000080002dc                __aeabi_dadd
                0x00000000080002dc                __adddf3
                0x0000000008000554                __floatunsidf
                0x0000000008000554                __aeabi_ui2d
                0x0000000008000574                __floatsidf
                0x0000000008000574                __aeabi_i2d
                0x0000000008000598                __aeabi_f2d
                0x0000000008000598                __extendsfdf2
                0x00000000080005dc                __floatundidf
                0x00000000080005dc                __aeabi_ul2d
                0x00000000080005ec                __floatdidf
                0x00000000080005ec                __aeabi_l2d
 .text          0x0000000008000648      0x424 c:/st/stm32cubeide_1.6.1/stm32cubeide/plugins/com.st.stm32cube.ide.mcu.externaltools.gnu-tools-for-stm32.9-2020-q2-update.win32_2.0.0.202105311346/tools/bin/../lib/gcc/arm-none-eabi/9.3.1/thumb/v7e-m+fp/hard\libgcc.a(_arm_muldivdf3.o)
                0x0000000008000648                __aeabi_dmul
                0x0000000008000648                __muldf3
                0x000000000800089c                __divdf3
                0x000000000800089c                __aeabi_ddiv
 .text          0x0000000008000a6c      0x110 c:/st/stm32cubeide_1.6.1/stm32cubeide/plugins/com.st.stm32cube.ide.mcu.externaltools.gnu-tools-for-stm32.9-2020-q2-update.win32_2.0.0.202105311346/tools/bin/../lib/gcc/arm-none-eabi/9.3.1/thumb/v7e-m+fp/hard\libgcc.a(_arm_cmpdf2.o)
                0x0000000008000a6c                __gtdf2
                0x0000000008000a6c                __gedf2
                0x0000000008000a74                __ltdf2
                0x0000000008000a74                __ledf2
                0x0000000008000a7c                __nedf2
                0x0000000008000a7c                __eqdf2
                0x0000000008000a7c                __cmpdf2
                0x0000000008000af8                __aeabi_cdrcmple
                0x0000000008000b08                __aeabi_cdcmpeq
                0x0000000008000b08                __aeabi_cdcmple
                0x0000000008000b18                __aeabi_dcmpeq
                0x0000000008000b2c                __aeabi_dcmplt
                0x0000000008000b40                __aeabi_dcmple
                0x0000000008000b54                __aeabi_dcmpge
                0x0000000008000b68                __aeabi_dcmpgt
 .text          0x0000000008000b7c       0x2c c:/st/stm32cubeide_1.6.1/stm32cubeide/plugins/com.st.stm32cube.ide.mcu.externaltools.gnu-tools-for-stm32.9-2020-q2-update.win32_2.0.0.202105311346/tools/bin/../lib/gcc/arm-none-eabi/9.3.1/thumb/v7e-m+fp/hard\libgcc.a(_arm_unorddf2.o)
                0x0000000008000b7c                __unorddf2
                0x0000000008000b7c                __aeabi_dcmpun
 .text          0x0000000008000ba8       0x50 c:/st/stm32cubeide_1.6.1/stm32cubeide/plugins/com.st.stm32cube.ide.mcu.externaltools.gnu-tools-for-stm32.9-2020-q2-update.win32_2.0.0.202105311346/tools/bin/../lib/gcc/arm-none-eabi/9.3.1/thumb/v7e-m+fp/hard\libgcc.a(_arm_fixdfsi.o)
                0x0000000008000ba8                __aeabi_d2iz
                0x0000000008000ba8                __fixdfsi
 .text          0x0000000008000bf8       0x30 c:/st/stm32cubeide_1.6.1/stm32cubeide/plugins/com.st.stm32cube.ide.mcu.externaltools.gnu-tools-for-stm32.9-2020-q2-update.win32_2.0.0.202105311346/tools/bin/../lib/gcc/arm-none-eabi/9.3.1/thumb/v7e-m+fp/hard\libgcc.a(_aeabi_uldivmod.o)
                0x0000000008000bf8                __aeabi_uldivmod
 .text          0x0000000008000c28      0x2c4 c:/st/stm32cubeide_1.6.1/stm32cubeide/plugins/com.st.stm32cube.ide.mcu.externaltools.gnu-tools-for-stm32.9-2020-q2-update.win32_2.0.0.202105311346/tools/bin/../lib/gcc/arm-none-eabi/9.3.1/thumb/v7e-m+fp/hard\libgcc.a(_udivmoddi4.o)
                0x0000000008000c28                __udivmoddi4
 .text          0x0000000008000eec        0x4 c:/st/stm32cubeide_1.6.1/stm32cubeide/plugins/com.st.stm32cube.ide.mcu.externaltools.gnu-tools-for-stm32.9-2020-q2-update.win32_2.0.0.202105311346/tools/bin/../lib/gcc/arm-none-eabi/9.3.1/thumb/v7e-m+fp/hard\libgcc.a(_dvmd_tls.o)
                0x0000000008000eec                __aeabi_idiv0
                0x0000000008000eec                __aeabi_ldiv0
 *(.text*)
 .text.OV9712_Init
                0x0000000008000ef0       0x70 ./Application/User/App/OV9712/OV9712.o
                0x0000000008000ef0                OV9712_Init
 .text.OV9712_Write
                0x0000000008000f60       0x40 ./Application/User/App/OV9712/OV9712.o
                0x0000000008000f60                OV9712_Write
 .text.OV9712_Enable
                0x0000000008000fa0       0x5c ./Application/User/App/OV9712/OV9712.o
                0x0000000008000fa0                OV9712_Enable
 .text.OV9712_Disable
                0x0000000008000ffc       0x5c ./Application/User/App/OV9712/OV9712.o
                0x0000000008000ffc                OV9712_Disable
 .text.HAL_UART_TxCpltCallback
                0x0000000008001058       0x20 ./Application/User/App/master.o
                0x0000000008001058                HAL_UART_TxCpltCallback
 .text.CaptureFrame
                0x0000000008001078       0xe4 ./Application/User/App/master.o
                0x0000000008001078                CaptureFrame
 .text.InitializePlatform
                0x000000000800115c       0x4c ./Application/User/App/master.o
                0x000000000800115c                InitializePlatform
 .text.ConnectToHost
                0x00000000080011a8        0xe ./Application/User/App/master.o
                0x00000000080011a8                ConnectToHost
 *fill*         0x00000000080011b6        0x2 
 .text.ConfigureApplication
                0x00000000080011b8       0x48 ./Application/User/App/master.o
                0x00000000080011b8                ConfigureApplication
 .text.ExitInitialization
                0x0000000008001200       0x38 ./Application/User/App/master.o
                0x0000000008001200                ExitInitialization
 .text.ApplicationCore
                0x0000000008001238        0xc ./Application/User/App/master.o
                0x0000000008001238                ApplicationCore
 .text.SystemError
                0x0000000008001244       0x64 ./Application/User/App/master.o
                0x0000000008001244                SystemError
 .text.Master_Connect
                0x00000000080012a8       0x40 ./Application/User/App/master.o
                0x00000000080012a8                Master_Connect
 .text.Master_Init
                0x00000000080012e8       0x48 ./Application/User/App/master.o
                0x00000000080012e8                Master_Init
 .text.Master_Run
                0x0000000008001330       0x20 ./Application/User/App/master.o
                0x0000000008001330                Master_Run
 .text.__NVIC_SystemReset
                0x0000000008001350       0x2c ./Application/User/App/platform_interface/stm32_interface.o
 .text.HAL_GPIO_EXTI_Callback
                0x000000000800137c       0x58 ./Application/User/App/platform_interface/stm32_interface.o
                0x000000000800137c                HAL_GPIO_EXTI_Callback
 .text.STM_InterruptEnable
                0x00000000080013d4       0x14 ./Application/User/App/platform_interface/stm32_interface.o
                0x00000000080013d4                STM_InterruptEnable
 .text.STM_InterruptDisable
                0x00000000080013e8       0x14 ./Application/User/App/platform_interface/stm32_interface.o
                0x00000000080013e8                STM_InterruptDisable
 .text.STM_PauseDMA
                0x00000000080013fc       0x40 ./Application/User/App/platform_interface/stm32_interface.o
                0x00000000080013fc                STM_PauseDMA
 .text.STM_ResumeDMA
                0x000000000800143c       0x3c ./Application/User/App/platform_interface/stm32_interface.o
                0x000000000800143c                STM_ResumeDMA
 .text.STM_ResetDMA
                0x0000000008001478       0x38 ./Application/User/App/platform_interface/stm32_interface.o
                0x0000000008001478                STM_ResetDMA
 .text.STM_InitDMA
                0x00000000080014b0       0x60 ./Application/User/App/platform_interface/stm32_interface.o
                0x00000000080014b0                STM_InitDMA
 .text.STM_GetDMAFillAddress
                0x0000000008001510       0x38 ./Application/User/App/platform_interface/stm32_interface.o
                0x0000000008001510                STM_GetDMAFillAddress
 .text.STM_UartTxDMA
                0x0000000008001548       0x34 ./Application/User/App/platform_interface/stm32_interface.o
                0x0000000008001548                STM_UartTxDMA
 .text.STM_UartRxDMA
                0x000000000800157c       0x18 ./Application/User/App/platform_interface/stm32_interface.o
                0x000000000800157c                STM_UartRxDMA
 .text.STM_I2CMasterTx
                0x0000000008001594       0x2e ./Application/User/App/platform_interface/stm32_interface.o
                0x0000000008001594                STM_I2CMasterTx
 .text.STM_SetPortMode
                0x00000000080015c2       0x3c ./Application/User/App/platform_interface/stm32_interface.o
                0x00000000080015c2                STM_SetPortMode
 .text.STM_ReadPort
                0x00000000080015fe       0x1a ./Application/User/App/platform_interface/stm32_interface.o
                0x00000000080015fe                STM_ReadPort
 .text.STM_WritePin
                0x0000000008001618       0x24 ./Application/User/App/platform_interface/stm32_interface.o
                0x0000000008001618                STM_WritePin
 .text.STM_TogglePin
                0x000000000800163c       0x1e ./Application/User/App/platform_interface/stm32_interface.o
                0x000000000800163c                STM_TogglePin
 .text.STM_Timestamp
                0x000000000800165a        0xe ./Application/User/App/platform_interface/stm32_interface.o
                0x000000000800165a                STM_Timestamp
 .text.STM_Wait
                0x0000000008001668       0x16 ./Application/User/App/platform_interface/stm32_interface.o
                0x0000000008001668                STM_Wait
 .text.STM_SysClockFreq
                0x000000000800167e        0xe ./Application/User/App/platform_interface/stm32_interface.o
                0x000000000800167e                STM_SysClockFreq
 .text.STM_Reset
                0x000000000800168c        0x8 ./Application/User/App/platform_interface/stm32_interface.o
                0x000000000800168c                STM_Reset
 .text._write   0x0000000008001694       0x38 ./Application/User/Core/main.o
                0x0000000008001694                _write
 .text.main     0x00000000080016cc       0x48 ./Application/User/Core/main.o
                0x00000000080016cc                main
 .text.SystemClock_Config
                0x0000000008001714       0xe0 ./Application/User/Core/main.o
                0x0000000008001714                SystemClock_Config
 .text.MX_I2C1_Init
                0x00000000080017f4       0x80 ./Application/User/Core/main.o
 .text.MX_TIM16_Init
                0x0000000008001874       0x94 ./Application/User/Core/main.o
 .text.MX_USART1_UART_Init
                0x0000000008001908       0x9c ./Application/User/Core/main.o
 .text.MX_DMA_Init
                0x00000000080019a4       0x7c ./Application/User/Core/main.o
 .text.MX_GPIO_Init
                0x0000000008001a20      0x168 ./Application/User/Core/main.o
 .text.Error_Handler
                0x0000000008001b88        0xa ./Application/User/Core/main.o
                0x0000000008001b88                Error_Handler
 *fill*         0x0000000008001b92        0x2 
 .text.HAL_MspInit
                0x0000000008001b94       0x4c ./Application/User/Core/stm32g4xx_hal_msp.o
                0x0000000008001b94                HAL_MspInit
 .text.HAL_I2C_MspInit
                0x0000000008001be0       0x88 ./Application/User/Core/stm32g4xx_hal_msp.o
                0x0000000008001be0                HAL_I2C_MspInit
 .text.HAL_TIM_Base_MspInit
                0x0000000008001c68       0xe4 ./Application/User/Core/stm32g4xx_hal_msp.o
                0x0000000008001c68                HAL_TIM_Base_MspInit
 .text.HAL_UART_MspInit
                0x0000000008001d4c      0x118 ./Application/User/Core/stm32g4xx_hal_msp.o
                0x0000000008001d4c                HAL_UART_MspInit
 .text.NMI_Handler
                0x0000000008001e64        0x6 ./Application/User/Core/stm32g4xx_it.o
                0x0000000008001e64                NMI_Handler
 .text.HardFault_Handler
                0x0000000008001e6a        0x6 ./Application/User/Core/stm32g4xx_it.o
                0x0000000008001e6a                HardFault_Handler
 .text.MemManage_Handler
                0x0000000008001e70        0x6 ./Application/User/Core/stm32g4xx_it.o
                0x0000000008001e70                MemManage_Handler
 .text.BusFault_Handler
                0x0000000008001e76        0x6 ./Application/User/Core/stm32g4xx_it.o
                0x0000000008001e76                BusFault_Handler
 .text.UsageFault_Handler
                0x0000000008001e7c        0x6 ./Application/User/Core/stm32g4xx_it.o
                0x0000000008001e7c                UsageFault_Handler
 .text.SVC_Handler
                0x0000000008001e82        0xe ./Application/User/Core/stm32g4xx_it.o
                0x0000000008001e82                SVC_Handler
 .text.DebugMon_Handler
                0x0000000008001e90        0xe ./Application/User/Core/stm32g4xx_it.o
                0x0000000008001e90                DebugMon_Handler
 .text.PendSV_Handler
                0x0000000008001e9e        0xe ./Application/User/Core/stm32g4xx_it.o
                0x0000000008001e9e                PendSV_Handler
 .text.SysTick_Handler
                0x0000000008001eac        0xc ./Application/User/Core/stm32g4xx_it.o
                0x0000000008001eac                SysTick_Handler
 .text.EXTI0_IRQHandler
                0x0000000008001eb8        0xe ./Application/User/Core/stm32g4xx_it.o
                0x0000000008001eb8                EXTI0_IRQHandler
 .text.EXTI3_IRQHandler
                0x0000000008001ec6        0xe ./Application/User/Core/stm32g4xx_it.o
                0x0000000008001ec6                EXTI3_IRQHandler
 .text.DMA1_Channel1_IRQHandler
                0x0000000008001ed4       0x14 ./Application/User/Core/stm32g4xx_it.o
                0x0000000008001ed4                DMA1_Channel1_IRQHandler
 .text.USART1_IRQHandler
                0x0000000008001ee8       0x14 ./Application/User/Core/stm32g4xx_it.o
                0x0000000008001ee8                USART1_IRQHandler
 .text.DMA2_Channel2_IRQHandler
                0x0000000008001efc       0x14 ./Application/User/Core/stm32g4xx_it.o
                0x0000000008001efc                DMA2_Channel2_IRQHandler
 .text._getpid  0x0000000008001f10       0x10 ./Application/User/Core/syscalls.o
                0x0000000008001f10                _getpid
 .text._kill    0x0000000008001f20       0x20 ./Application/User/Core/syscalls.o
                0x0000000008001f20                _kill
 .text._exit    0x0000000008001f40       0x14 ./Application/User/Core/syscalls.o
                0x0000000008001f40                _exit
 .text._read    0x0000000008001f54       0x3a ./Application/User/Core/syscalls.o
                0x0000000008001f54                _read
 .text._close   0x0000000008001f8e       0x18 ./Application/User/Core/syscalls.o
                0x0000000008001f8e                _close
 .text._fstat   0x0000000008001fa6       0x20 ./Application/User/Core/syscalls.o
                0x0000000008001fa6                _fstat
 .text._isatty  0x0000000008001fc6       0x16 ./Application/User/Core/syscalls.o
                0x0000000008001fc6                _isatty
 .text._lseek   0x0000000008001fdc       0x1a ./Application/User/Core/syscalls.o
                0x0000000008001fdc                _lseek
 *fill*         0x0000000008001ff6        0x2 
 .text._sbrk    0x0000000008001ff8       0x6c ./Application/User/Core/sysmem.o
                0x0000000008001ff8                _sbrk
 .text.Reset_Handler
                0x0000000008002064       0x50 ./Application/User/Startup/startup_stm32g431kbux.o
                0x0000000008002064                Reset_Handler
 .text.Default_Handler
                0x00000000080020b4        0x2 ./Application/User/Startup/startup_stm32g431kbux.o
                0x00000000080020b4                RTC_Alarm_IRQHandler
                0x00000000080020b4                EXTI2_IRQHandler
                0x00000000080020b4                TIM8_TRG_COM_IRQHandler
                0x00000000080020b4                TIM8_CC_IRQHandler
                0x00000000080020b4                TIM1_CC_IRQHandler
                0x00000000080020b4                USB_HP_IRQHandler
                0x00000000080020b4                CORDIC_IRQHandler
                0x00000000080020b4                I2C3_ER_IRQHandler
                0x00000000080020b4                I2C2_EV_IRQHandler
                0x00000000080020b4                FPU_IRQHandler
                0x00000000080020b4                FDCAN1_IT1_IRQHandler
                0x00000000080020b4                TIM1_UP_TIM16_IRQHandler
                0x00000000080020b4                ADC1_2_IRQHandler
                0x00000000080020b4                SPI1_IRQHandler
                0x00000000080020b4                TIM6_DAC_IRQHandler
                0x00000000080020b4                TIM8_UP_IRQHandler
                0x00000000080020b4                DMA1_Channel4_IRQHandler
                0x00000000080020b4                USART3_IRQHandler
                0x00000000080020b4                TIM4_IRQHandler
                0x00000000080020b4                DMA2_Channel1_IRQHandler
                0x00000000080020b4                I2C1_EV_IRQHandler
                0x00000000080020b4                DMA1_Channel6_IRQHandler
                0x00000000080020b4                UART4_IRQHandler
                0x00000000080020b4                DMA2_Channel4_IRQHandler
                0x00000000080020b4                TIM3_IRQHandler
                0x00000000080020b4                RCC_IRQHandler
                0x00000000080020b4                Default_Handler
                0x00000000080020b4                RTC_TAMP_LSECSS_IRQHandler
                0x00000000080020b4                FMAC_IRQHandler
                0x00000000080020b4                EXTI15_10_IRQHandler
                0x00000000080020b4                TIM7_IRQHandler
                0x00000000080020b4                UCPD1_IRQHandler
                0x00000000080020b4                I2C3_EV_IRQHandler
                0x00000000080020b4                EXTI9_5_IRQHandler
                0x00000000080020b4                RTC_WKUP_IRQHandler
                0x00000000080020b4                PVD_PVM_IRQHandler
                0x00000000080020b4                SPI2_IRQHandler
                0x00000000080020b4                DMA2_Channel5_IRQHandler
                0x00000000080020b4                CRS_IRQHandler
                0x00000000080020b4                DMA1_Channel5_IRQHandler
                0x00000000080020b4                USB_LP_IRQHandler
                0x00000000080020b4                EXTI4_IRQHandler
                0x00000000080020b4                RNG_IRQHandler
                0x00000000080020b4                TIM1_TRG_COM_TIM17_IRQHandler
                0x00000000080020b4                DMA1_Channel3_IRQHandler
                0x00000000080020b4                WWDG_IRQHandler
                0x00000000080020b4                LPUART1_IRQHandler
                0x00000000080020b4                DMA2_Channel6_IRQHandler
                0x00000000080020b4                FDCAN1_IT0_IRQHandler
                0x00000000080020b4                TIM2_IRQHandler
                0x00000000080020b4                COMP1_2_3_IRQHandler
                0x00000000080020b4                EXTI1_IRQHandler
                0x00000000080020b4                USART2_IRQHandler
                0x00000000080020b4                I2C2_ER_IRQHandler
                0x00000000080020b4                DMA1_Channel2_IRQHandler
                0x00000000080020b4                TIM8_BRK_IRQHandler
                0x00000000080020b4                FLASH_IRQHandler
                0x00000000080020b4                SPI3_IRQHandler
                0x00000000080020b4                I2C1_ER_IRQHandler
                0x00000000080020b4                LPTIM1_IRQHandler
                0x00000000080020b4                DMAMUX_OVR_IRQHandler
                0x00000000080020b4                USBWakeUp_IRQHandler
                0x00000000080020b4                SAI1_IRQHandler
                0x00000000080020b4                DMA2_Channel3_IRQHandler
                0x00000000080020b4                COMP4_IRQHandler
                0x00000000080020b4                TIM1_BRK_TIM15_IRQHandler
 .text.InitPlatform
                0x00000000080020b6       0x26 ./Application/User/UniSM/platform.o
                0x00000000080020b6                InitPlatform
 .text.WritePin
                0x00000000080020dc       0x24 ./Application/User/UniSM/platform.o
                0x00000000080020dc                WritePin
 .text.TogglePin
                0x0000000008002100       0x20 ./Application/User/UniSM/platform.o
                0x0000000008002100                TogglePin
 .text.SetPortMode
                0x0000000008002120       0x26 ./Application/User/UniSM/platform.o
                0x0000000008002120                SetPortMode
 *fill*         0x0000000008002146        0x2 
 .text.PerformHostCommand
                0x0000000008002148       0x94 ./Application/User/UniSM/platform.o
                0x0000000008002148                PerformHostCommand
 .text.TransmitToHost
                0x00000000080021dc       0x2c ./Application/User/UniSM/platform.o
                0x00000000080021dc                TransmitToHost
 .text.ReceiveFromHost
                0x0000000008002208       0x28 ./Application/User/UniSM/platform.o
                0x0000000008002208                ReceiveFromHost
 .text.InitSystem
                0x0000000008002230       0x2c ./Application/User/UniSM/system.o
                0x0000000008002230                InitSystem
 .text.NextStateSystem
                0x000000000800225c       0x2c ./Application/User/UniSM/system.o
                0x000000000800225c                NextStateSystem
 .text.GetStateSystem
                0x0000000008002288       0x24 ./Application/User/UniSM/system.o
                0x0000000008002288                GetStateSystem
 .text.SetStateSystem
                0x00000000080022ac       0x54 ./Application/User/UniSM/system.o
                0x00000000080022ac                SetStateSystem
 .text.PerformStateSystem
                0x0000000008002300       0x2c ./Application/User/UniSM/system.o
                0x0000000008002300                PerformStateSystem
 .text.EnterStateSystem
                0x000000000800232c       0x2c ./Application/User/UniSM/system.o
                0x000000000800232c                EnterStateSystem
 .text.IsInStateSystem
                0x0000000008002358       0x30 ./Application/User/UniSM/system.o
                0x0000000008002358                IsInStateSystem
 .text.GetStateFromListSystem
                0x0000000008002388       0x46 ./Application/User/UniSM/system.o
                0x0000000008002388                GetStateFromListSystem
 *fill*         0x00000000080023ce        0x2 
 .text.SystemInit
                0x00000000080023d0       0x24 ./Drivers/CMSIS/system_stm32g4xx.o
                0x00000000080023d0                SystemInit
 .text.HAL_Init
                0x00000000080023f4       0x30 ./Drivers/STM32G4xx_HAL_Driver/stm32g4xx_hal.o
                0x00000000080023f4                HAL_Init
 .text.HAL_InitTick
                0x0000000008002424       0x74 ./Drivers/STM32G4xx_HAL_Driver/stm32g4xx_hal.o
                0x0000000008002424                HAL_InitTick
 .text.HAL_IncTick
                0x0000000008002498       0x24 ./Drivers/STM32G4xx_HAL_Driver/stm32g4xx_hal.o
                0x0000000008002498                HAL_IncTick
 .text.HAL_GetTick
                0x00000000080024bc       0x18 ./Drivers/STM32G4xx_HAL_Driver/stm32g4xx_hal.o
                0x00000000080024bc                HAL_GetTick
 .text.HAL_Delay
                0x00000000080024d4       0x44 ./Drivers/STM32G4xx_HAL_Driver/stm32g4xx_hal.o
                0x00000000080024d4                HAL_Delay
 .text.__NVIC_SetPriorityGrouping
                0x0000000008002518       0x48 ./Drivers/STM32G4xx_HAL_Driver/stm32g4xx_hal_cortex.o
 .text.__NVIC_GetPriorityGrouping
                0x0000000008002560       0x1c ./Drivers/STM32G4xx_HAL_Driver/stm32g4xx_hal_cortex.o
 .text.__NVIC_EnableIRQ
                0x000000000800257c       0x3c ./Drivers/STM32G4xx_HAL_Driver/stm32g4xx_hal_cortex.o
 .text.__NVIC_DisableIRQ
                0x00000000080025b8       0x48 ./Drivers/STM32G4xx_HAL_Driver/stm32g4xx_hal_cortex.o
 .text.__NVIC_SetPriority
                0x0000000008002600       0x54 ./Drivers/STM32G4xx_HAL_Driver/stm32g4xx_hal_cortex.o
 .text.NVIC_EncodePriority
                0x0000000008002654       0x66 ./Drivers/STM32G4xx_HAL_Driver/stm32g4xx_hal_cortex.o
 *fill*         0x00000000080026ba        0x2 
 .text.SysTick_Config
                0x00000000080026bc       0x44 ./Drivers/STM32G4xx_HAL_Driver/stm32g4xx_hal_cortex.o
 .text.HAL_NVIC_SetPriorityGrouping
                0x0000000008002700       0x16 ./Drivers/STM32G4xx_HAL_Driver/stm32g4xx_hal_cortex.o
                0x0000000008002700                HAL_NVIC_SetPriorityGrouping
 .text.HAL_NVIC_SetPriority
                0x0000000008002716       0x34 ./Drivers/STM32G4xx_HAL_Driver/stm32g4xx_hal_cortex.o
                0x0000000008002716                HAL_NVIC_SetPriority
 .text.HAL_NVIC_EnableIRQ
                0x000000000800274a       0x1c ./Drivers/STM32G4xx_HAL_Driver/stm32g4xx_hal_cortex.o
                0x000000000800274a                HAL_NVIC_EnableIRQ
 .text.HAL_NVIC_DisableIRQ
                0x0000000008002766       0x1c ./Drivers/STM32G4xx_HAL_Driver/stm32g4xx_hal_cortex.o
                0x0000000008002766                HAL_NVIC_DisableIRQ
 .text.HAL_SYSTICK_Config
                0x0000000008002782       0x18 ./Drivers/STM32G4xx_HAL_Driver/stm32g4xx_hal_cortex.o
                0x0000000008002782                HAL_SYSTICK_Config
 *fill*         0x000000000800279a        0x2 
 .text.HAL_DMA_Init
                0x000000000800279c      0x150 ./Drivers/STM32G4xx_HAL_Driver/stm32g4xx_hal_dma.o
                0x000000000800279c                HAL_DMA_Init
 .text.HAL_DMA_Start_IT
                0x00000000080028ec       0xf6 ./Drivers/STM32G4xx_HAL_Driver/stm32g4xx_hal_dma.o
                0x00000000080028ec                HAL_DMA_Start_IT
 .text.HAL_DMA_Abort
                0x00000000080029e2       0xb2 ./Drivers/STM32G4xx_HAL_Driver/stm32g4xx_hal_dma.o
                0x00000000080029e2                HAL_DMA_Abort
 .text.HAL_DMA_Abort_IT
                0x0000000008002a94       0xce ./Drivers/STM32G4xx_HAL_Driver/stm32g4xx_hal_dma.o
                0x0000000008002a94                HAL_DMA_Abort_IT
 .text.HAL_DMA_IRQHandler
                0x0000000008002b62      0x15e ./Drivers/STM32G4xx_HAL_Driver/stm32g4xx_hal_dma.o
                0x0000000008002b62                HAL_DMA_IRQHandler
 .text.DMA_SetConfig
                0x0000000008002cc0       0x7c ./Drivers/STM32G4xx_HAL_Driver/stm32g4xx_hal_dma.o
 .text.DMA_CalcDMAMUXChannelBaseAndMask
                0x0000000008002d3c       0x7c ./Drivers/STM32G4xx_HAL_Driver/stm32g4xx_hal_dma.o
 .text.DMA_CalcDMAMUXRequestGenBaseAndMask
                0x0000000008002db8       0x48 ./Drivers/STM32G4xx_HAL_Driver/stm32g4xx_hal_dma.o
 .text.HAL_GPIO_Init
                0x0000000008002e00      0x304 ./Drivers/STM32G4xx_HAL_Driver/stm32g4xx_hal_gpio.o
                0x0000000008002e00                HAL_GPIO_Init
 .text.HAL_GPIO_WritePin
                0x0000000008003104       0x30 ./Drivers/STM32G4xx_HAL_Driver/stm32g4xx_hal_gpio.o
                0x0000000008003104                HAL_GPIO_WritePin
 .text.HAL_GPIO_TogglePin
                0x0000000008003134       0x34 ./Drivers/STM32G4xx_HAL_Driver/stm32g4xx_hal_gpio.o
                0x0000000008003134                HAL_GPIO_TogglePin
 .text.HAL_GPIO_EXTI_IRQHandler
                0x0000000008003168       0x30 ./Drivers/STM32G4xx_HAL_Driver/stm32g4xx_hal_gpio.o
                0x0000000008003168                HAL_GPIO_EXTI_IRQHandler
 .text.HAL_I2C_Init
                0x0000000008003198      0x11e ./Drivers/STM32G4xx_HAL_Driver/stm32g4xx_hal_i2c.o
                0x0000000008003198                HAL_I2C_Init
 *fill*         0x00000000080032b6        0x2 
 .text.HAL_I2C_Master_Transmit
                0x00000000080032b8      0x1e8 ./Drivers/STM32G4xx_HAL_Driver/stm32g4xx_hal_i2c.o
                0x00000000080032b8                HAL_I2C_Master_Transmit
 .text.I2C_Flush_TXDR
                0x00000000080034a0       0x48 ./Drivers/STM32G4xx_HAL_Driver/stm32g4xx_hal_i2c.o
 .text.I2C_WaitOnFlagUntilTimeout
                0x00000000080034e8       0x80 ./Drivers/STM32G4xx_HAL_Driver/stm32g4xx_hal_i2c.o
 .text.I2C_WaitOnTXISFlagUntilTimeout
                0x0000000008003568       0x80 ./Drivers/STM32G4xx_HAL_Driver/stm32g4xx_hal_i2c.o
 .text.I2C_WaitOnSTOPFlagUntilTimeout
                0x00000000080035e8       0x78 ./Drivers/STM32G4xx_HAL_Driver/stm32g4xx_hal_i2c.o
 .text.I2C_IsAcknowledgeFailed
                0x0000000008003660       0xcc ./Drivers/STM32G4xx_HAL_Driver/stm32g4xx_hal_i2c.o
 .text.I2C_TransferConfig
                0x000000000800372c       0x5c ./Drivers/STM32G4xx_HAL_Driver/stm32g4xx_hal_i2c.o
 .text.HAL_I2CEx_ConfigAnalogFilter
                0x0000000008003788       0x96 ./Drivers/STM32G4xx_HAL_Driver/stm32g4xx_hal_i2c_ex.o
                0x0000000008003788                HAL_I2CEx_ConfigAnalogFilter
 .text.HAL_I2CEx_ConfigDigitalFilter
                0x000000000800381e       0x98 ./Drivers/STM32G4xx_HAL_Driver/stm32g4xx_hal_i2c_ex.o
                0x000000000800381e                HAL_I2CEx_ConfigDigitalFilter
 *fill*         0x00000000080038b6        0x2 
 .text.HAL_PWREx_ControlVoltageScaling
                0x00000000080038b8      0x148 ./Drivers/STM32G4xx_HAL_Driver/stm32g4xx_hal_pwr_ex.o
                0x00000000080038b8                HAL_PWREx_ControlVoltageScaling
 .text.HAL_PWREx_DisableUCPDDeadBattery
                0x0000000008003a00       0x20 ./Drivers/STM32G4xx_HAL_Driver/stm32g4xx_hal_pwr_ex.o
                0x0000000008003a00                HAL_PWREx_DisableUCPDDeadBattery
 .text.HAL_RCC_OscConfig
                0x0000000008003a20      0x630 ./Drivers/STM32G4xx_HAL_Driver/stm32g4xx_hal_rcc.o
                0x0000000008003a20                HAL_RCC_OscConfig
 .text.HAL_RCC_ClockConfig
                0x0000000008004050      0x278 ./Drivers/STM32G4xx_HAL_Driver/stm32g4xx_hal_rcc.o
                0x0000000008004050                HAL_RCC_ClockConfig
 .text.HAL_RCC_MCOConfig
                0x00000000080042c8       0x68 ./Drivers/STM32G4xx_HAL_Driver/stm32g4xx_hal_rcc.o
                0x00000000080042c8                HAL_RCC_MCOConfig
 .text.HAL_RCC_GetSysClockFreq
                0x0000000008004330       0xc4 ./Drivers/STM32G4xx_HAL_Driver/stm32g4xx_hal_rcc.o
                0x0000000008004330                HAL_RCC_GetSysClockFreq
 .text.HAL_RCC_GetHCLKFreq
                0x00000000080043f4       0x18 ./Drivers/STM32G4xx_HAL_Driver/stm32g4xx_hal_rcc.o
                0x00000000080043f4                HAL_RCC_GetHCLKFreq
 .text.HAL_RCC_GetPCLK1Freq
                0x000000000800440c       0x2c ./Drivers/STM32G4xx_HAL_Driver/stm32g4xx_hal_rcc.o
                0x000000000800440c                HAL_RCC_GetPCLK1Freq
 .text.HAL_RCC_GetPCLK2Freq
                0x0000000008004438       0x2c ./Drivers/STM32G4xx_HAL_Driver/stm32g4xx_hal_rcc.o
                0x0000000008004438                HAL_RCC_GetPCLK2Freq
 .text.RCC_GetSysClockFreqFromPLLSource
                0x0000000008004464       0x8c ./Drivers/STM32G4xx_HAL_Driver/stm32g4xx_hal_rcc.o
 .text.HAL_RCCEx_PeriphCLKConfig
                0x00000000080044f0      0x3e0 ./Drivers/STM32G4xx_HAL_Driver/stm32g4xx_hal_rcc_ex.o
                0x00000000080044f0                HAL_RCCEx_PeriphCLKConfig
 .text.HAL_TIM_Base_Init
                0x00000000080048d0       0xae ./Drivers/STM32G4xx_HAL_Driver/stm32g4xx_hal_tim.o
                0x00000000080048d0                HAL_TIM_Base_Init
 .text.HAL_TIM_IC_Init
                0x000000000800497e       0xae ./Drivers/STM32G4xx_HAL_Driver/stm32g4xx_hal_tim.o
                0x000000000800497e                HAL_TIM_IC_Init
 .text.HAL_TIM_IC_MspInit
                0x0000000008004a2c       0x14 ./Drivers/STM32G4xx_HAL_Driver/stm32g4xx_hal_tim.o
                0x0000000008004a2c                HAL_TIM_IC_MspInit
 .text.HAL_TIM_IC_ConfigChannel
                0x0000000008004a40      0x128 ./Drivers/STM32G4xx_HAL_Driver/stm32g4xx_hal_tim.o
                0x0000000008004a40                HAL_TIM_IC_ConfigChannel
 .text.TIM_Base_SetConfig
                0x0000000008004b68      0x120 ./Drivers/STM32G4xx_HAL_Driver/stm32g4xx_hal_tim.o
                0x0000000008004b68                TIM_Base_SetConfig
 .text.TIM_TI1_SetConfig
                0x0000000008004c88       0xd0 ./Drivers/STM32G4xx_HAL_Driver/stm32g4xx_hal_tim.o
                0x0000000008004c88                TIM_TI1_SetConfig
 .text.TIM_TI2_SetConfig
                0x0000000008004d58       0x7a ./Drivers/STM32G4xx_HAL_Driver/stm32g4xx_hal_tim.o
 .text.TIM_TI3_SetConfig
                0x0000000008004dd2       0x78 ./Drivers/STM32G4xx_HAL_Driver/stm32g4xx_hal_tim.o
 .text.TIM_TI4_SetConfig
                0x0000000008004e4a       0x7a ./Drivers/STM32G4xx_HAL_Driver/stm32g4xx_hal_tim.o
 .text.TIM_CCxChannelCmd
                0x0000000008004ec4       0x4a ./Drivers/STM32G4xx_HAL_Driver/stm32g4xx_hal_tim.o
                0x0000000008004ec4                TIM_CCxChannelCmd
 .text.HAL_HalfDuplex_Init
                0x0000000008004f0e       0xb0 ./Drivers/STM32G4xx_HAL_Driver/stm32g4xx_hal_uart.o
                0x0000000008004f0e                HAL_HalfDuplex_Init
 *fill*         0x0000000008004fbe        0x2 
 .text.HAL_UART_Transmit_DMA
                0x0000000008004fc0      0x100 ./Drivers/STM32G4xx_HAL_Driver/stm32g4xx_hal_uart.o
                0x0000000008004fc0                HAL_UART_Transmit_DMA
 .text.HAL_UART_IRQHandler
                0x00000000080050c0      0x468 ./Drivers/STM32G4xx_HAL_Driver/stm32g4xx_hal_uart.o
                0x00000000080050c0                HAL_UART_IRQHandler
 .text.HAL_UART_TxHalfCpltCallback
                0x0000000008005528       0x14 ./Drivers/STM32G4xx_HAL_Driver/stm32g4xx_hal_uart.o
                0x0000000008005528                HAL_UART_TxHalfCpltCallback
 .text.HAL_UART_ErrorCallback
                0x000000000800553c       0x14 ./Drivers/STM32G4xx_HAL_Driver/stm32g4xx_hal_uart.o
                0x000000000800553c                HAL_UART_ErrorCallback
 .text.HAL_UARTEx_RxEventCallback
                0x0000000008005550       0x18 ./Drivers/STM32G4xx_HAL_Driver/stm32g4xx_hal_uart.o
                0x0000000008005550                HAL_UARTEx_RxEventCallback
 .text.UART_SetConfig
                0x0000000008005568      0x53c ./Drivers/STM32G4xx_HAL_Driver/stm32g4xx_hal_uart.o
                0x0000000008005568                UART_SetConfig
 .text.UART_AdvFeatureConfig
                0x0000000008005aa4      0x144 ./Drivers/STM32G4xx_HAL_Driver/stm32g4xx_hal_uart.o
                0x0000000008005aa4                UART_AdvFeatureConfig
 .text.UART_CheckIdleState
                0x0000000008005be8       0x96 ./Drivers/STM32G4xx_HAL_Driver/stm32g4xx_hal_uart.o
                0x0000000008005be8                UART_CheckIdleState
 .text.UART_WaitOnFlagUntilTimeout
                0x0000000008005c7e      0x100 ./Drivers/STM32G4xx_HAL_Driver/stm32g4xx_hal_uart.o
                0x0000000008005c7e                UART_WaitOnFlagUntilTimeout
 .text.UART_EndTxTransfer
                0x0000000008005d7e       0x3c ./Drivers/STM32G4xx_HAL_Driver/stm32g4xx_hal_uart.o
 .text.UART_EndRxTransfer
                0x0000000008005dba       0x64 ./Drivers/STM32G4xx_HAL_Driver/stm32g4xx_hal_uart.o
 .text.UART_DMATransmitCplt
                0x0000000008005e1e       0x54 ./Drivers/STM32G4xx_HAL_Driver/stm32g4xx_hal_uart.o
 .text.UART_DMATxHalfCplt
                0x0000000008005e72       0x1c ./Drivers/STM32G4xx_HAL_Driver/stm32g4xx_hal_uart.o
 .text.UART_DMAError
                0x0000000008005e8e       0x80 ./Drivers/STM32G4xx_HAL_Driver/stm32g4xx_hal_uart.o
 .text.UART_DMAAbortOnError
                0x0000000008005f0e       0x2c ./Drivers/STM32G4xx_HAL_Driver/stm32g4xx_hal_uart.o
 .text.UART_EndTransmit_IT
                0x0000000008005f3a       0x34 ./Drivers/STM32G4xx_HAL_Driver/stm32g4xx_hal_uart.o
 .text.HAL_UARTEx_WakeupCallback
                0x0000000008005f6e       0x14 ./Drivers/STM32G4xx_HAL_Driver/stm32g4xx_hal_uart_ex.o
                0x0000000008005f6e                HAL_UARTEx_WakeupCallback
 .text.HAL_UARTEx_RxFifoFullCallback
                0x0000000008005f82       0x14 ./Drivers/STM32G4xx_HAL_Driver/stm32g4xx_hal_uart_ex.o
                0x0000000008005f82                HAL_UARTEx_RxFifoFullCallback
 .text.HAL_UARTEx_TxFifoEmptyCallback
                0x0000000008005f96       0x14 ./Drivers/STM32G4xx_HAL_Driver/stm32g4xx_hal_uart_ex.o
                0x0000000008005f96                HAL_UARTEx_TxFifoEmptyCallback
 .text.HAL_UARTEx_DisableFifoMode
                0x0000000008005faa       0x72 ./Drivers/STM32G4xx_HAL_Driver/stm32g4xx_hal_uart_ex.o
                0x0000000008005faa                HAL_UARTEx_DisableFifoMode
 .text.HAL_UARTEx_SetTxFifoThreshold
                0x000000000800601c       0x7c ./Drivers/STM32G4xx_HAL_Driver/stm32g4xx_hal_uart_ex.o
                0x000000000800601c                HAL_UARTEx_SetTxFifoThreshold
 .text.HAL_UARTEx_SetRxFifoThreshold
                0x0000000008006098       0x7c ./Drivers/STM32G4xx_HAL_Driver/stm32g4xx_hal_uart_ex.o
                0x0000000008006098                HAL_UARTEx_SetRxFifoThreshold
 .text.UARTEx_SetNbDataToProcess
                0x0000000008006114       0x9c ./Drivers/STM32G4xx_HAL_Driver/stm32g4xx_hal_uart_ex.o
 .text.__errno  0x00000000080061b0        0xc c:/st/stm32cubeide_1.6.1/stm32cubeide/plugins/com.st.stm32cube.ide.mcu.externaltools.gnu-tools-for-stm32.9-2020-q2-update.win32_2.0.0.202105311346/tools/bin/../lib/gcc/arm-none-eabi/9.3.1/../../../../arm-none-eabi/lib/thumb/v7e-m+fp/hard\libc_nano.a(lib_a-errno.o)
                0x00000000080061b0                __errno
 .text.__libc_init_array
                0x00000000080061bc       0x48 c:/st/stm32cubeide_1.6.1/stm32cubeide/plugins/com.st.stm32cube.ide.mcu.externaltools.gnu-tools-for-stm32.9-2020-q2-update.win32_2.0.0.202105311346/tools/bin/../lib/gcc/arm-none-eabi/9.3.1/../../../../arm-none-eabi/lib/thumb/v7e-m+fp/hard\libc_nano.a(lib_a-init.o)
                0x00000000080061bc                __libc_init_array
 .text.malloc   0x0000000008006204       0x10 c:/st/stm32cubeide_1.6.1/stm32cubeide/plugins/com.st.stm32cube.ide.mcu.externaltools.gnu-tools-for-stm32.9-2020-q2-update.win32_2.0.0.202105311346/tools/bin/../lib/gcc/arm-none-eabi/9.3.1/../../../../arm-none-eabi/lib/thumb/v7e-m+fp/hard\libc_nano.a(lib_a-malloc.o)
                0x0000000008006204                malloc
 .text.memcpy   0x0000000008006214       0x1c c:/st/stm32cubeide_1.6.1/stm32cubeide/plugins/com.st.stm32cube.ide.mcu.externaltools.gnu-tools-for-stm32.9-2020-q2-update.win32_2.0.0.202105311346/tools/bin/../lib/gcc/arm-none-eabi/9.3.1/../../../../arm-none-eabi/lib/thumb/v7e-m+fp/hard\libc_nano.a(lib_a-memcpy-stub.o)
                0x0000000008006214                memcpy
 .text.memset   0x0000000008006230       0x10 c:/st/stm32cubeide_1.6.1/stm32cubeide/plugins/com.st.stm32cube.ide.mcu.externaltools.gnu-tools-for-stm32.9-2020-q2-update.win32_2.0.0.202105311346/tools/bin/../lib/gcc/arm-none-eabi/9.3.1/../../../../arm-none-eabi/lib/thumb/v7e-m+fp/hard\libc_nano.a(lib_a-memset.o)
                0x0000000008006230                memset
 .text._free_r  0x0000000008006240       0xa0 c:/st/stm32cubeide_1.6.1/stm32cubeide/plugins/com.st.stm32cube.ide.mcu.externaltools.gnu-tools-for-stm32.9-2020-q2-update.win32_2.0.0.202105311346/tools/bin/../lib/gcc/arm-none-eabi/9.3.1/../../../../arm-none-eabi/lib/thumb/v7e-m+fp/hard\libc_nano.a(lib_a-nano-freer.o)
                0x0000000008006240                _free_r
 .text._malloc_r
                0x00000000080062e0       0xb4 c:/st/stm32cubeide_1.6.1/stm32cubeide/plugins/com.st.stm32cube.ide.mcu.externaltools.gnu-tools-for-stm32.9-2020-q2-update.win32_2.0.0.202105311346/tools/bin/../lib/gcc/arm-none-eabi/9.3.1/../../../../arm-none-eabi/lib/thumb/v7e-m+fp/hard\libc_nano.a(lib_a-nano-mallocr.o)
                0x00000000080062e0                _malloc_r
 .text.__cvt    0x0000000008006394       0xc4 c:/st/stm32cubeide_1.6.1/stm32cubeide/plugins/com.st.stm32cube.ide.mcu.externaltools.gnu-tools-for-stm32.9-2020-q2-update.win32_2.0.0.202105311346/tools/bin/../lib/gcc/arm-none-eabi/9.3.1/../../../../arm-none-eabi/lib/thumb/v7e-m+fp/hard\libc_nano.a(lib_a-nano-vfprintf_float.o)
                0x0000000008006394                __cvt
 .text.__exponent
                0x0000000008006458       0x7c c:/st/stm32cubeide_1.6.1/stm32cubeide/plugins/com.st.stm32cube.ide.mcu.externaltools.gnu-tools-for-stm32.9-2020-q2-update.win32_2.0.0.202105311346/tools/bin/../lib/gcc/arm-none-eabi/9.3.1/../../../../arm-none-eabi/lib/thumb/v7e-m+fp/hard\libc_nano.a(lib_a-nano-vfprintf_float.o)
                0x0000000008006458                __exponent
 .text._printf_float
                0x00000000080064d4      0x46c c:/st/stm32cubeide_1.6.1/stm32cubeide/plugins/com.st.stm32cube.ide.mcu.externaltools.gnu-tools-for-stm32.9-2020-q2-update.win32_2.0.0.202105311346/tools/bin/../lib/gcc/arm-none-eabi/9.3.1/../../../../arm-none-eabi/lib/thumb/v7e-m+fp/hard\libc_nano.a(lib_a-nano-vfprintf_float.o)
                0x00000000080064d4                _printf_float
 .text._printf_common
                0x0000000008006940       0xda c:/st/stm32cubeide_1.6.1/stm32cubeide/plugins/com.st.stm32cube.ide.mcu.externaltools.gnu-tools-for-stm32.9-2020-q2-update.win32_2.0.0.202105311346/tools/bin/../lib/gcc/arm-none-eabi/9.3.1/../../../../arm-none-eabi/lib/thumb/v7e-m+fp/hard\libc_nano.a(lib_a-nano-vfprintf_i.o)
                0x0000000008006940                _printf_common
 *fill*         0x0000000008006a1a        0x2 
 .text._printf_i
                0x0000000008006a1c      0x24c c:/st/stm32cubeide_1.6.1/stm32cubeide/plugins/com.st.stm32cube.ide.mcu.externaltools.gnu-tools-for-stm32.9-2020-q2-update.win32_2.0.0.202105311346/tools/bin/../lib/gcc/arm-none-eabi/9.3.1/../../../../arm-none-eabi/lib/thumb/v7e-m+fp/hard\libc_nano.a(lib_a-nano-vfprintf_i.o)
                0x0000000008006a1c                _printf_i
 .text.printf   0x0000000008006c68       0x30 c:/st/stm32cubeide_1.6.1/stm32cubeide/plugins/com.st.stm32cube.ide.mcu.externaltools.gnu-tools-for-stm32.9-2020-q2-update.win32_2.0.0.202105311346/tools/bin/../lib/gcc/arm-none-eabi/9.3.1/../../../../arm-none-eabi/lib/thumb/v7e-m+fp/hard\libc_nano.a(lib_a-printf.o)
                0x0000000008006c68                iprintf
                0x0000000008006c68                printf
 .text.putchar  0x0000000008006c98       0x2c c:/st/stm32cubeide_1.6.1/stm32cubeide/plugins/com.st.stm32cube.ide.mcu.externaltools.gnu-tools-for-stm32.9-2020-q2-update.win32_2.0.0.202105311346/tools/bin/../lib/gcc/arm-none-eabi/9.3.1/../../../../arm-none-eabi/lib/thumb/v7e-m+fp/hard\libc_nano.a(lib_a-putchar.o)
                0x0000000008006c98                putchar
 .text._puts_r  0x0000000008006cc4       0xdc c:/st/stm32cubeide_1.6.1/stm32cubeide/plugins/com.st.stm32cube.ide.mcu.externaltools.gnu-tools-for-stm32.9-2020-q2-update.win32_2.0.0.202105311346/tools/bin/../lib/gcc/arm-none-eabi/9.3.1/../../../../arm-none-eabi/lib/thumb/v7e-m+fp/hard\libc_nano.a(lib_a-puts.o)
                0x0000000008006cc4                _puts_r
 .text.puts     0x0000000008006da0       0x10 c:/st/stm32cubeide_1.6.1/stm32cubeide/plugins/com.st.stm32cube.ide.mcu.externaltools.gnu-tools-for-stm32.9-2020-q2-update.win32_2.0.0.202105311346/tools/bin/../lib/gcc/arm-none-eabi/9.3.1/../../../../arm-none-eabi/lib/thumb/v7e-m+fp/hard\libc_nano.a(lib_a-puts.o)
                0x0000000008006da0                puts
 .text._sbrk_r  0x0000000008006db0       0x20 c:/st/stm32cubeide_1.6.1/stm32cubeide/plugins/com.st.stm32cube.ide.mcu.externaltools.gnu-tools-for-stm32.9-2020-q2-update.win32_2.0.0.202105311346/tools/bin/../lib/gcc/arm-none-eabi/9.3.1/../../../../arm-none-eabi/lib/thumb/v7e-m+fp/hard\libc_nano.a(lib_a-sbrkr.o)
                0x0000000008006db0                _sbrk_r
 .text.__swbuf_r
                0x0000000008006dd0       0xa4 c:/st/stm32cubeide_1.6.1/stm32cubeide/plugins/com.st.stm32cube.ide.mcu.externaltools.gnu-tools-for-stm32.9-2020-q2-update.win32_2.0.0.202105311346/tools/bin/../lib/gcc/arm-none-eabi/9.3.1/../../../../arm-none-eabi/lib/thumb/v7e-m+fp/hard\libc_nano.a(lib_a-wbuf.o)
                0x0000000008006dd0                __swbuf_r
 .text.__swsetup_r
                0x0000000008006e74       0xdc c:/st/stm32cubeide_1.6.1/stm32cubeide/plugins/com.st.stm32cube.ide.mcu.externaltools.gnu-tools-for-stm32.9-2020-q2-update.win32_2.0.0.202105311346/tools/bin/../lib/gcc/arm-none-eabi/9.3.1/../../../../arm-none-eabi/lib/thumb/v7e-m+fp/hard\libc_nano.a(lib_a-wsetup.o)
                0x0000000008006e74                __swsetup_r
 .text.quorem   0x0000000008006f50      0x116 c:/st/stm32cubeide_1.6.1/stm32cubeide/plugins/com.st.stm32cube.ide.mcu.externaltools.gnu-tools-for-stm32.9-2020-q2-update.win32_2.0.0.202105311346/tools/bin/../lib/gcc/arm-none-eabi/9.3.1/../../../../arm-none-eabi/lib/thumb/v7e-m+fp/hard\libc_nano.a(lib_a-dtoa.o)
 *fill*         0x0000000008007066        0x2 
 .text._dtoa_r  0x0000000008007068      0xbd8 c:/st/stm32cubeide_1.6.1/stm32cubeide/plugins/com.st.stm32cube.ide.mcu.externaltools.gnu-tools-for-stm32.9-2020-q2-update.win32_2.0.0.202105311346/tools/bin/../lib/gcc/arm-none-eabi/9.3.1/../../../../arm-none-eabi/lib/thumb/v7e-m+fp/hard\libc_nano.a(lib_a-dtoa.o)
                0x0000000008007068                _dtoa_r
 .text.__sflush_r
                0x0000000008007c40      0x10c c:/st/stm32cubeide_1.6.1/stm32cubeide/plugins/com.st.stm32cube.ide.mcu.externaltools.gnu-tools-for-stm32.9-2020-q2-update.win32_2.0.0.202105311346/tools/bin/../lib/gcc/arm-none-eabi/9.3.1/../../../../arm-none-eabi/lib/thumb/v7e-m+fp/hard\libc_nano.a(lib_a-fflush.o)
                0x0000000008007c40                __sflush_r
 .text._fflush_r
                0x0000000008007d4c       0x78 c:/st/stm32cubeide_1.6.1/stm32cubeide/plugins/com.st.stm32cube.ide.mcu.externaltools.gnu-tools-for-stm32.9-2020-q2-update.win32_2.0.0.202105311346/tools/bin/../lib/gcc/arm-none-eabi/9.3.1/../../../../arm-none-eabi/lib/thumb/v7e-m+fp/hard\libc_nano.a(lib_a-fflush.o)
                0x0000000008007d4c                _fflush_r
 .text.std      0x0000000008007dc4       0x48 c:/st/stm32cubeide_1.6.1/stm32cubeide/plugins/com.st.stm32cube.ide.mcu.externaltools.gnu-tools-for-stm32.9-2020-q2-update.win32_2.0.0.202105311346/tools/bin/../lib/gcc/arm-none-eabi/9.3.1/../../../../arm-none-eabi/lib/thumb/v7e-m+fp/hard\libc_nano.a(lib_a-findfp.o)
 .text._cleanup_r
                0x0000000008007e0c        0xc c:/st/stm32cubeide_1.6.1/stm32cubeide/plugins/com.st.stm32cube.ide.mcu.externaltools.gnu-tools-for-stm32.9-2020-q2-update.win32_2.0.0.202105311346/tools/bin/../lib/gcc/arm-none-eabi/9.3.1/../../../../arm-none-eabi/lib/thumb/v7e-m+fp/hard\libc_nano.a(lib_a-findfp.o)
                0x0000000008007e0c                _cleanup_r
 .text.__sfmoreglue
                0x0000000008007e18       0x2c c:/st/stm32cubeide_1.6.1/stm32cubeide/plugins/com.st.stm32cube.ide.mcu.externaltools.gnu-tools-for-stm32.9-2020-q2-update.win32_2.0.0.202105311346/tools/bin/../lib/gcc/arm-none-eabi/9.3.1/../../../../arm-none-eabi/lib/thumb/v7e-m+fp/hard\libc_nano.a(lib_a-findfp.o)
                0x0000000008007e18                __sfmoreglue
 .text.__sfp_lock_acquire
                0x0000000008007e44        0xc c:/st/stm32cubeide_1.6.1/stm32cubeide/plugins/com.st.stm32cube.ide.mcu.externaltools.gnu-tools-for-stm32.9-2020-q2-update.win32_2.0.0.202105311346/tools/bin/../lib/gcc/arm-none-eabi/9.3.1/../../../../arm-none-eabi/lib/thumb/v7e-m+fp/hard\libc_nano.a(lib_a-findfp.o)
                0x0000000008007e44                __sfp_lock_acquire
 .text.__sfp_lock_release
                0x0000000008007e50        0xc c:/st/stm32cubeide_1.6.1/stm32cubeide/plugins/com.st.stm32cube.ide.mcu.externaltools.gnu-tools-for-stm32.9-2020-q2-update.win32_2.0.0.202105311346/tools/bin/../lib/gcc/arm-none-eabi/9.3.1/../../../../arm-none-eabi/lib/thumb/v7e-m+fp/hard\libc_nano.a(lib_a-findfp.o)
                0x0000000008007e50                __sfp_lock_release
 .text.__sinit_lock_acquire
                0x0000000008007e5c        0xc c:/st/stm32cubeide_1.6.1/stm32cubeide/plugins/com.st.stm32cube.ide.mcu.externaltools.gnu-tools-for-stm32.9-2020-q2-update.win32_2.0.0.202105311346/tools/bin/../lib/gcc/arm-none-eabi/9.3.1/../../../../arm-none-eabi/lib/thumb/v7e-m+fp/hard\libc_nano.a(lib_a-findfp.o)
                0x0000000008007e5c                __sinit_lock_acquire
 .text.__sinit_lock_release
                0x0000000008007e68        0xc c:/st/stm32cubeide_1.6.1/stm32cubeide/plugins/com.st.stm32cube.ide.mcu.externaltools.gnu-tools-for-stm32.9-2020-q2-update.win32_2.0.0.202105311346/tools/bin/../lib/gcc/arm-none-eabi/9.3.1/../../../../arm-none-eabi/lib/thumb/v7e-m+fp/hard\libc_nano.a(lib_a-findfp.o)
                0x0000000008007e68                __sinit_lock_release
 .text.__sinit  0x0000000008007e74       0x70 c:/st/stm32cubeide_1.6.1/stm32cubeide/plugins/com.st.stm32cube.ide.mcu.externaltools.gnu-tools-for-stm32.9-2020-q2-update.win32_2.0.0.202105311346/tools/bin/../lib/gcc/arm-none-eabi/9.3.1/../../../../arm-none-eabi/lib/thumb/v7e-m+fp/hard\libc_nano.a(lib_a-findfp.o)
                0x0000000008007e74                __sinit
 .text.__sfp    0x0000000008007ee4       0x8c c:/st/stm32cubeide_1.6.1/stm32cubeide/plugins/com.st.stm32cube.ide.mcu.externaltools.gnu-tools-for-stm32.9-2020-q2-update.win32_2.0.0.202105311346/tools/bin/../lib/gcc/arm-none-eabi/9.3.1/../../../../arm-none-eabi/lib/thumb/v7e-m+fp/hard\libc_nano.a(lib_a-findfp.o)
                0x0000000008007ee4                __sfp
 .text._fwalk_reent
                0x0000000008007f70       0x3e c:/st/stm32cubeide_1.6.1/stm32cubeide/plugins/com.st.stm32cube.ide.mcu.externaltools.gnu-tools-for-stm32.9-2020-q2-update.win32_2.0.0.202105311346/tools/bin/../lib/gcc/arm-none-eabi/9.3.1/../../../../arm-none-eabi/lib/thumb/v7e-m+fp/hard\libc_nano.a(lib_a-fwalk.o)
                0x0000000008007f70                _fwalk_reent
 *fill*         0x0000000008007fae        0x2 
 .text._localeconv_r
                0x0000000008007fb0        0x8 c:/st/stm32cubeide_1.6.1/stm32cubeide/plugins/com.st.stm32cube.ide.mcu.externaltools.gnu-tools-for-stm32.9-2020-q2-update.win32_2.0.0.202105311346/tools/bin/../lib/gcc/arm-none-eabi/9.3.1/../../../../arm-none-eabi/lib/thumb/v7e-m+fp/hard\libc_nano.a(lib_a-localeconv.o)
                0x0000000008007fb0                _localeconv_r
 .text.__retarget_lock_init_recursive
                0x0000000008007fb8        0x2 c:/st/stm32cubeide_1.6.1/stm32cubeide/plugins/com.st.stm32cube.ide.mcu.externaltools.gnu-tools-for-stm32.9-2020-q2-update.win32_2.0.0.202105311346/tools/bin/../lib/gcc/arm-none-eabi/9.3.1/../../../../arm-none-eabi/lib/thumb/v7e-m+fp/hard\libc_nano.a(lib_a-lock.o)
                0x0000000008007fb8                __retarget_lock_init_recursive
 .text.__retarget_lock_acquire_recursive
                0x0000000008007fba        0x2 c:/st/stm32cubeide_1.6.1/stm32cubeide/plugins/com.st.stm32cube.ide.mcu.externaltools.gnu-tools-for-stm32.9-2020-q2-update.win32_2.0.0.202105311346/tools/bin/../lib/gcc/arm-none-eabi/9.3.1/../../../../arm-none-eabi/lib/thumb/v7e-m+fp/hard\libc_nano.a(lib_a-lock.o)
                0x0000000008007fba                __retarget_lock_acquire_recursive
 .text.__retarget_lock_release_recursive
                0x0000000008007fbc        0x2 c:/st/stm32cubeide_1.6.1/stm32cubeide/plugins/com.st.stm32cube.ide.mcu.externaltools.gnu-tools-for-stm32.9-2020-q2-update.win32_2.0.0.202105311346/tools/bin/../lib/gcc/arm-none-eabi/9.3.1/../../../../arm-none-eabi/lib/thumb/v7e-m+fp/hard\libc_nano.a(lib_a-lock.o)
                0x0000000008007fbc                __retarget_lock_release_recursive
 .text.__swhatbuf_r
                0x0000000008007fbe       0x48 c:/st/stm32cubeide_1.6.1/stm32cubeide/plugins/com.st.stm32cube.ide.mcu.externaltools.gnu-tools-for-stm32.9-2020-q2-update.win32_2.0.0.202105311346/tools/bin/../lib/gcc/arm-none-eabi/9.3.1/../../../../arm-none-eabi/lib/thumb/v7e-m+fp/hard\libc_nano.a(lib_a-makebuf.o)
                0x0000000008007fbe                __swhatbuf_r
 *fill*         0x0000000008008006        0x2 
 .text.__smakebuf_r
                0x0000000008008008       0x80 c:/st/stm32cubeide_1.6.1/stm32cubeide/plugins/com.st.stm32cube.ide.mcu.externaltools.gnu-tools-for-stm32.9-2020-q2-update.win32_2.0.0.202105311346/tools/bin/../lib/gcc/arm-none-eabi/9.3.1/../../../../arm-none-eabi/lib/thumb/v7e-m+fp/hard\libc_nano.a(lib_a-makebuf.o)
                0x0000000008008008                __smakebuf_r
 .text.__malloc_lock
                0x0000000008008088        0xc c:/st/stm32cubeide_1.6.1/stm32cubeide/plugins/com.st.stm32cube.ide.mcu.externaltools.gnu-tools-for-stm32.9-2020-q2-update.win32_2.0.0.202105311346/tools/bin/../lib/gcc/arm-none-eabi/9.3.1/../../../../arm-none-eabi/lib/thumb/v7e-m+fp/hard\libc_nano.a(lib_a-mlock.o)
                0x0000000008008088                __malloc_lock
 .text.__malloc_unlock
                0x0000000008008094        0xc c:/st/stm32cubeide_1.6.1/stm32cubeide/plugins/com.st.stm32cube.ide.mcu.externaltools.gnu-tools-for-stm32.9-2020-q2-update.win32_2.0.0.202105311346/tools/bin/../lib/gcc/arm-none-eabi/9.3.1/../../../../arm-none-eabi/lib/thumb/v7e-m+fp/hard\libc_nano.a(lib_a-mlock.o)
                0x0000000008008094                __malloc_unlock
 .text._Balloc  0x00000000080080a0       0x80 c:/st/stm32cubeide_1.6.1/stm32cubeide/plugins/com.st.stm32cube.ide.mcu.externaltools.gnu-tools-for-stm32.9-2020-q2-update.win32_2.0.0.202105311346/tools/bin/../lib/gcc/arm-none-eabi/9.3.1/../../../../arm-none-eabi/lib/thumb/v7e-m+fp/hard\libc_nano.a(lib_a-mprec.o)
                0x00000000080080a0                _Balloc
 .text._Bfree   0x0000000008008120       0x44 c:/st/stm32cubeide_1.6.1/stm32cubeide/plugins/com.st.stm32cube.ide.mcu.externaltools.gnu-tools-for-stm32.9-2020-q2-update.win32_2.0.0.202105311346/tools/bin/../lib/gcc/arm-none-eabi/9.3.1/../../../../arm-none-eabi/lib/thumb/v7e-m+fp/hard\libc_nano.a(lib_a-mprec.o)
                0x0000000008008120                _Bfree
 .text.__multadd
                0x0000000008008164       0x94 c:/st/stm32cubeide_1.6.1/stm32cubeide/plugins/com.st.stm32cube.ide.mcu.externaltools.gnu-tools-for-stm32.9-2020-q2-update.win32_2.0.0.202105311346/tools/bin/../lib/gcc/arm-none-eabi/9.3.1/../../../../arm-none-eabi/lib/thumb/v7e-m+fp/hard\libc_nano.a(lib_a-mprec.o)
                0x0000000008008164                __multadd
 .text.__hi0bits
                0x00000000080081f8       0x40 c:/st/stm32cubeide_1.6.1/stm32cubeide/plugins/com.st.stm32cube.ide.mcu.externaltools.gnu-tools-for-stm32.9-2020-q2-update.win32_2.0.0.202105311346/tools/bin/../lib/gcc/arm-none-eabi/9.3.1/../../../../arm-none-eabi/lib/thumb/v7e-m+fp/hard\libc_nano.a(lib_a-mprec.o)
                0x00000000080081f8                __hi0bits
 .text.__lo0bits
                0x0000000008008238       0x60 c:/st/stm32cubeide_1.6.1/stm32cubeide/plugins/com.st.stm32cube.ide.mcu.externaltools.gnu-tools-for-stm32.9-2020-q2-update.win32_2.0.0.202105311346/tools/bin/../lib/gcc/arm-none-eabi/9.3.1/../../../../arm-none-eabi/lib/thumb/v7e-m+fp/hard\libc_nano.a(lib_a-mprec.o)
                0x0000000008008238                __lo0bits
 .text.__i2b    0x0000000008008298       0x2c c:/st/stm32cubeide_1.6.1/stm32cubeide/plugins/com.st.stm32cube.ide.mcu.externaltools.gnu-tools-for-stm32.9-2020-q2-update.win32_2.0.0.202105311346/tools/bin/../lib/gcc/arm-none-eabi/9.3.1/../../../../arm-none-eabi/lib/thumb/v7e-m+fp/hard\libc_nano.a(lib_a-mprec.o)
                0x0000000008008298                __i2b
 .text.__multiply
                0x00000000080082c4      0x14c c:/st/stm32cubeide_1.6.1/stm32cubeide/plugins/com.st.stm32cube.ide.mcu.externaltools.gnu-tools-for-stm32.9-2020-q2-update.win32_2.0.0.202105311346/tools/bin/../lib/gcc/arm-none-eabi/9.3.1/../../../../arm-none-eabi/lib/thumb/v7e-m+fp/hard\libc_nano.a(lib_a-mprec.o)
                0x00000000080082c4                __multiply
 .text.__pow5mult
                0x0000000008008410       0xb4 c:/st/stm32cubeide_1.6.1/stm32cubeide/plugins/com.st.stm32cube.ide.mcu.externaltools.gnu-tools-for-stm32.9-2020-q2-update.win32_2.0.0.202105311346/tools/bin/../lib/gcc/arm-none-eabi/9.3.1/../../../../arm-none-eabi/lib/thumb/v7e-m+fp/hard\libc_nano.a(lib_a-mprec.o)
                0x0000000008008410                __pow5mult
 .text.__lshift
                0x00000000080084c4       0xd8 c:/st/stm32cubeide_1.6.1/stm32cubeide/plugins/com.st.stm32cube.ide.mcu.externaltools.gnu-tools-for-stm32.9-2020-q2-update.win32_2.0.0.202105311346/tools/bin/../lib/gcc/arm-none-eabi/9.3.1/../../../../arm-none-eabi/lib/thumb/v7e-m+fp/hard\libc_nano.a(lib_a-mprec.o)
                0x00000000080084c4                __lshift
 .text.__mcmp   0x000000000800859c       0x38 c:/st/stm32cubeide_1.6.1/stm32cubeide/plugins/com.st.stm32cube.ide.mcu.externaltools.gnu-tools-for-stm32.9-2020-q2-update.win32_2.0.0.202105311346/tools/bin/../lib/gcc/arm-none-eabi/9.3.1/../../../../arm-none-eabi/lib/thumb/v7e-m+fp/hard\libc_nano.a(lib_a-mprec.o)
                0x000000000800859c                __mcmp
 .text.__mdiff  0x00000000080085d4      0x110 c:/st/stm32cubeide_1.6.1/stm32cubeide/plugins/com.st.stm32cube.ide.mcu.externaltools.gnu-tools-for-stm32.9-2020-q2-update.win32_2.0.0.202105311346/tools/bin/../lib/gcc/arm-none-eabi/9.3.1/../../../../arm-none-eabi/lib/thumb/v7e-m+fp/hard\libc_nano.a(lib_a-mprec.o)
                0x00000000080085d4                __mdiff
 .text.__d2b    0x00000000080086e4       0xb8 c:/st/stm32cubeide_1.6.1/stm32cubeide/plugins/com.st.stm32cube.ide.mcu.externaltools.gnu-tools-for-stm32.9-2020-q2-update.win32_2.0.0.202105311346/tools/bin/../lib/gcc/arm-none-eabi/9.3.1/../../../../arm-none-eabi/lib/thumb/v7e-m+fp/hard\libc_nano.a(lib_a-mprec.o)
                0x00000000080086e4                __d2b
 .text._calloc_r
                0x000000000800879c       0x1e c:/st/stm32cubeide_1.6.1/stm32cubeide/plugins/com.st.stm32cube.ide.mcu.externaltools.gnu-tools-for-stm32.9-2020-q2-update.win32_2.0.0.202105311346/tools/bin/../lib/gcc/arm-none-eabi/9.3.1/../../../../arm-none-eabi/lib/thumb/v7e-m+fp/hard\libc_nano.a(lib_a-nano-callocr.o)
                0x000000000800879c                _calloc_r
 .text.__sfputc_r
                0x00000000080087ba       0x2e c:/st/stm32cubeide_1.6.1/stm32cubeide/plugins/com.st.stm32cube.ide.mcu.externaltools.gnu-tools-for-stm32.9-2020-q2-update.win32_2.0.0.202105311346/tools/bin/../lib/gcc/arm-none-eabi/9.3.1/../../../../arm-none-eabi/lib/thumb/v7e-m+fp/hard\libc_nano.a(lib_a-nano-vfprintf.o)
 .text.__sfputs_r
                0x00000000080087e8       0x24 c:/st/stm32cubeide_1.6.1/stm32cubeide/plugins/com.st.stm32cube.ide.mcu.externaltools.gnu-tools-for-stm32.9-2020-q2-update.win32_2.0.0.202105311346/tools/bin/../lib/gcc/arm-none-eabi/9.3.1/../../../../arm-none-eabi/lib/thumb/v7e-m+fp/hard\libc_nano.a(lib_a-nano-vfprintf.o)
                0x00000000080087e8                __sfputs_r
 .text._vfprintf_r
                0x000000000800880c      0x260 c:/st/stm32cubeide_1.6.1/stm32cubeide/plugins/com.st.stm32cube.ide.mcu.externaltools.gnu-tools-for-stm32.9-2020-q2-update.win32_2.0.0.202105311346/tools/bin/../lib/gcc/arm-none-eabi/9.3.1/../../../../arm-none-eabi/lib/thumb/v7e-m+fp/hard\libc_nano.a(lib_a-nano-vfprintf.o)
                0x000000000800880c                _vfprintf_r
                0x000000000800880c                _vfiprintf_r
 .text._putc_r  0x0000000008008a6c       0x90 c:/st/stm32cubeide_1.6.1/stm32cubeide/plugins/com.st.stm32cube.ide.mcu.externaltools.gnu-tools-for-stm32.9-2020-q2-update.win32_2.0.0.202105311346/tools/bin/../lib/gcc/arm-none-eabi/9.3.1/../../../../arm-none-eabi/lib/thumb/v7e-m+fp/hard\libc_nano.a(lib_a-putc.o)
                0x0000000008008a6c                _putc_r
 .text.__sread  0x0000000008008afc       0x22 c:/st/stm32cubeide_1.6.1/stm32cubeide/plugins/com.st.stm32cube.ide.mcu.externaltools.gnu-tools-for-stm32.9-2020-q2-update.win32_2.0.0.202105311346/tools/bin/../lib/gcc/arm-none-eabi/9.3.1/../../../../arm-none-eabi/lib/thumb/v7e-m+fp/hard\libc_nano.a(lib_a-stdio.o)
                0x0000000008008afc                __sread
 .text.__swrite
                0x0000000008008b1e       0x38 c:/st/stm32cubeide_1.6.1/stm32cubeide/plugins/com.st.stm32cube.ide.mcu.externaltools.gnu-tools-for-stm32.9-2020-q2-update.win32_2.0.0.202105311346/tools/bin/../lib/gcc/arm-none-eabi/9.3.1/../../../../arm-none-eabi/lib/thumb/v7e-m+fp/hard\libc_nano.a(lib_a-stdio.o)
                0x0000000008008b1e                __swrite
 .text.__sseek  0x0000000008008b56       0x24 c:/st/stm32cubeide_1.6.1/stm32cubeide/plugins/com.st.stm32cube.ide.mcu.externaltools.gnu-tools-for-stm32.9-2020-q2-update.win32_2.0.0.202105311346/tools/bin/../lib/gcc/arm-none-eabi/9.3.1/../../../../arm-none-eabi/lib/thumb/v7e-m+fp/hard\libc_nano.a(lib_a-stdio.o)
                0x0000000008008b56                __sseek
 .text.__sclose
                0x0000000008008b7a        0x8 c:/st/stm32cubeide_1.6.1/stm32cubeide/plugins/com.st.stm32cube.ide.mcu.externaltools.gnu-tools-for-stm32.9-2020-q2-update.win32_2.0.0.202105311346/tools/bin/../lib/gcc/arm-none-eabi/9.3.1/../../../../arm-none-eabi/lib/thumb/v7e-m+fp/hard\libc_nano.a(lib_a-stdio.o)
                0x0000000008008b7a                __sclose
 *fill*         0x0000000008008b82        0x2 
 .text._write_r
                0x0000000008008b84       0x24 c:/st/stm32cubeide_1.6.1/stm32cubeide/plugins/com.st.stm32cube.ide.mcu.externaltools.gnu-tools-for-stm32.9-2020-q2-update.win32_2.0.0.202105311346/tools/bin/../lib/gcc/arm-none-eabi/9.3.1/../../../../arm-none-eabi/lib/thumb/v7e-m+fp/hard\libc_nano.a(lib_a-writer.o)
                0x0000000008008b84                _write_r
 .text.__assert_func
                0x0000000008008ba8       0x3c c:/st/stm32cubeide_1.6.1/stm32cubeide/plugins/com.st.stm32cube.ide.mcu.externaltools.gnu-tools-for-stm32.9-2020-q2-update.win32_2.0.0.202105311346/tools/bin/../lib/gcc/arm-none-eabi/9.3.1/../../../../arm-none-eabi/lib/thumb/v7e-m+fp/hard\libc_nano.a(lib_a-assert.o)
                0x0000000008008ba8                __assert_func
 .text._close_r
                0x0000000008008be4       0x20 c:/st/stm32cubeide_1.6.1/stm32cubeide/plugins/com.st.stm32cube.ide.mcu.externaltools.gnu-tools-for-stm32.9-2020-q2-update.win32_2.0.0.202105311346/tools/bin/../lib/gcc/arm-none-eabi/9.3.1/../../../../arm-none-eabi/lib/thumb/v7e-m+fp/hard\libc_nano.a(lib_a-closer.o)
                0x0000000008008be4                _close_r
 .text.fprintf  0x0000000008008c04       0x24 c:/st/stm32cubeide_1.6.1/stm32cubeide/plugins/com.st.stm32cube.ide.mcu.externaltools.gnu-tools-for-stm32.9-2020-q2-update.win32_2.0.0.202105311346/tools/bin/../lib/gcc/arm-none-eabi/9.3.1/../../../../arm-none-eabi/lib/thumb/v7e-m+fp/hard\libc_nano.a(lib_a-fprintf.o)
                0x0000000008008c04                fiprintf
                0x0000000008008c04                fprintf
 .text._fstat_r
                0x0000000008008c28       0x24 c:/st/stm32cubeide_1.6.1/stm32cubeide/plugins/com.st.stm32cube.ide.mcu.externaltools.gnu-tools-for-stm32.9-2020-q2-update.win32_2.0.0.202105311346/tools/bin/../lib/gcc/arm-none-eabi/9.3.1/../../../../arm-none-eabi/lib/thumb/v7e-m+fp/hard\libc_nano.a(lib_a-fstatr.o)
                0x0000000008008c28                _fstat_r
 .text._isatty_r
                0x0000000008008c4c       0x20 c:/st/stm32cubeide_1.6.1/stm32cubeide/plugins/com.st.stm32cube.ide.mcu.externaltools.gnu-tools-for-stm32.9-2020-q2-update.win32_2.0.0.202105311346/tools/bin/../lib/gcc/arm-none-eabi/9.3.1/../../../../arm-none-eabi/lib/thumb/v7e-m+fp/hard\libc_nano.a(lib_a-isattyr.o)
                0x0000000008008c4c                _isatty_r
 .text._lseek_r
                0x0000000008008c6c       0x24 c:/st/stm32cubeide_1.6.1/stm32cubeide/plugins/com.st.stm32cube.ide.mcu.externaltools.gnu-tools-for-stm32.9-2020-q2-update.win32_2.0.0.202105311346/tools/bin/../lib/gcc/arm-none-eabi/9.3.1/../../../../arm-none-eabi/lib/thumb/v7e-m+fp/hard\libc_nano.a(lib_a-lseekr.o)
                0x0000000008008c6c                _lseek_r
 .text.__ascii_mbtowc
                0x0000000008008c90       0x24 c:/st/stm32cubeide_1.6.1/stm32cubeide/plugins/com.st.stm32cube.ide.mcu.externaltools.gnu-tools-for-stm32.9-2020-q2-update.win32_2.0.0.202105311346/tools/bin/../lib/gcc/arm-none-eabi/9.3.1/../../../../arm-none-eabi/lib/thumb/v7e-m+fp/hard\libc_nano.a(lib_a-mbtowc_r.o)
                0x0000000008008c90                __ascii_mbtowc
 .text._read_r  0x0000000008008cb4       0x24 c:/st/stm32cubeide_1.6.1/stm32cubeide/plugins/com.st.stm32cube.ide.mcu.externaltools.gnu-tools-for-stm32.9-2020-q2-update.win32_2.0.0.202105311346/tools/bin/../lib/gcc/arm-none-eabi/9.3.1/../../../../arm-none-eabi/lib/thumb/v7e-m+fp/hard\libc_nano.a(lib_a-readr.o)
                0x0000000008008cb4                _read_r
 .text.__ascii_wctomb
                0x0000000008008cd8       0x1a c:/st/stm32cubeide_1.6.1/stm32cubeide/plugins/com.st.stm32cube.ide.mcu.externaltools.gnu-tools-for-stm32.9-2020-q2-update.win32_2.0.0.202105311346/tools/bin/../lib/gcc/arm-none-eabi/9.3.1/../../../../arm-none-eabi/lib/thumb/v7e-m+fp/hard\libc_nano.a(lib_a-wctomb_r.o)
                0x0000000008008cd8                __ascii_wctomb
 .text.abort    0x0000000008008cf2        0xe c:/st/stm32cubeide_1.6.1/stm32cubeide/plugins/com.st.stm32cube.ide.mcu.externaltools.gnu-tools-for-stm32.9-2020-q2-update.win32_2.0.0.202105311346/tools/bin/../lib/gcc/arm-none-eabi/9.3.1/../../../../arm-none-eabi/lib/thumb/v7e-m+fp/hard\libc_nano.a(lib_a-abort.o)
                0x0000000008008cf2                abort
 .text._raise_r
                0x0000000008008d00       0x50 c:/st/stm32cubeide_1.6.1/stm32cubeide/plugins/com.st.stm32cube.ide.mcu.externaltools.gnu-tools-for-stm32.9-2020-q2-update.win32_2.0.0.202105311346/tools/bin/../lib/gcc/arm-none-eabi/9.3.1/../../../../arm-none-eabi/lib/thumb/v7e-m+fp/hard\libc_nano.a(lib_a-signal.o)
                0x0000000008008d00                _raise_r
 .text.raise    0x0000000008008d50       0x10 c:/st/stm32cubeide_1.6.1/stm32cubeide/plugins/com.st.stm32cube.ide.mcu.externaltools.gnu-tools-for-stm32.9-2020-q2-update.win32_2.0.0.202105311346/tools/bin/../lib/gcc/arm-none-eabi/9.3.1/../../../../arm-none-eabi/lib/thumb/v7e-m+fp/hard\libc_nano.a(lib_a-signal.o)
                0x0000000008008d50                raise
 .text._kill_r  0x0000000008008d60       0x24 c:/st/stm32cubeide_1.6.1/stm32cubeide/plugins/com.st.stm32cube.ide.mcu.externaltools.gnu-tools-for-stm32.9-2020-q2-update.win32_2.0.0.202105311346/tools/bin/../lib/gcc/arm-none-eabi/9.3.1/../../../../arm-none-eabi/lib/thumb/v7e-m+fp/hard\libc_nano.a(lib_a-signalr.o)
                0x0000000008008d60                _kill_r
 .text._getpid_r
                0x0000000008008d84        0x4 c:/st/stm32cubeide_1.6.1/stm32cubeide/plugins/com.st.stm32cube.ide.mcu.externaltools.gnu-tools-for-stm32.9-2020-q2-update.win32_2.0.0.202105311346/tools/bin/../lib/gcc/arm-none-eabi/9.3.1/../../../../arm-none-eabi/lib/thumb/v7e-m+fp/hard\libc_nano.a(lib_a-signalr.o)
                0x0000000008008d84                _getpid_r
 *(.glue_7)
 .glue_7        0x0000000008008d88        0x0 linker stubs
 *(.glue_7t)
 .glue_7t       0x0000000008008d88        0x0 linker stubs
 *(.eh_frame)
 .eh_frame      0x0000000008008d88        0x0 c:/st/stm32cubeide_1.6.1/stm32cubeide/plugins/com.st.stm32cube.ide.mcu.externaltools.gnu-tools-for-stm32.9-2020-q2-update.win32_2.0.0.202105311346/tools/bin/../lib/gcc/arm-none-eabi/9.3.1/thumb/v7e-m+fp/hard/crtbegin.o
 *(.init)
 .init          0x0000000008008d88        0x4 c:/st/stm32cubeide_1.6.1/stm32cubeide/plugins/com.st.stm32cube.ide.mcu.externaltools.gnu-tools-for-stm32.9-2020-q2-update.win32_2.0.0.202105311346/tools/bin/../lib/gcc/arm-none-eabi/9.3.1/thumb/v7e-m+fp/hard/crti.o
                0x0000000008008d88                _init
 .init          0x0000000008008d8c        0x8 c:/st/stm32cubeide_1.6.1/stm32cubeide/plugins/com.st.stm32cube.ide.mcu.externaltools.gnu-tools-for-stm32.9-2020-q2-update.win32_2.0.0.202105311346/tools/bin/../lib/gcc/arm-none-eabi/9.3.1/thumb/v7e-m+fp/hard/crtn.o
 *(.fini)
 .fini          0x0000000008008d94        0x4 c:/st/stm32cubeide_1.6.1/stm32cubeide/plugins/com.st.stm32cube.ide.mcu.externaltools.gnu-tools-for-stm32.9-2020-q2-update.win32_2.0.0.202105311346/tools/bin/../lib/gcc/arm-none-eabi/9.3.1/thumb/v7e-m+fp/hard/crti.o
                0x0000000008008d94                _fini
 .fini          0x0000000008008d98        0x8 c:/st/stm32cubeide_1.6.1/stm32cubeide/plugins/com.st.stm32cube.ide.mcu.externaltools.gnu-tools-for-stm32.9-2020-q2-update.win32_2.0.0.202105311346/tools/bin/../lib/gcc/arm-none-eabi/9.3.1/thumb/v7e-m+fp/hard/crtn.o
                0x0000000008008da0                . = ALIGN (0x4)
                0x0000000008008da0                _etext = .

.vfp11_veneer   0x0000000008008da0        0x0
 .vfp11_veneer  0x0000000008008da0        0x0 linker stubs

.v4_bx          0x0000000008008da0        0x0
 .v4_bx         0x0000000008008da0        0x0 linker stubs

.iplt           0x0000000008008da0        0x0
 .iplt          0x0000000008008da0        0x0 c:/st/stm32cubeide_1.6.1/stm32cubeide/plugins/com.st.stm32cube.ide.mcu.externaltools.gnu-tools-for-stm32.9-2020-q2-update.win32_2.0.0.202105311346/tools/bin/../lib/gcc/arm-none-eabi/9.3.1/thumb/v7e-m+fp/hard/crtbegin.o

.rodata         0x0000000008008da0      0x5fc
                0x0000000008008da0                . = ALIGN (0x4)
 *(.rodata)
 .rodata        0x0000000008008da0       0xc6 ./Application/User/App/master.o
 *fill*         0x0000000008008e66        0x2 
 .rodata        0x0000000008008e68       0x85 ./Application/User/Core/main.o
 *fill*         0x0000000008008eed        0x3 
 .rodata        0x0000000008008ef0       0x86 ./Application/User/UniSM/system.o
 *(.rodata*)
 *fill*         0x0000000008008f76        0x2 
 .rodata.AHBPrescTable
                0x0000000008008f78       0x10 ./Drivers/CMSIS/system_stm32g4xx.o
                0x0000000008008f78                AHBPrescTable
 .rodata.APBPrescTable
                0x0000000008008f88        0x8 ./Drivers/CMSIS/system_stm32g4xx.o
                0x0000000008008f88                APBPrescTable
 .rodata.UARTPrescTable
                0x0000000008008f90       0x18 ./Drivers/STM32G4xx_HAL_Driver/stm32g4xx_hal_uart.o
                0x0000000008008f90                UARTPrescTable
 .rodata.numerator.8923
                0x0000000008008fa8        0x8 ./Drivers/STM32G4xx_HAL_Driver/stm32g4xx_hal_uart_ex.o
 .rodata.denominator.8924
                0x0000000008008fb0        0x8 ./Drivers/STM32G4xx_HAL_Driver/stm32g4xx_hal_uart_ex.o
 .rodata._global_impure_ptr
                0x0000000008008fb8        0x4 c:/st/stm32cubeide_1.6.1/stm32cubeide/plugins/com.st.stm32cube.ide.mcu.externaltools.gnu-tools-for-stm32.9-2020-q2-update.win32_2.0.0.202105311346/tools/bin/../lib/gcc/arm-none-eabi/9.3.1/../../../../arm-none-eabi/lib/thumb/v7e-m+fp/hard\libc_nano.a(lib_a-impure.o)
                0x0000000008008fb8                _global_impure_ptr
 .rodata._printf_float.str1.1
                0x0000000008008fbc       0x12 c:/st/stm32cubeide_1.6.1/stm32cubeide/plugins/com.st.stm32cube.ide.mcu.externaltools.gnu-tools-for-stm32.9-2020-q2-update.win32_2.0.0.202105311346/tools/bin/../lib/gcc/arm-none-eabi/9.3.1/../../../../arm-none-eabi/lib/thumb/v7e-m+fp/hard\libc_nano.a(lib_a-nano-vfprintf_float.o)
 .rodata._printf_i.str1.1
                0x0000000008008fce       0x22 c:/st/stm32cubeide_1.6.1/stm32cubeide/plugins/com.st.stm32cube.ide.mcu.externaltools.gnu-tools-for-stm32.9-2020-q2-update.win32_2.0.0.202105311346/tools/bin/../lib/gcc/arm-none-eabi/9.3.1/../../../../arm-none-eabi/lib/thumb/v7e-m+fp/hard\libc_nano.a(lib_a-nano-vfprintf_i.o)
 .rodata._dtoa_r.str1.1
                0x0000000008008ff0       0x94 c:/st/stm32cubeide_1.6.1/stm32cubeide/plugins/com.st.stm32cube.ide.mcu.externaltools.gnu-tools-for-stm32.9-2020-q2-update.win32_2.0.0.202105311346/tools/bin/../lib/gcc/arm-none-eabi/9.3.1/../../../../arm-none-eabi/lib/thumb/v7e-m+fp/hard\libc_nano.a(lib_a-dtoa.o)
                                         0x96 (size before relaxing)
 .rodata.__sf_fake_stderr
                0x0000000008009084       0x20 c:/st/stm32cubeide_1.6.1/stm32cubeide/plugins/com.st.stm32cube.ide.mcu.externaltools.gnu-tools-for-stm32.9-2020-q2-update.win32_2.0.0.202105311346/tools/bin/../lib/gcc/arm-none-eabi/9.3.1/../../../../arm-none-eabi/lib/thumb/v7e-m+fp/hard\libc_nano.a(lib_a-findfp.o)
                0x0000000008009084                __sf_fake_stderr
 .rodata.__sf_fake_stdin
                0x00000000080090a4       0x20 c:/st/stm32cubeide_1.6.1/stm32cubeide/plugins/com.st.stm32cube.ide.mcu.externaltools.gnu-tools-for-stm32.9-2020-q2-update.win32_2.0.0.202105311346/tools/bin/../lib/gcc/arm-none-eabi/9.3.1/../../../../arm-none-eabi/lib/thumb/v7e-m+fp/hard\libc_nano.a(lib_a-findfp.o)
                0x00000000080090a4                __sf_fake_stdin
 .rodata.__sf_fake_stdout
                0x00000000080090c4       0x20 c:/st/stm32cubeide_1.6.1/stm32cubeide/plugins/com.st.stm32cube.ide.mcu.externaltools.gnu-tools-for-stm32.9-2020-q2-update.win32_2.0.0.202105311346/tools/bin/../lib/gcc/arm-none-eabi/9.3.1/../../../../arm-none-eabi/lib/thumb/v7e-m+fp/hard\libc_nano.a(lib_a-findfp.o)
                0x00000000080090c4                __sf_fake_stdout
 .rodata._Balloc.str1.1
                0x00000000080090e4       0x60 c:/st/stm32cubeide_1.6.1/stm32cubeide/plugins/com.st.stm32cube.ide.mcu.externaltools.gnu-tools-for-stm32.9-2020-q2-update.win32_2.0.0.202105311346/tools/bin/../lib/gcc/arm-none-eabi/9.3.1/../../../../arm-none-eabi/lib/thumb/v7e-m+fp/hard\libc_nano.a(lib_a-mprec.o)
                                         0x77 (size before relaxing)
 .rodata.__multadd.str1.1
                0x0000000008009144       0x11 c:/st/stm32cubeide_1.6.1/stm32cubeide/plugins/com.st.stm32cube.ide.mcu.externaltools.gnu-tools-for-stm32.9-2020-q2-update.win32_2.0.0.202105311346/tools/bin/../lib/gcc/arm-none-eabi/9.3.1/../../../../arm-none-eabi/lib/thumb/v7e-m+fp/hard\libc_nano.a(lib_a-mprec.o)
 *fill*         0x0000000008009144        0x4 
 .rodata.__mprec_bigtens
                0x0000000008009148       0x28 c:/st/stm32cubeide_1.6.1/stm32cubeide/plugins/com.st.stm32cube.ide.mcu.externaltools.gnu-tools-for-stm32.9-2020-q2-update.win32_2.0.0.202105311346/tools/bin/../lib/gcc/arm-none-eabi/9.3.1/../../../../arm-none-eabi/lib/thumb/v7e-m+fp/hard\libc_nano.a(lib_a-mprec.o)
                0x0000000008009148                __mprec_bigtens
 .rodata.__mprec_tens
                0x0000000008009170       0xc8 c:/st/stm32cubeide_1.6.1/stm32cubeide/plugins/com.st.stm32cube.ide.mcu.externaltools.gnu-tools-for-stm32.9-2020-q2-update.win32_2.0.0.202105311346/tools/bin/../lib/gcc/arm-none-eabi/9.3.1/../../../../arm-none-eabi/lib/thumb/v7e-m+fp/hard\libc_nano.a(lib_a-mprec.o)
                0x0000000008009170                __mprec_tens
 .rodata.p05.7513
                0x0000000008009238        0xc c:/st/stm32cubeide_1.6.1/stm32cubeide/plugins/com.st.stm32cube.ide.mcu.externaltools.gnu-tools-for-stm32.9-2020-q2-update.win32_2.0.0.202105311346/tools/bin/../lib/gcc/arm-none-eabi/9.3.1/../../../../arm-none-eabi/lib/thumb/v7e-m+fp/hard\libc_nano.a(lib_a-mprec.o)
 .rodata._vfprintf_r.str1.1
                0x0000000008009244       0x11 c:/st/stm32cubeide_1.6.1/stm32cubeide/plugins/com.st.stm32cube.ide.mcu.externaltools.gnu-tools-for-stm32.9-2020-q2-update.win32_2.0.0.202105311346/tools/bin/../lib/gcc/arm-none-eabi/9.3.1/../../../../arm-none-eabi/lib/thumb/v7e-m+fp/hard\libc_nano.a(lib_a-nano-vfprintf.o)
 .rodata.__assert_func.str1.1
                0x0000000008009255       0x3c c:/st/stm32cubeide_1.6.1/stm32cubeide/plugins/com.st.stm32cube.ide.mcu.externaltools.gnu-tools-for-stm32.9-2020-q2-update.win32_2.0.0.202105311346/tools/bin/../lib/gcc/arm-none-eabi/9.3.1/../../../../arm-none-eabi/lib/thumb/v7e-m+fp/hard\libc_nano.a(lib_a-assert.o)
                                         0x3d (size before relaxing)
 .rodata._setlocale_r.str1.1
                0x0000000008009291        0x8 c:/st/stm32cubeide_1.6.1/stm32cubeide/plugins/com.st.stm32cube.ide.mcu.externaltools.gnu-tools-for-stm32.9-2020-q2-update.win32_2.0.0.202105311346/tools/bin/../lib/gcc/arm-none-eabi/9.3.1/../../../../arm-none-eabi/lib/thumb/v7e-m+fp/hard\libc_nano.a(lib_a-locale.o)
                                          0x9 (size before relaxing)
 .rodata.str1.1
                0x0000000008009299        0x2 c:/st/stm32cubeide_1.6.1/stm32cubeide/plugins/com.st.stm32cube.ide.mcu.externaltools.gnu-tools-for-stm32.9-2020-q2-update.win32_2.0.0.202105311346/tools/bin/../lib/gcc/arm-none-eabi/9.3.1/../../../../arm-none-eabi/lib/thumb/v7e-m+fp/hard\libc_nano.a(lib_a-locale.o)
 .rodata._ctype_
                0x000000000800929b      0x101 c:/st/stm32cubeide_1.6.1/stm32cubeide/plugins/com.st.stm32cube.ide.mcu.externaltools.gnu-tools-for-stm32.9-2020-q2-update.win32_2.0.0.202105311346/tools/bin/../lib/gcc/arm-none-eabi/9.3.1/../../../../arm-none-eabi/lib/thumb/v7e-m+fp/hard\libc_nano.a(lib_a-ctype_.o)
                0x000000000800929b                _ctype_
                0x000000000800939c                . = ALIGN (0x4)

.ARM.extab      0x000000000800939c        0x0
                0x000000000800939c                . = ALIGN (0x4)
 *(.ARM.extab* .gnu.linkonce.armextab.*)
                0x000000000800939c                . = ALIGN (0x4)

.ARM            0x000000000800939c        0x8
                0x000000000800939c                . = ALIGN (0x4)
                0x000000000800939c                __exidx_start = .
 *(.ARM.exidx*)
 .ARM.exidx     0x000000000800939c        0x8 c:/st/stm32cubeide_1.6.1/stm32cubeide/plugins/com.st.stm32cube.ide.mcu.externaltools.gnu-tools-for-stm32.9-2020-q2-update.win32_2.0.0.202105311346/tools/bin/../lib/gcc/arm-none-eabi/9.3.1/thumb/v7e-m+fp/hard\libgcc.a(_udivmoddi4.o)
                0x00000000080093a4                __exidx_end = .
                0x00000000080093a4                . = ALIGN (0x4)

.rel.dyn        0x00000000080093a4        0x0
 .rel.iplt      0x00000000080093a4        0x0 c:/st/stm32cubeide_1.6.1/stm32cubeide/plugins/com.st.stm32cube.ide.mcu.externaltools.gnu-tools-for-stm32.9-2020-q2-update.win32_2.0.0.202105311346/tools/bin/../lib/gcc/arm-none-eabi/9.3.1/thumb/v7e-m+fp/hard/crtbegin.o

.preinit_array  0x00000000080093a4        0x0
                0x00000000080093a4                . = ALIGN (0x4)
                0x00000000080093a4                PROVIDE (__preinit_array_start = .)
 *(.preinit_array*)
                0x00000000080093a4                PROVIDE (__preinit_array_end = .)
                0x00000000080093a4                . = ALIGN (0x4)

.init_array     0x00000000080093a4        0x4
                0x00000000080093a4                . = ALIGN (0x4)
                0x00000000080093a4                PROVIDE (__init_array_start = .)
 *(SORT_BY_NAME(.init_array.*))
 *(.init_array*)
 .init_array    0x00000000080093a4        0x4 c:/st/stm32cubeide_1.6.1/stm32cubeide/plugins/com.st.stm32cube.ide.mcu.externaltools.gnu-tools-for-stm32.9-2020-q2-update.win32_2.0.0.202105311346/tools/bin/../lib/gcc/arm-none-eabi/9.3.1/thumb/v7e-m+fp/hard/crtbegin.o
                0x00000000080093a8                PROVIDE (__init_array_end = .)
                0x00000000080093a8                . = ALIGN (0x4)

.fini_array     0x00000000080093a8        0x4
                0x00000000080093a8                . = ALIGN (0x4)
                [!provide]                        PROVIDE (__fini_array_start = .)
 *(SORT_BY_NAME(.fini_array.*))
 *(.fini_array*)
 .fini_array    0x00000000080093a8        0x4 c:/st/stm32cubeide_1.6.1/stm32cubeide/plugins/com.st.stm32cube.ide.mcu.externaltools.gnu-tools-for-stm32.9-2020-q2-update.win32_2.0.0.202105311346/tools/bin/../lib/gcc/arm-none-eabi/9.3.1/thumb/v7e-m+fp/hard/crtbegin.o
                [!provide]                        PROVIDE (__fini_array_end = .)
                0x00000000080093ac                . = ALIGN (0x4)
                0x00000000080093ac                _sidata = LOADADDR (.data)

.data           0x0000000020000000      0x444 load address 0x00000000080093ac
                0x0000000020000000                . = ALIGN (0x4)
                0x0000000020000000                _sdata = .
 *(.data)
 *(.data*)
 .data.PlatformFunctions
                0x0000000020000000       0x60 ./Application/User/App/OV9712/OV9712.o
 .data.OV9712_Functions
                0x0000000020000060       0x10 ./Application/User/App/OV9712/OV9712.o
                0x0000000020000060                OV9712_Functions
 .data.Default_OV9712_Pins
                0x0000000020000070       0x20 ./Application/User/App/OV9712/OV9712.o
                0x0000000020000070                Default_OV9712_Pins
 .data.OV9712   0x0000000020000090        0xc ./Application/User/App/OV9712/OV9712.o
                0x0000000020000090                OV9712
 .data.OV9712_regs
                0x000000002000009c       0x20 ./Application/User/App/OV9712/OV9712.o
 .data.PlatformFunctions
                0x00000000200000bc       0x60 ./Application/User/App/master.o
 .data.System   0x000000002000011c        0x8 ./Application/User/App/master.o
 .data.SystemFunctions
                0x0000000020000124       0x20 ./Application/User/App/master.o
 .data.MasterFunctions
                0x0000000020000144        0xc ./Application/User/App/master.o
 .data.global_states_list
                0x0000000020000150       0x48 ./Application/User/App/master.o
                0x0000000020000150                global_states_list
 .data.CameraDMA
                0x0000000020000198       0x18 ./Application/User/App/master.o
                0x0000000020000198                CameraDMA
 .data.nl       0x00000000200001b0        0x2 ./Application/User/App/master.o
 *fill*         0x00000000200001b2        0x2 
 .data.MasterFunctions
                0x00000000200001b4        0xc ./Application/User/Core/main.o
 .data.PlatformFunctions
                0x00000000200001c0       0x60 ./Application/User/UniSM/platform.o
 .data.system_state_enum_strings
                0x0000000020000220       0x28 ./Application/User/UniSM/system.o
 .data.SystemFunctions
                0x0000000020000248       0x20 ./Application/User/UniSM/system.o
 .data.SystemCoreClock
                0x0000000020000268        0x4 ./Drivers/CMSIS/system_stm32g4xx.o
                0x0000000020000268                SystemCoreClock
 .data.uwTickPrio
                0x000000002000026c        0x4 ./Drivers/STM32G4xx_HAL_Driver/stm32g4xx_hal.o
                0x000000002000026c                uwTickPrio
 .data.uwTickFreq
                0x0000000020000270        0x4 ./Drivers/STM32G4xx_HAL_Driver/stm32g4xx_hal.o
                0x0000000020000270                uwTickFreq
 .data._impure_ptr
                0x0000000020000274        0x4 c:/st/stm32cubeide_1.6.1/stm32cubeide/plugins/com.st.stm32cube.ide.mcu.externaltools.gnu-tools-for-stm32.9-2020-q2-update.win32_2.0.0.202105311346/tools/bin/../lib/gcc/arm-none-eabi/9.3.1/../../../../arm-none-eabi/lib/thumb/v7e-m+fp/hard\libc_nano.a(lib_a-impure.o)
                0x0000000020000274                _impure_ptr
 .data.impure_data
                0x0000000020000278       0x60 c:/st/stm32cubeide_1.6.1/stm32cubeide/plugins/com.st.stm32cube.ide.mcu.externaltools.gnu-tools-for-stm32.9-2020-q2-update.win32_2.0.0.202105311346/tools/bin/../lib/gcc/arm-none-eabi/9.3.1/../../../../arm-none-eabi/lib/thumb/v7e-m+fp/hard\libc_nano.a(lib_a-impure.o)
 .data.__global_locale
                0x00000000200002d8      0x16c c:/st/stm32cubeide_1.6.1/stm32cubeide/plugins/com.st.stm32cube.ide.mcu.externaltools.gnu-tools-for-stm32.9-2020-q2-update.win32_2.0.0.202105311346/tools/bin/../lib/gcc/arm-none-eabi/9.3.1/../../../../arm-none-eabi/lib/thumb/v7e-m+fp/hard\libc_nano.a(lib_a-locale.o)
                0x00000000200002d8                __global_locale
 *(.RamFunc)
 *(.RamFunc*)
                0x0000000020000444                . = ALIGN (0x4)
                0x0000000020000444                _edata = .

.igot.plt       0x0000000020000444        0x0 load address 0x00000000080097f0
 .igot.plt      0x0000000020000444        0x0 c:/st/stm32cubeide_1.6.1/stm32cubeide/plugins/com.st.stm32cube.ide.mcu.externaltools.gnu-tools-for-stm32.9-2020-q2-update.win32_2.0.0.202105311346/tools/bin/../lib/gcc/arm-none-eabi/9.3.1/thumb/v7e-m+fp/hard/crtbegin.o
                0x0000000020000444                . = ALIGN (0x4)

.bss            0x0000000020000444      0x738 load address 0x00000000080097f0
                0x0000000020000444                _sbss = .
                0x0000000020000444                __bss_start__ = _sbss
 *(.bss)