Archive member included to satisfy reference by file (symbol)

c:/st/stm32cubeide_1.6.1/stm32cubeide/plugins/com.st.stm32cube.ide.mcu.externaltools.gnu-tools-for-stm32.10.3-2021.10.win32_1.0.100.202210260954/tools/bin/../lib/gcc/arm-none-eabi/10.3.1/../../../../arm-none-eabi/lib/thumb/v8-m.main+fp/hard\libc_nano.a(lib_a-errno.o)
                              ./Core/Src/syscalls.o (__errno)
c:/st/stm32cubeide_1.6.1/stm32cubeide/plugins/com.st.stm32cube.ide.mcu.externaltools.gnu-tools-for-stm32.10.3-2021.10.win32_1.0.100.202210260954/tools/bin/../lib/gcc/arm-none-eabi/10.3.1/../../../../arm-none-eabi/lib/thumb/v8-m.main+fp/hard\libc_nano.a(lib_a-exit.o)
                              c:/st/stm32cubeide_1.6.1/stm32cubeide/plugins/com.st.stm32cube.ide.mcu.externaltools.gnu-tools-for-stm32.10.3-2021.10.win32_1.0.100.202210260954/tools/bin/../lib/gcc/arm-none-eabi/10.3.1/../../../../arm-none-eabi/lib/thumb/v8-m.main+fp/hard/crt0.o (exit)
c:/st/stm32cubeide_1.6.1/stm32cubeide/plugins/com.st.stm32cube.ide.mcu.externaltools.gnu-tools-for-stm32.10.3-2021.10.win32_1.0.100.202210260954/tools/bin/../lib/gcc/arm-none-eabi/10.3.1/../../../../arm-none-eabi/lib/thumb/v8-m.main+fp/hard\libc_nano.a(lib_a-impure.o)
                              c:/st/stm32cubeide_1.6.1/stm32cubeide/plugins/com.st.stm32cube.ide.mcu.externaltools.gnu-tools-for-stm32.10.3-2021.10.win32_1.0.100.202210260954/tools/bin/../lib/gcc/arm-none-eabi/10.3.1/../../../../arm-none-eabi/lib/thumb/v8-m.main+fp/hard\libc_nano.a(lib_a-exit.o) (_global_impure_ptr)
c:/st/stm32cubeide_1.6.1/stm32cubeide/plugins/com.st.stm32cube.ide.mcu.externaltools.gnu-tools-for-stm32.10.3-2021.10.win32_1.0.100.202210260954/tools/bin/../lib/gcc/arm-none-eabi/10.3.1/../../../../arm-none-eabi/lib/thumb/v8-m.main+fp/hard\libc_nano.a(lib_a-init.o)
                              c:/st/stm32cubeide_1.6.1/stm32cubeide/plugins/com.st.stm32cube.ide.mcu.externaltools.gnu-tools-for-stm32.10.3-2021.10.win32_1.0.100.202210260954/tools/bin/../lib/gcc/arm-none-eabi/10.3.1/../../../../arm-none-eabi/lib/thumb/v8-m.main+fp/hard/crt0.o (__libc_init_array)
c:/st/stm32cubeide_1.6.1/stm32cubeide/plugins/com.st.stm32cube.ide.mcu.externaltools.gnu-tools-for-stm32.10.3-2021.10.win32_1.0.100.202210260954/tools/bin/../lib/gcc/arm-none-eabi/10.3.1/../../../../arm-none-eabi/lib/thumb/v8-m.main+fp/hard\libc_nano.a(lib_a-memcpy-stub.o)
                              ./Libs/UniSM/OV9712/OV9712.o (memcpy)
c:/st/stm32cubeide_1.6.1/stm32cubeide/plugins/com.st.stm32cube.ide.mcu.externaltools.gnu-tools-for-stm32.10.3-2021.10.win32_1.0.100.202210260954/tools/bin/../lib/gcc/arm-none-eabi/10.3.1/../../../../arm-none-eabi/lib/thumb/v8-m.main+fp/hard\libc_nano.a(lib_a-memset.o)
                              c:/st/stm32cubeide_1.6.1/stm32cubeide/plugins/com.st.stm32cube.ide.mcu.externaltools.gnu-tools-for-stm32.10.3-2021.10.win32_1.0.100.202210260954/tools/bin/../lib/gcc/arm-none-eabi/10.3.1/../../../../arm-none-eabi/lib/thumb/v8-m.main+fp/hard/crt0.o (memset)
c:/st/stm32cubeide_1.6.1/stm32cubeide/plugins/com.st.stm32cube.ide.mcu.externaltools.gnu-tools-for-stm32.10.3-2021.10.win32_1.0.100.202210260954/tools/bin/../lib/gcc/arm-none-eabi/10.3.1/../../../../arm-none-eabi/lib/thumb/v8-m.main+fp/hard\libc_nano.a(lib_a-nano-vfprintf_float.o)
                              (_printf_float)
c:/st/stm32cubeide_1.6.1/stm32cubeide/plugins/com.st.stm32cube.ide.mcu.externaltools.gnu-tools-for-stm32.10.3-2021.10.win32_1.0.100.202210260954/tools/bin/../lib/gcc/arm-none-eabi/10.3.1/../../../../arm-none-eabi/lib/thumb/v8-m.main+fp/hard\libc_nano.a(lib_a-nano-vfprintf_i.o)
                              c:/st/stm32cubeide_1.6.1/stm32cubeide/plugins/com.st.stm32cube.ide.mcu.externaltools.gnu-tools-for-stm32.10.3-2021.10.win32_1.0.100.202210260954/tools/bin/../lib/gcc/arm-none-eabi/10.3.1/../../../../arm-none-eabi/lib/thumb/v8-m.main+fp/hard\libc_nano.a(lib_a-nano-vfprintf_float.o) (_printf_common)
c:/st/stm32cubeide_1.6.1/stm32cubeide/plugins/com.st.stm32cube.ide.mcu.externaltools.gnu-tools-for-stm32.10.3-2021.10.win32_1.0.100.202210260954/tools/bin/../lib/gcc/arm-none-eabi/10.3.1/../../../../arm-none-eabi/lib/thumb/v8-m.main+fp/hard\libc_nano.a(lib_a-printf.o)
                              ./Libs/UniSM/master.o (printf)
c:/st/stm32cubeide_1.6.1/stm32cubeide/plugins/com.st.stm32cube.ide.mcu.externaltools.gnu-tools-for-stm32.10.3-2021.10.win32_1.0.100.202210260954/tools/bin/../lib/gcc/arm-none-eabi/10.3.1/../../../../arm-none-eabi/lib/thumb/v8-m.main+fp/hard\libc_nano.a(lib_a-putchar.o)
                              ./Libs/UniSM/master.o (putchar)
c:/st/stm32cubeide_1.6.1/stm32cubeide/plugins/com.st.stm32cube.ide.mcu.externaltools.gnu-tools-for-stm32.10.3-2021.10.win32_1.0.100.202210260954/tools/bin/../lib/gcc/arm-none-eabi/10.3.1/../../../../arm-none-eabi/lib/thumb/v8-m.main+fp/hard\libc_nano.a(lib_a-puts.o)
                              ./Core/Src/main.o (puts)
[...]
Memory Configuration

Name             Origin             Length             Attributes
RAM              0x0000000020000000 0x00000000000c0000 xrw
FLASH            0x0000000008000000 0x0000000000200000 xr
*default*        0x0000000000000000 0xffffffffffffffff

Linker script and memory map

LOAD c:/st/stm32cubeide_1.6.1/stm32cubeide/plugins/com.st.stm32cube.ide.mcu.externaltools.gnu-tools-for-stm32.10.3-2021.10.win32_1.0.100.202210260954/tools/bin/../lib/gcc/arm-none-eabi/10.3.1/thumb/v8-m.main+fp/hard/crti.o
LOAD c:/st/stm32cubeide_1.6.1/stm32cubeide/plugins/com.st.stm32cube.ide.mcu.externaltools.gnu-tools-for-stm32.10.3-2021.10.win32_1.0.100.202210260954/tools/bin/../lib/gcc/arm-none-eabi/10.3.1/thumb/v8-m.main+fp/hard/crtbegin.o
LOAD c:/st/stm32cubeide_1.6.1/stm32cubeide/plugins/com.st.stm32cube.ide.mcu.externaltools.gnu-tools-for-stm32.10.3-2021.10.win32_1.0.100.202210260954/tools/bin/../lib/gcc/arm-none-eabi/10.3.1/../../../../arm-none-eabi/lib/thumb/v8-m.main+fp/hard/crt0.o
LOAD ./Core/Src/linked_list.o
LOAD ./Core/Src/main.o
LOAD ./Core/Src/stm32u5xx_hal_msp.o
LOAD ./Core/Src/stm32u5xx_it.o
LOAD ./Core/Src/syscalls.o
LOAD ./Core/Src/sysmem.o
LOAD ./Core/Src/system_stm32u5xx.o
LOAD ./Core/Startup/startup_stm32u575ritx.o
LOAD ./Drivers/STM32U5xx_HAL_Driver/Src/stm32u5xx_hal.o
LOAD ./Drivers/STM32U5xx_HAL_Driver/Src/stm32u5xx_hal_cortex.o
LOAD ./Drivers/STM32U5xx_HAL_Driver/Src/stm32u5xx_hal_dcmi.o
LOAD ./Drivers/STM32U5xx_HAL_Driver/Src/stm32u5xx_hal_dma.o
LOAD ./Drivers/STM32U5xx_HAL_Driver/Src/stm32u5xx_hal_dma_ex.o
LOAD ./Drivers/STM32U5xx_HAL_Driver/Src/stm32u5xx_hal_exti.o
LOAD ./Drivers/STM32U5xx_HAL_Driver/Src/stm32u5xx_hal_flash.o
LOAD ./Drivers/STM32U5xx_HAL_Driver/Src/stm32u5xx_hal_flash_ex.o
LOAD ./Drivers/STM32U5xx_HAL_Driver/Src/stm32u5xx_hal_gpio.o
LOAD ./Drivers/STM32U5xx_HAL_Driver/Src/stm32u5xx_hal_gtzc.o
LOAD ./Drivers/STM32U5xx_HAL_Driver/Src/stm32u5xx_hal_i2c.o
LOAD ./Drivers/STM32U5xx_HAL_Driver/Src/stm32u5xx_hal_i2c_ex.o
LOAD ./Drivers/STM32U5xx_HAL_Driver/Src/stm32u5xx_hal_icache.o
LOAD ./Drivers/STM32U5xx_HAL_Driver/Src/stm32u5xx_hal_pwr.o
LOAD ./Drivers/STM32U5xx_HAL_Driver/Src/stm32u5xx_hal_pwr_ex.o
LOAD ./Drivers/STM32U5xx_HAL_Driver/Src/stm32u5xx_hal_rcc.o
LOAD ./Drivers/STM32U5xx_HAL_Driver/Src/stm32u5xx_hal_rcc_ex.o
LOAD ./Drivers/STM32U5xx_HAL_Driver/Src/stm32u5xx_hal_tim.o
LOAD ./Drivers/STM32U5xx_HAL_Driver/Src/stm32u5xx_hal_tim_ex.o
LOAD ./Drivers/STM32U5xx_HAL_Driver/Src/stm32u5xx_hal_uart.o
LOAD ./Drivers/STM32U5xx_HAL_Driver/Src/stm32u5xx_hal_uart_ex.o
LOAD ./Libs/UniSM/OV9712/OV9712.o
LOAD ./Libs/UniSM/master.o
LOAD ./Libs/UniSM/platform.o
LOAD ./Libs/UniSM/printers.o
LOAD ./Libs/UniSM/system.o
LOAD ./Libs/UniSM/platforms/stm32_interface.o
START GROUP
LOAD c:/st/stm32cubeide_1.6.1/stm32cubeide/plugins/com.st.stm32cube.ide.mcu.externaltools.gnu-tools-for-stm32.10.3-2021.10.win32_1.0.100.202210260954/tools/bin/../lib/gcc/arm-none-eabi/10.3.1/../../../../arm-none-eabi/lib/thumb/v8-m.main+fp/hard\libc_nano.a
LOAD c:/st/stm32cubeide_1.6.1/stm32cubeide/plugins/com.st.stm32cube.ide.mcu.externaltools.gnu-tools-for-stm32.10.3-2021.10.win32_1.0.100.202210260954/tools/bin/../lib/gcc/arm-none-eabi/10.3.1/../../../../arm-none-eabi/lib/thumb/v8-m.main+fp/hard\libm.a
END GROUP
START GROUP
LOAD c:/st/stm32cubeide_1.6.1/stm32cubeide/plugins/com.st.stm32cube.ide.mcu.externaltools.gnu-tools-for-stm32.10.3-2021.10.win32_1.0.100.202210260954/tools/bin/../lib/gcc/arm-none-eabi/10.3.1/thumb/v8-m.main+fp/hard\libgcc.a
LOAD c:/st/stm32cubeide_1.6.1/stm32cubeide/plugins/com.st.stm32cube.ide.mcu.externaltools.gnu-tools-for-stm32.10.3-2021.10.win32_1.0.100.202210260954/tools/bin/../lib/gcc/arm-none-eabi/10.3.1/../../../../arm-none-eabi/lib/thumb/v8-m.main+fp/hard\libc_nano.a
END GROUP
START GROUP
LOAD c:/st/stm32cubeide_1.6.1/stm32cubeide/plugins/com.st.stm32cube.ide.mcu.externaltools.gnu-tools-for-stm32.10.3-2021.10.win32_1.0.100.202210260954/tools/bin/../lib/gcc/arm-none-eabi/10.3.1/thumb/v8-m.main+fp/hard\libgcc.a
LOAD c:/st/stm32cubeide_1.6.1/stm32cubeide/plugins/com.st.stm32cube.ide.mcu.externaltools.gnu-tools-for-stm32.10.3-2021.10.win32_1.0.100.202210260954/tools/bin/../lib/gcc/arm-none-eabi/10.3.1/../../../../arm-none-eabi/lib/thumb/v8-m.main+fp/hard\libc_nano.a
LOAD c:/st/stm32cubeide_1.6.1/stm32cubeide/plugins/com.st.stm32cube.ide.mcu.externaltools.gnu-tools-for-stm32.10.3-2021.10.win32_1.0.100.202210260954/tools/bin/../lib/gcc/arm-none-eabi/10.3.1/../../../../arm-none-eabi/lib/thumb/v8-m.main+fp/hard\libnosys.a
END GROUP
START GROUP
LOAD c:/st/stm32cubeide_1.6.1/stm32cubeide/plugins/com.st.stm32cube.ide.mcu.externaltools.gnu-tools-for-stm32.10.3-2021.10.win32_1.0.100.202210260954/tools/bin/../lib/gcc/arm-none-eabi/10.3.1/thumb/v8-m.main+fp/hard\libgcc.a
LOAD c:/st/stm32cubeide_1.6.1/stm32cubeide/plugins/com.st.stm32cube.ide.mcu.externaltools.gnu-tools-for-stm32.10.3-2021.10.win32_1.0.100.202210260954/tools/bin/../lib/gcc/arm-none-eabi/10.3.1/../../../../arm-none-eabi/lib/thumb/v8-m.main+fp/hard\libc_nano.a
LOAD c:/st/stm32cubeide_1.6.1/stm32cubeide/plugins/com.st.stm32cube.ide.mcu.externaltools.gnu-tools-for-stm32.10.3-2021.10.win32_1.0.100.202210260954/tools/bin/../lib/gcc/arm-none-eabi/10.3.1/../../../../arm-none-eabi/lib/thumb/v8-m.main+fp/hard\libnosys.a
END GROUP
LOAD c:/st/stm32cubeide_1.6.1/stm32cubeide/plugins/com.st.stm32cube.ide.mcu.externaltools.gnu-tools-for-stm32.10.3-2021.10.win32_1.0.100.202210260954/tools/bin/../lib/gcc/arm-none-eabi/10.3.1/thumb/v8-m.main+fp/hard/crtend.o
LOAD c:/st/stm32cubeide_1.6.1/stm32cubeide/plugins/com.st.stm32cube.ide.mcu.externaltools.gnu-tools-for-stm32.10.3-2021.10.win32_1.0.100.202210260954/tools/bin/../lib/gcc/arm-none-eabi/10.3.1/thumb/v8-m.main+fp/hard/crtn.o
                0x00000000200c0000                _estack = (ORIGIN (RAM) + LENGTH (RAM))
                0x0000000000000200                _Min_Heap_Size = 0x200
                0x0000000000000400                _Min_Stack_Size = 0x400

.isr_vector     0x0000000008000000      0x234
 *(.isr_vector)
 .isr_vector    0x0000000008000000      0x234 ./Core/Startup/startup_stm32u575ritx.o
                0x0000000008000000                g_pfnVectors

.text           0x0000000008000238     0xcdf0
 *(.text)
 .text          0x0000000008000238       0x40 c:/st/stm32cubeide_1.6.1/stm32cubeide/plugins/com.st.stm32cube.ide.mcu.externaltools.gnu-tools-for-stm32.10.3-2021.10.win32_1.0.100.202210260954/tools/bin/../lib/gcc/arm-none-eabi/10.3.1/thumb/v8-m.main+fp/hard/crtbegin.o
 .text          0x0000000008000278       0x10 c:/st/stm32cubeide_1.6.1/stm32cubeide/plugins/com.st.stm32cube.ide.mcu.externaltools.gnu-tools-for-stm32.10.3-2021.10.win32_1.0.100.202210260954/tools/bin/../lib/gcc/arm-none-eabi/10.3.1/../../../../arm-none-eabi/lib/thumb/v8-m.main+fp/hard\libc_nano.a(lib_a-strlen.o)
                0x0000000008000278                strlen
 .text          0x0000000008000288      0x378 c:/st/stm32cubeide_1.6.1/stm32cubeide/plugins/com.st.stm32cube.ide.mcu.externaltools.gnu-tools-for-stm32.10.3-2021.10.win32_1.0.100.202210260954/tools/bin/../lib/gcc/arm-none-eabi/10.3.1/thumb/v8-m.main+fp/hard\libgcc.a(_arm_addsubdf3.o)
                0x0000000008000288                __aeabi_drsub
                0x0000000008000290                __aeabi_dsub
                0x0000000008000290                __subdf3
                0x0000000008000294                __aeabi_dadd
                0x0000000008000294                __adddf3
                0x000000000800050c                __floatunsidf
                0x000000000800050c                __aeabi_ui2d
                0x000000000800052c                __floatsidf
                0x000000000800052c                __aeabi_i2d
                0x0000000008000550                __aeabi_f2d
                0x0000000008000550                __extendsfdf2
                0x0000000008000594                __floatundidf
                0x0000000008000594                __aeabi_ul2d
                0x00000000080005a4                __floatdidf
                0x00000000080005a4                __aeabi_l2d
 .text          0x0000000008000600      0x424 c:/st/stm32cubeide_1.6.1/stm32cubeide/plugins/com.st.stm32cube.ide.mcu.externaltools.gnu-tools-for-stm32.10.3-2021.10.win32_1.0.100.202210260954/tools/bin/../lib/gcc/arm-none-eabi/10.3.1/thumb/v8-m.main+fp/hard\libgcc.a(_arm_muldivdf3.o)
                0x0000000008000600                __aeabi_dmul
                0x0000000008000600                __muldf3
                0x0000000008000854                __divdf3
                0x0000000008000854                __aeabi_ddiv
 .text          0x0000000008000a24      0x110 c:/st/stm32cubeide_1.6.1/stm32cubeide/plugins/com.st.stm32cube.ide.mcu.externaltools.gnu-tools-for-stm32.10.3-2021.10.win32_1.0.100.202210260954/tools/bin/../lib/gcc/arm-none-eabi/10.3.1/thumb/v8-m.main+fp/hard\libgcc.a(_arm_cmpdf2.o)
                0x0000000008000a24                __gtdf2
                0x0000000008000a24                __gedf2
                0x0000000008000a2c                __ltdf2
                0x0000000008000a2c                __ledf2
                0x0000000008000a34                __nedf2
                0x0000000008000a34                __eqdf2
                0x0000000008000a34                __cmpdf2
                0x0000000008000ab0                __aeabi_cdrcmple
                0x0000000008000ac0                __aeabi_cdcmpeq
                0x0000000008000ac0                __aeabi_cdcmple
                0x0000000008000ad0                __aeabi_dcmpeq
                0x0000000008000ae4                __aeabi_dcmplt
                0x0000000008000af8                __aeabi_dcmple
                0x0000000008000b0c                __aeabi_dcmpge
                0x0000000008000b20                __aeabi_dcmpgt
 .text          0x0000000008000b34       0x2c c:/st/stm32cubeide_1.6.1/stm32cubeide/plugins/com.st.stm32cube.ide.mcu.externaltools.gnu-tools-for-stm32.10.3-2021.10.win32_1.0.100.202210260954/tools/bin/../lib/gcc/arm-none-eabi/10.3.1/thumb/v8-m.main+fp/hard\libgcc.a(_arm_unorddf2.o)
                0x0000000008000b34                __unorddf2
                0x0000000008000b34                __aeabi_dcmpun
 .text          0x0000000008000b60       0x50 c:/st/stm32cubeide_1.6.1/stm32cubeide/plugins/com.st.stm32cube.ide.mcu.externaltools.gnu-tools-for-stm32.10.3-2021.10.win32_1.0.100.202210260954/tools/bin/../lib/gcc/arm-none-eabi/10.3.1/thumb/v8-m.main+fp/hard\libgcc.a(_arm_fixdfsi.o)
                0x0000000008000b60                __aeabi_d2iz
                0x0000000008000b60                __fixdfsi
 .text          0x0000000008000bb0       0x30 c:/st/stm32cubeide_1.6.1/stm32cubeide/plugins/com.st.stm32cube.ide.mcu.externaltools.gnu-tools-for-stm32.10.3-2021.10.win32_1.0.100.202210260954/tools/bin/../lib/gcc/arm-none-eabi/10.3.1/thumb/v8-m.main+fp/hard\libgcc.a(_aeabi_uldivmod.o)
                0x0000000008000bb0                __aeabi_uldivmod
 .text          0x0000000008000be0      0x2ec c:/st/stm32cubeide_1.6.1/stm32cubeide/plugins/com.st.stm32cube.ide.mcu.externaltools.gnu-tools-for-stm32.10.3-2021.10.win32_1.0.100.202210260954/tools/bin/../lib/gcc/arm-none-eabi/10.3.1/thumb/v8-m.main+fp/hard\libgcc.a(_udivmoddi4.o)
                0x0000000008000be0                __udivmoddi4
 .text          0x0000000008000ecc        0x4 c:/st/stm32cubeide_1.6.1/stm32cubeide/plugins/com.st.stm32cube.ide.mcu.externaltools.gnu-tools-for-stm32.10.3-2021.10.win32_1.0.100.202210260954/tools/bin/../lib/gcc/arm-none-eabi/10.3.1/thumb/v8-m.main+fp/hard\libgcc.a(_dvmd_tls.o)
                0x0000000008000ecc                __aeabi_idiv0
                0x0000000008000ecc                __aeabi_ldiv0
 *(.text*)
 .text.MX_DCMIQueue_Config
                0x0000000008000ed0       0xf8 ./Core/Src/linked_list.o
                0x0000000008000ed0                MX_DCMIQueue_Config
 .text._write   0x0000000008000fc8       0x1a ./Core/Src/main.o
                0x0000000008000fc8                _write
 *fill*         0x0000000008000fe2        0x2 
 .text.main     0x0000000008000fe4       0x68 ./Core/Src/main.o
                0x0000000008000fe4                main
 .text.SystemClock_Config
                0x000000000800104c       0xc8 ./Core/Src/main.o
                0x000000000800104c                SystemClock_Config
 .text.SystemPower_Config
                0x0000000008001114        0xc ./Core/Src/main.o
 .text.MX_DCMI_Init
                0x0000000008001120       0x6c ./Core/Src/main.o
 .text.MX_GPDMA1_Init
                0x000000000800118c       0x94 ./Core/Src/main.o
 .text.MX_I2C3_Init
                0x0000000008001220       0x80 ./Core/Src/main.o
 .text.MX_ICACHE_Init
                0x00000000080012a0       0x26 ./Core/Src/main.o
 *fill*         0x00000000080012c6        0x2 
 .text.MX_USART1_UART_Init
                0x00000000080012c8       0x98 ./Core/Src/main.o
 .text.MX_GPIO_Init
                0x0000000008001360      0x124 ./Core/Src/main.o
 .text.Error_Handler
                0x0000000008001484        0xa ./Core/Src/main.o
                0x0000000008001484                Error_Handler
 *fill*         0x000000000800148e        0x2 
 .text.HAL_MspInit
                0x0000000008001490       0x34 ./Core/Src/stm32u5xx_hal_msp.o
                0x0000000008001490                HAL_MspInit
 .text.HAL_DCMI_MspInit
                0x00000000080014c4      0x1a4 ./Core/Src/stm32u5xx_hal_msp.o
                0x00000000080014c4                HAL_DCMI_MspInit
 .text.HAL_I2C_MspInit
                0x0000000008001668       0xd0 ./Core/Src/stm32u5xx_hal_msp.o
                0x0000000008001668                HAL_I2C_MspInit
 .text.HAL_UART_MspInit
                0x0000000008001738       0xd0 ./Core/Src/stm32u5xx_hal_msp.o
                0x0000000008001738                HAL_UART_MspInit
 .text.NMI_Handler
                0x0000000008001808        0x6 ./Core/Src/stm32u5xx_it.o
                0x0000000008001808                NMI_Handler
 .text.HardFault_Handler
                0x000000000800180e        0x6 ./Core/Src/stm32u5xx_it.o
                0x000000000800180e                HardFault_Handler
 .text.MemManage_Handler
                0x0000000008001814        0x6 ./Core/Src/stm32u5xx_it.o
                0x0000000008001814                MemManage_Handler
 .text.BusFault_Handler
                0x000000000800181a        0x6 ./Core/Src/stm32u5xx_it.o
                0x000000000800181a                BusFault_Handler
 .text.UsageFault_Handler
                0x0000000008001820        0x6 ./Core/Src/stm32u5xx_it.o
                0x0000000008001820                UsageFault_Handler
 .text.SVC_Handler
                0x0000000008001826        0xe ./Core/Src/stm32u5xx_it.o
                0x0000000008001826                SVC_Handler
 .text.DebugMon_Handler
                0x0000000008001834        0xe ./Core/Src/stm32u5xx_it.o
                0x0000000008001834                DebugMon_Handler
 .text.PendSV_Handler
                0x0000000008001842        0xe ./Core/Src/stm32u5xx_it.o
                0x0000000008001842                PendSV_Handler
 .text.SysTick_Handler
                0x0000000008001850        0xc ./Core/Src/stm32u5xx_it.o
                0x0000000008001850                SysTick_Handler
 .text.GPDMA1_Channel15_IRQHandler
                0x000000000800185c       0x14 ./Core/Src/stm32u5xx_it.o
                0x000000000800185c                GPDMA1_Channel15_IRQHandler
 .text.DCMI_PSSI_IRQHandler
                0x0000000008001870       0x14 ./Core/Src/stm32u5xx_it.o
                0x0000000008001870                DCMI_PSSI_IRQHandler
 .text._getpid  0x0000000008001884       0x10 ./Core/Src/syscalls.o
                0x0000000008001884                _getpid
 .text._kill    0x0000000008001894       0x20 ./Core/Src/syscalls.o
                0x0000000008001894                _kill
 .text._exit    0x00000000080018b4       0x14 ./Core/Src/syscalls.o
                0x00000000080018b4                _exit
 .text._read    0x00000000080018c8       0x3a ./Core/Src/syscalls.o
                0x00000000080018c8                _read
 .text._close   0x0000000008001902       0x18 ./Core/Src/syscalls.o
                0x0000000008001902                _close
 .text._fstat   0x000000000800191a       0x20 ./Core/Src/syscalls.o
                0x000000000800191a                _fstat
 .text._isatty  0x000000000800193a       0x16 ./Core/Src/syscalls.o
                0x000000000800193a                _isatty
 .text._lseek   0x0000000008001950       0x1a ./Core/Src/syscalls.o
                0x0000000008001950                _lseek
 *fill*         0x000000000800196a        0x2 
 .text._sbrk    0x000000000800196c       0x6c ./Core/Src/sysmem.o
                0x000000000800196c                _sbrk
 .text.SystemInit
                0x00000000080019d8       0x70 ./Core/Src/system_stm32u5xx.o
                0x00000000080019d8                SystemInit
 .text.Reset_Handler
                0x0000000008001a48       0x50 ./Core/Startup/startup_stm32u575ritx.o
                0x0000000008001a48                Reset_Handler
 .text.Default_Handler
                0x0000000008001a98        0x2 ./Core/Startup/startup_stm32u575ritx.o
                0x0000000008001a98                EXTI2_IRQHandler
                0x0000000008001a98                TIM8_TRG_COM_IRQHandler
                0x0000000008001a98                TIM8_CC_IRQHandler
                0x0000000008001a98                EXTI5_IRQHandler
                0x0000000008001a98                FLASH_S_IRQHandler
                0x0000000008001a98                EXTI13_IRQHandler
                0x0000000008001a98                TIM1_CC_IRQHandler
                0x0000000008001a98                TSC_IRQHandler
                0x0000000008001a98                TAMP_IRQHandler
                0x0000000008001a98                TIM6_IRQHandler
                0x0000000008001a98                EXTI12_IRQHandler
                0x0000000008001a98                CORDIC_IRQHandler
                0x0000000008001a98                EXTI3_IRQHandler
                0x0000000008001a98                LPTIM4_IRQHandler
                0x0000000008001a98                GPDMA1_Channel5_IRQHandler
                0x0000000008001a98                EXTI8_IRQHandler
                0x0000000008001a98                LPTIM2_IRQHandler
                0x0000000008001a98                I2C3_ER_IRQHandler
                0x0000000008001a98                PWR_S3WU_IRQHandler
                0x0000000008001a98                MDF1_FLT2_IRQHandler
                0x0000000008001a98                LPDMA1_Channel3_IRQHandler
                0x0000000008001a98                LPTIM3_IRQHandler
                0x0000000008001a98                EXTI0_IRQHandler
                0x0000000008001a98                I2C2_EV_IRQHandler
                0x0000000008001a98                FPU_IRQHandler
                0x0000000008001a98                GPDMA1_Channel3_IRQHandler
                0x0000000008001a98                GPDMA1_Channel7_IRQHandler
                0x0000000008001a98                MDF1_FLT4_IRQHandler
                0x0000000008001a98                FDCAN1_IT1_IRQHandler
                0x0000000008001a98                RAMCFG_IRQHandler
                0x0000000008001a98                GPDMA1_Channel9_IRQHandler
                0x0000000008001a98                DCACHE1_IRQHandler
                0x0000000008001a98                SPI1_IRQHandler
                0x0000000008001a98                OCTOSPI1_IRQHandler
                0x0000000008001a98                GPDMA1_Channel2_IRQHandler
                0x0000000008001a98                TIM8_UP_IRQHandler
                0x0000000008001a98                RCC_S_IRQHandler
                0x0000000008001a98                OCTOSPI2_IRQHandler
                0x0000000008001a98                SAI2_IRQHandler
                0x0000000008001a98                MDF1_FLT1_IRQHandler
                0x0000000008001a98                ADC1_IRQHandler
                0x0000000008001a98                MDF1_FLT5_IRQHandler
                0x0000000008001a98                EXTI15_IRQHandler
                0x0000000008001a98                TIM17_IRQHandler
                0x0000000008001a98                USART3_IRQHandler
                0x0000000008001a98                RTC_IRQHandler
                0x0000000008001a98                EXTI9_IRQHandler
                0x0000000008001a98                UART5_IRQHandler
                0x0000000008001a98                TIM4_IRQHandler
                0x0000000008001a98                I2C1_EV_IRQHandler
                0x0000000008001a98                GPDMA1_Channel12_IRQHandler
                0x0000000008001a98                GPDMA1_Channel1_IRQHandler
                0x0000000008001a98                TIM16_IRQHandler
                0x0000000008001a98                UART4_IRQHandler
                0x0000000008001a98                SecureFault_Handler
                0x0000000008001a98                TIM3_IRQHandler
                0x0000000008001a98                RCC_IRQHandler
                0x0000000008001a98                TIM1_TRG_COM_IRQHandler
                0x0000000008001a98                Default_Handler
                0x0000000008001a98                GPDMA1_Channel8_IRQHandler
                0x0000000008001a98                FMAC_IRQHandler
                0x0000000008001a98                GPDMA1_Channel11_IRQHandler
                0x0000000008001a98                TIM7_IRQHandler
                0x0000000008001a98                SDMMC1_IRQHandler
                0x0000000008001a98                TIM5_IRQHandler
                0x0000000008001a98                UCPD1_IRQHandler
                0x0000000008001a98                GPDMA1_Channel0_IRQHandler
                0x0000000008001a98                TIM15_IRQHandler
                0x0000000008001a98                PVD_AVD_IRQHandler
                0x0000000008001a98                I2C3_EV_IRQHandler
                0x0000000008001a98                LPDMA1_Channel0_IRQHandler
                0x0000000008001a98                SPI2_IRQHandler
                0x0000000008001a98                LPDMA1_Channel1_IRQHandler
                0x0000000008001a98                EXTI14_IRQHandler
                0x0000000008001a98                EXTI11_IRQHandler
                0x0000000008001a98                CRS_IRQHandler
                0x0000000008001a98                GPDMA1_Channel14_IRQHandler
                0x0000000008001a98                EXTI4_IRQHandler
                0x0000000008001a98                RTC_S_IRQHandler
                0x0000000008001a98                GPDMA1_Channel13_IRQHandler
                0x0000000008001a98                RNG_IRQHandler
                0x0000000008001a98                COMP_IRQHandler
                0x0000000008001a98                TIM1_UP_IRQHandler
                0x0000000008001a98                ADC4_IRQHandler
                0x0000000008001a98                WWDG_IRQHandler
                0x0000000008001a98                I2C4_EV_IRQHandler
                0x0000000008001a98                ADF1_IRQHandler
                0x0000000008001a98                IWDG_IRQHandler
                0x0000000008001a98                LPUART1_IRQHandler
                0x0000000008001a98                MDF1_FLT0_IRQHandler
                0x0000000008001a98                FDCAN1_IT0_IRQHandler
                0x0000000008001a98                TIM2_IRQHandler
                0x0000000008001a98                GPDMA1_Channel4_IRQHandler
                0x0000000008001a98                EXTI7_IRQHandler
                0x0000000008001a98                DMA2D_IRQHandler
                0x0000000008001a98                TIM1_BRK_IRQHandler
                0x0000000008001a98                EXTI1_IRQHandler
                0x0000000008001a98                SDMMC2_IRQHandler
                0x0000000008001a98                DAC1_IRQHandler
                0x0000000008001a98                GTZC_IRQHandler
                0x0000000008001a98                MDF1_FLT3_IRQHandler
                0x0000000008001a98                USART2_IRQHandler
                0x0000000008001a98                GPDMA1_Channel6_IRQHandler
                0x0000000008001a98                I2C2_ER_IRQHandler
                0x0000000008001a98                TIM8_BRK_IRQHandler
                0x0000000008001a98                FLASH_IRQHandler
                0x0000000008001a98                USART1_IRQHandler
                0x0000000008001a98                EXTI10_IRQHandler
                0x0000000008001a98                OTG_FS_IRQHandler
                0x0000000008001a98                SPI3_IRQHandler
                0x0000000008001a98                LPDMA1_Channel2_IRQHandler
                0x0000000008001a98                I2C1_ER_IRQHandler
                0x0000000008001a98                FMC_IRQHandler
                0x0000000008001a98                EXTI6_IRQHandler
                0x0000000008001a98                LPTIM1_IRQHandler
                0x0000000008001a98                I2C4_ER_IRQHandler
                0x0000000008001a98                GPDMA1_Channel10_IRQHandler
                0x0000000008001a98                ICACHE_IRQHandler
                0x0000000008001a98                SAI1_IRQHandler
                0x0000000008001a98                HASH_IRQHandler
 *fill*         0x0000000008001a9a        0x2 
 .text.HAL_Init
                0x0000000008001a9c       0x5c ./Drivers/STM32U5xx_HAL_Driver/Src/stm32u5xx_hal.o
                0x0000000008001a9c                HAL_Init
 .text.HAL_InitTick
                0x0000000008001af8       0x6c ./Drivers/STM32U5xx_HAL_Driver/Src/stm32u5xx_hal.o
                0x0000000008001af8                HAL_InitTick
 .text.HAL_IncTick
                0x0000000008001b64       0x28 ./Drivers/STM32U5xx_HAL_Driver/Src/stm32u5xx_hal.o
                0x0000000008001b64                HAL_IncTick
 .text.HAL_GetTick
                0x0000000008001b8c       0x18 ./Drivers/STM32U5xx_HAL_Driver/Src/stm32u5xx_hal.o
                0x0000000008001b8c                HAL_GetTick
 .text.HAL_Delay
                0x0000000008001ba4       0x48 ./Drivers/STM32U5xx_HAL_Driver/Src/stm32u5xx_hal.o
                0x0000000008001ba4                HAL_Delay
 .text.__NVIC_SetPriorityGrouping
                0x0000000008001bec       0x48 ./Drivers/STM32U5xx_HAL_Driver/Src/stm32u5xx_hal_cortex.o
 .text.__NVIC_GetPriorityGrouping
                0x0000000008001c34       0x1c ./Drivers/STM32U5xx_HAL_Driver/Src/stm32u5xx_hal_cortex.o
 .text.__NVIC_EnableIRQ
                0x0000000008001c50       0x3c ./Drivers/STM32U5xx_HAL_Driver/Src/stm32u5xx_hal_cortex.o
 .text.__NVIC_DisableIRQ
                0x0000000008001c8c       0x48 ./Drivers/STM32U5xx_HAL_Driver/Src/stm32u5xx_hal_cortex.o
 .text.__NVIC_SetPriority
                0x0000000008001cd4       0x54 ./Drivers/STM32U5xx_HAL_Driver/Src/stm32u5xx_hal_cortex.o
 .text.NVIC_EncodePriority
                0x0000000008001d28       0x66 ./Drivers/STM32U5xx_HAL_Driver/Src/stm32u5xx_hal_cortex.o
 *fill*         0x0000000008001d8e        0x2 
 .text.SysTick_Config
                0x0000000008001d90       0x44 ./Drivers/STM32U5xx_HAL_Driver/Src/stm32u5xx_hal_cortex.o
 .text.HAL_NVIC_SetPriorityGrouping
                0x0000000008001dd4       0x16 ./Drivers/STM32U5xx_HAL_Driver/Src/stm32u5xx_hal_cortex.o
                0x0000000008001dd4                HAL_NVIC_SetPriorityGrouping
 .text.HAL_NVIC_SetPriority
                0x0000000008001dea       0x34 ./Drivers/STM32U5xx_HAL_Driver/Src/stm32u5xx_hal_cortex.o
                0x0000000008001dea                HAL_NVIC_SetPriority
 .text.HAL_NVIC_EnableIRQ
                0x0000000008001e1e       0x1c ./Drivers/STM32U5xx_HAL_Driver/Src/stm32u5xx_hal_cortex.o
                0x0000000008001e1e                HAL_NVIC_EnableIRQ
 .text.HAL_NVIC_DisableIRQ
                0x0000000008001e3a       0x1c ./Drivers/STM32U5xx_HAL_Driver/Src/stm32u5xx_hal_cortex.o
                0x0000000008001e3a                HAL_NVIC_DisableIRQ
 .text.HAL_SYSTICK_Config
                0x0000000008001e56       0x18 ./Drivers/STM32U5xx_HAL_Driver/Src/stm32u5xx_hal_cortex.o
                0x0000000008001e56                HAL_SYSTICK_Config
 *fill*         0x0000000008001e6e        0x2 
 .text.HAL_DCMI_Init
                0x0000000008001e70       0xf4 ./Drivers/STM32U5xx_HAL_Driver/Src/stm32u5xx_hal_dcmi.o
                0x0000000008001e70                HAL_DCMI_Init
 .text.HAL_DCMI_Start_DMA
                0x0000000008001f64      0x344 ./Drivers/STM32U5xx_HAL_Driver/Src/stm32u5xx_hal_dcmi.o
                0x0000000008001f64                HAL_DCMI_Start_DMA
 .text.HAL_DCMI_Stop
                0x00000000080022a8       0xc0 ./Drivers/STM32U5xx_HAL_Driver/Src/stm32u5xx_hal_dcmi.o
                0x00000000080022a8                HAL_DCMI_Stop
 .text.HAL_DCMI_Suspend
                0x0000000008002368       0xb0 ./Drivers/STM32U5xx_HAL_Driver/Src/stm32u5xx_hal_dcmi.o
                0x0000000008002368                HAL_DCMI_Suspend
 .text.HAL_DCMI_Resume
                0x0000000008002418       0x58 ./Drivers/STM32U5xx_HAL_Driver/Src/stm32u5xx_hal_dcmi.o
                0x0000000008002418                HAL_DCMI_Resume
 .text.HAL_DCMI_IRQHandler
                0x0000000008002470      0x124 ./Drivers/STM32U5xx_HAL_Driver/Src/stm32u5xx_hal_dcmi.o
                0x0000000008002470                HAL_DCMI_IRQHandler
 .text.HAL_DCMI_LineEventCallback
                0x0000000008002594       0x14 ./Drivers/STM32U5xx_HAL_Driver/Src/stm32u5xx_hal_dcmi.o
                0x0000000008002594                HAL_DCMI_LineEventCallback
 .text.HAL_DCMI_VsyncEventCallback
                0x00000000080025a8       0x14 ./Drivers/STM32U5xx_HAL_Driver/Src/stm32u5xx_hal_dcmi.o
                0x00000000080025a8                HAL_DCMI_VsyncEventCallback
 .text.DCMI_DMAXferCplt
                0x00000000080025bc      0x10c ./Drivers/STM32U5xx_HAL_Driver/Src/stm32u5xx_hal_dcmi.o
 .text.DCMI_DMAError
                0x00000000080026c8       0x3a ./Drivers/STM32U5xx_HAL_Driver/Src/stm32u5xx_hal_dcmi.o
 .text.HAL_DMA_Start_IT
                0x0000000008002702       0xc0 ./Drivers/STM32U5xx_HAL_Driver/Src/stm32u5xx_hal_dma.o
                0x0000000008002702                HAL_DMA_Start_IT
 .text.HAL_DMA_Abort
                0x00000000080027c2       0xf8 ./Drivers/STM32U5xx_HAL_Driver/Src/stm32u5xx_hal_dma.o
                0x00000000080027c2                HAL_DMA_Abort
 .text.HAL_DMA_Abort_IT
                0x00000000080028ba       0x52 ./Drivers/STM32U5xx_HAL_Driver/Src/stm32u5xx_hal_dma.o
                0x00000000080028ba                HAL_DMA_Abort_IT
 .text.HAL_DMA_IRQHandler
                0x000000000800290c      0x2e8 ./Drivers/STM32U5xx_HAL_Driver/Src/stm32u5xx_hal_dma.o
                0x000000000800290c                HAL_DMA_IRQHandler
 .text.HAL_DMA_ConfigChannelAttributes
                0x0000000008002bf4       0x78 ./Drivers/STM32U5xx_HAL_Driver/Src/stm32u5xx_hal_dma.o
                0x0000000008002bf4                HAL_DMA_ConfigChannelAttributes
 .text.DMA_SetConfig
                0x0000000008002c6c       0x4a ./Drivers/STM32U5xx_HAL_Driver/Src/stm32u5xx_hal_dma.o
 *fill*         0x0000000008002cb6        0x2 
 .text.HAL_DMAEx_List_Init
                0x0000000008002cb8      0x25c ./Drivers/STM32U5xx_HAL_Driver/Src/stm32u5xx_hal_dma_ex.o
                0x0000000008002cb8                HAL_DMAEx_List_Init
 .text.HAL_DMAEx_List_Start_IT
                0x0000000008002f14      0x128 ./Drivers/STM32U5xx_HAL_Driver/Src/stm32u5xx_hal_dma_ex.o
                0x0000000008002f14                HAL_DMAEx_List_Start_IT
 .text.HAL_DMAEx_List_BuildNode
                0x000000000800303c       0x2c ./Drivers/STM32U5xx_HAL_Driver/Src/stm32u5xx_hal_dma_ex.o
                0x000000000800303c                HAL_DMAEx_List_BuildNode
 .text.HAL_DMAEx_List_InsertNode_Tail
                0x0000000008003068       0xf0 ./Drivers/STM32U5xx_HAL_Driver/Src/stm32u5xx_hal_dma_ex.o
                0x0000000008003068                HAL_DMAEx_List_InsertNode_Tail
 .text.HAL_DMAEx_List_SetCircularModeConfig
                0x0000000008003158       0xdc ./Drivers/STM32U5xx_HAL_Driver/Src/stm32u5xx_hal_dma_ex.o
                0x0000000008003158                HAL_DMAEx_List_SetCircularModeConfig
 .text.HAL_DMAEx_List_LinkQ
                0x0000000008003234      0x12c ./Drivers/STM32U5xx_HAL_Driver/Src/stm32u5xx_hal_dma_ex.o
                0x0000000008003234                HAL_DMAEx_List_LinkQ
 .text.DMA_List_Init
                0x0000000008003360      0x2b0 ./Drivers/STM32U5xx_HAL_Driver/Src/stm32u5xx_hal_dma_ex.o
 .text.DMA_List_BuildNode
                0x0000000008003610      0x2a4 ./Drivers/STM32U5xx_HAL_Driver/Src/stm32u5xx_hal_dma_ex.o
 .text.DMA_List_CheckNodesBaseAddresses
                0x00000000080038b4       0x60 ./Drivers/STM32U5xx_HAL_Driver/Src/stm32u5xx_hal_dma_ex.o
 .text.DMA_List_CheckNodesTypes
                0x0000000008003914       0x78 ./Drivers/STM32U5xx_HAL_Driver/Src/stm32u5xx_hal_dma_ex.o
 .text.DMA_List_GetCLLRNodeInfo
                0x000000000800398c       0x60 ./Drivers/STM32U5xx_HAL_Driver/Src/stm32u5xx_hal_dma_ex.o
 .text.DMA_List_FindNode
                0x00000000080039ec      0x13e ./Drivers/STM32U5xx_HAL_Driver/Src/stm32u5xx_hal_dma_ex.o
 *fill*         0x0000000008003b2a        0x2 
 .text.HAL_GPIO_Init
                0x0000000008003b2c      0x3b0 ./Drivers/STM32U5xx_HAL_Driver/Src/stm32u5xx_hal_gpio.o
                0x0000000008003b2c                HAL_GPIO_Init
 .text.HAL_GPIO_WritePin
                0x0000000008003edc       0x30 ./Drivers/STM32U5xx_HAL_Driver/Src/stm32u5xx_hal_gpio.o
                0x0000000008003edc                HAL_GPIO_WritePin
 .text.HAL_GPIO_TogglePin
                0x0000000008003f0c       0x34 ./Drivers/STM32U5xx_HAL_Driver/Src/stm32u5xx_hal_gpio.o
                0x0000000008003f0c                HAL_GPIO_TogglePin
 .text.HAL_I2C_Init
                0x0000000008003f40      0x11e ./Drivers/STM32U5xx_HAL_Driver/Src/stm32u5xx_hal_i2c.o
                0x0000000008003f40                HAL_I2C_Init
 *fill*         0x000000000800405e        0x2 
 .text.HAL_I2C_Master_Transmit
                0x0000000008004060      0x1e8 ./Drivers/STM32U5xx_HAL_Driver/Src/stm32u5xx_hal_i2c.o
                0x0000000008004060                HAL_I2C_Master_Transmit
 .text.HAL_I2C_Master_Receive
                0x0000000008004248      0x1ec ./Drivers/STM32U5xx_HAL_Driver/Src/stm32u5xx_hal_i2c.o
                0x0000000008004248                HAL_I2C_Master_Receive
 .text.I2C_Flush_TXDR
                0x0000000008004434       0x48 ./Drivers/STM32U5xx_HAL_Driver/Src/stm32u5xx_hal_i2c.o
 .text.I2C_WaitOnFlagUntilTimeout
                0x000000000800447c       0x80 ./Drivers/STM32U5xx_HAL_Driver/Src/stm32u5xx_hal_i2c.o
 .text.I2C_WaitOnTXISFlagUntilTimeout
                0x00000000080044fc       0x80 ./Drivers/STM32U5xx_HAL_Driver/Src/stm32u5xx_hal_i2c.o
 .text.I2C_WaitOnSTOPFlagUntilTimeout
                0x000000000800457c       0x78 ./Drivers/STM32U5xx_HAL_Driver/Src/stm32u5xx_hal_i2c.o
 .text.I2C_WaitOnRXNEFlagUntilTimeout
                0x00000000080045f4       0xf4 ./Drivers/STM32U5xx_HAL_Driver/Src/stm32u5xx_hal_i2c.o
 .text.I2C_IsErrorOccurred
                0x00000000080046e8      0x1d8 ./Drivers/STM32U5xx_HAL_Driver/Src/stm32u5xx_hal_i2c.o
 .text.I2C_TransferConfig
                0x00000000080048c0       0x64 ./Drivers/STM32U5xx_HAL_Driver/Src/stm32u5xx_hal_i2c.o
 .text.HAL_I2CEx_ConfigAnalogFilter
                0x0000000008004924       0x96 ./Drivers/STM32U5xx_HAL_Driver/Src/stm32u5xx_hal_i2c_ex.o
                0x0000000008004924                HAL_I2CEx_ConfigAnalogFilter
 .text.HAL_I2CEx_ConfigDigitalFilter
                0x00000000080049ba       0x98 ./Drivers/STM32U5xx_HAL_Driver/Src/stm32u5xx_hal_i2c_ex.o
                0x00000000080049ba                HAL_I2CEx_ConfigDigitalFilter
 *fill*         0x0000000008004a52        0x2 
 .text.HAL_ICACHE_ConfigAssociativityMode
                0x0000000008004a54       0x40 ./Drivers/STM32U5xx_HAL_Driver/Src/stm32u5xx_hal_icache.o
                0x0000000008004a54                HAL_ICACHE_ConfigAssociativityMode
 .text.HAL_ICACHE_Enable
                0x0000000008004a94       0x20 ./Drivers/STM32U5xx_HAL_Driver/Src/stm32u5xx_hal_icache.o
                0x0000000008004a94                HAL_ICACHE_Enable
 .text.HAL_PWREx_ControlVoltageScaling
                0x0000000008004ab4       0xe8 ./Drivers/STM32U5xx_HAL_Driver/Src/stm32u5xx_hal_pwr_ex.o
                0x0000000008004ab4                HAL_PWREx_ControlVoltageScaling
 .text.HAL_PWREx_GetVoltageRange
                0x0000000008004b9c       0x1c ./Drivers/STM32U5xx_HAL_Driver/Src/stm32u5xx_hal_pwr_ex.o
                0x0000000008004b9c                HAL_PWREx_GetVoltageRange
 .text.HAL_PWREx_DisableUCPDDeadBattery
                0x0000000008004bb8       0x20 ./Drivers/STM32U5xx_HAL_Driver/Src/stm32u5xx_hal_pwr_ex.o
                0x0000000008004bb8                HAL_PWREx_DisableUCPDDeadBattery
 .text.HAL_RCC_OscConfig
                0x0000000008004bd8      0xdac ./Drivers/STM32U5xx_HAL_Driver/Src/stm32u5xx_hal_rcc.o
                0x0000000008004bd8                HAL_RCC_OscConfig
 .text.HAL_RCC_ClockConfig
                0x0000000008005984      0x3e4 ./Drivers/STM32U5xx_HAL_Driver/Src/stm32u5xx_hal_rcc.o
                0x0000000008005984                HAL_RCC_ClockConfig
 .text.HAL_RCC_MCOConfig
                0x0000000008005d68       0x70 ./Drivers/STM32U5xx_HAL_Driver/Src/stm32u5xx_hal_rcc.o
                0x0000000008005d68                HAL_RCC_MCOConfig
 .text.HAL_RCC_GetSysClockFreq
                0x0000000008005dd8      0x210 ./Drivers/STM32U5xx_HAL_Driver/Src/stm32u5xx_hal_rcc.o
                0x0000000008005dd8                HAL_RCC_GetSysClockFreq
 .text.HAL_RCC_GetHCLKFreq
                0x0000000008005fe8       0x34 ./Drivers/STM32U5xx_HAL_Driver/Src/stm32u5xx_hal_rcc.o
                0x0000000008005fe8                HAL_RCC_GetHCLKFreq
 .text.HAL_RCC_GetPCLK1Freq
                0x000000000800601c       0x28 ./Drivers/STM32U5xx_HAL_Driver/Src/stm32u5xx_hal_rcc.o
                0x000000000800601c                HAL_RCC_GetPCLK1Freq
 .text.HAL_RCC_GetPCLK2Freq
                0x0000000008006044       0x28 ./Drivers/STM32U5xx_HAL_Driver/Src/stm32u5xx_hal_rcc.o
                0x0000000008006044                HAL_RCC_GetPCLK2Freq
 .text.HAL_RCC_GetPCLK3Freq
                0x000000000800606c       0x28 ./Drivers/STM32U5xx_HAL_Driver/Src/stm32u5xx_hal_rcc.o
                0x000000000800606c                HAL_RCC_GetPCLK3Freq
 .text.RCC_SetFlashLatencyFromMSIRange
                0x0000000008006094      0x10c ./Drivers/STM32U5xx_HAL_Driver/Src/stm32u5xx_hal_rcc.o
 .text.HAL_RCCEx_PeriphCLKConfig
                0x00000000080061a0      0xb80 ./Drivers/STM32U5xx_HAL_Driver/Src/stm32u5xx_hal_rcc_ex.o
                0x00000000080061a0                HAL_RCCEx_PeriphCLKConfig
 .text.HAL_RCCEx_GetPLL1ClockFreq
                0x0000000008006d20      0x2cc ./Drivers/STM32U5xx_HAL_Driver/Src/stm32u5xx_hal_rcc_ex.o
                0x0000000008006d20                HAL_RCCEx_GetPLL1ClockFreq
 .text.HAL_RCCEx_GetPLL2ClockFreq
                0x0000000008006fec      0x2cc ./Drivers/STM32U5xx_HAL_Driver/Src/stm32u5xx_hal_rcc_ex.o
                0x0000000008006fec                HAL_RCCEx_GetPLL2ClockFreq
 .text.HAL_RCCEx_GetPLL3ClockFreq
                0x00000000080072b8      0x2cc ./Drivers/STM32U5xx_HAL_Driver/Src/stm32u5xx_hal_rcc_ex.o
                0x00000000080072b8                HAL_RCCEx_GetPLL3ClockFreq
 .text.HAL_RCCEx_GetPeriphCLKFreq
                0x0000000008007584     0x1250 ./Drivers/STM32U5xx_HAL_Driver/Src/stm32u5xx_hal_rcc_ex.o
                0x0000000008007584                HAL_RCCEx_GetPeriphCLKFreq
 .text.RCCEx_PLL2_Config
                0x00000000080087d4      0x130 ./Drivers/STM32U5xx_HAL_Driver/Src/stm32u5xx_hal_rcc_ex.o
 .text.RCCEx_PLL3_Config
                0x0000000008008904      0x130 ./Drivers/STM32U5xx_HAL_Driver/Src/stm32u5xx_hal_rcc_ex.o
 .text.HAL_UART_Init
                0x0000000008008a34       0xa0 ./Drivers/STM32U5xx_HAL_Driver/Src/stm32u5xx_hal_uart.o
                0x0000000008008a34                HAL_UART_Init
 .text.HAL_UART_Transmit
                0x0000000008008ad4      0x14a ./Drivers/STM32U5xx_HAL_Driver/Src/stm32u5xx_hal_uart.o
                0x0000000008008ad4                HAL_UART_Transmit
 *fill*         0x0000000008008c1e        0x2 
 .text.HAL_UART_Transmit_DMA
                0x0000000008008c20      0x1b4 ./Drivers/STM32U5xx_HAL_Driver/Src/stm32u5xx_hal_uart.o
                0x0000000008008c20                HAL_UART_Transmit_DMA
 .text.HAL_UART_TxCpltCallback
                0x0000000008008dd4       0x14 ./Drivers/STM32U5xx_HAL_Driver/Src/stm32u5xx_hal_uart.o
                0x0000000008008dd4                HAL_UART_TxCpltCallback
 .text.HAL_UART_TxHalfCpltCallback
                0x0000000008008de8       0x14 ./Drivers/STM32U5xx_HAL_Driver/Src/stm32u5xx_hal_uart.o
                0x0000000008008de8                HAL_UART_TxHalfCpltCallback
 .text.HAL_UART_ErrorCallback
                0x0000000008008dfc       0x14 ./Drivers/STM32U5xx_HAL_Driver/Src/stm32u5xx_hal_uart.o
                0x0000000008008dfc                HAL_UART_ErrorCallback
 .text.UART_SetConfig
                0x0000000008008e10      0x344 ./Drivers/STM32U5xx_HAL_Driver/Src/stm32u5xx_hal_uart.o
                0x0000000008008e10                UART_SetConfig
 .text.UART_AdvFeatureConfig
                0x0000000008009154      0x144 ./Drivers/STM32U5xx_HAL_Driver/Src/stm32u5xx_hal_uart.o
                0x0000000008009154                UART_AdvFeatureConfig
 .text.UART_CheckIdleState
                0x0000000008009298       0x96 ./Drivers/STM32U5xx_HAL_Driver/Src/stm32u5xx_hal_uart.o
                0x0000000008009298                UART_CheckIdleState
 .text.UART_WaitOnFlagUntilTimeout
                0x000000000800932e      0x190 ./Drivers/STM32U5xx_HAL_Driver/Src/stm32u5xx_hal_uart.o
                0x000000000800932e                UART_WaitOnFlagUntilTimeout
 .text.UART_EndTxTransfer
                0x00000000080094be       0x82 ./Drivers/STM32U5xx_HAL_Driver/Src/stm32u5xx_hal_uart.o
 .text.UART_EndRxTransfer
                0x0000000008009540       0xcc ./Drivers/STM32U5xx_HAL_Driver/Src/stm32u5xx_hal_uart.o
 .text.UART_DMATransmitCplt
                0x000000000800960c       0x60 ./Drivers/STM32U5xx_HAL_Driver/Src/stm32u5xx_hal_uart.o
 .text.UART_DMATxHalfCplt
                0x000000000800966c       0x1c ./Drivers/STM32U5xx_HAL_Driver/Src/stm32u5xx_hal_uart.o
 .text.UART_DMAError
                0x0000000008009688       0x80 ./Drivers/STM32U5xx_HAL_Driver/Src/stm32u5xx_hal_uart.o
 .text.HAL_UARTEx_DisableFifoMode
                0x0000000008009708       0x72 ./Drivers/STM32U5xx_HAL_Driver/Src/stm32u5xx_hal_uart_ex.o
                0x0000000008009708                HAL_UARTEx_DisableFifoMode
 .text.HAL_UARTEx_SetTxFifoThreshold
                0x000000000800977a       0x7c ./Drivers/STM32U5xx_HAL_Driver/Src/stm32u5xx_hal_uart_ex.o
                0x000000000800977a                HAL_UARTEx_SetTxFifoThreshold
 .text.HAL_UARTEx_SetRxFifoThreshold
                0x00000000080097f6       0x7c ./Drivers/STM32U5xx_HAL_Driver/Src/stm32u5xx_hal_uart_ex.o
                0x00000000080097f6                HAL_UARTEx_SetRxFifoThreshold
 *fill*         0x0000000008009872        0x2 
 .text.UARTEx_SetNbDataToProcess
                0x0000000008009874       0x9c ./Drivers/STM32U5xx_HAL_Driver/Src/stm32u5xx_hal_uart_ex.o
 .text.OV9712_Init
                0x0000000008009910       0x94 ./Libs/UniSM/OV9712/OV9712.o
                0x0000000008009910                OV9712_Init
 .text.OV9712_Config
                0x00000000080099a4       0x4c ./Libs/UniSM/OV9712/OV9712.o
                0x00000000080099a4                OV9712_Config
 .text.OV9712_Write
                0x00000000080099f0       0x40 ./Libs/UniSM/OV9712/OV9712.o
                0x00000000080099f0                OV9712_Write
 .text.OV9712_Read
                0x0000000008009a30       0x54 ./Libs/UniSM/OV9712/OV9712.o
                0x0000000008009a30                OV9712_Read
 .text.OV9712_Resume
                0x0000000008009a84       0x2c ./Libs/UniSM/OV9712/OV9712.o
                0x0000000008009a84                OV9712_Resume
 .text.OV9712_Pause
                0x0000000008009ab0       0x2c ./Libs/UniSM/OV9712/OV9712.o
                0x0000000008009ab0                OV9712_Pause
 .text.OV9712_Enable
                0x0000000008009adc       0x54 ./Libs/UniSM/OV9712/OV9712.o
                0x0000000008009adc                OV9712_Enable
 .text.OV9712_Disable
                0x0000000008009b30       0x50 ./Libs/UniSM/OV9712/OV9712.o
                0x0000000008009b30                OV9712_Disable
 .text.OV9712_Reset
                0x0000000008009b80       0x68 ./Libs/UniSM/OV9712/OV9712.o
                0x0000000008009b80                OV9712_Reset
 .text.InitializePlatform
                0x0000000008009be8       0x24 ./Libs/UniSM/master.o
                0x0000000008009be8                InitializePlatform
 .text.ConnectToHost
                0x0000000008009c0c        0xe ./Libs/UniSM/master.o
                0x0000000008009c0c                ConnectToHost
 *fill*         0x0000000008009c1a        0x2 
 .text.ConfigureApplication
                0x0000000008009c1c       0x3c ./Libs/UniSM/master.o
                0x0000000008009c1c                ConfigureApplication
 .text.ExitInitialization
                0x0000000008009c58       0x38 ./Libs/UniSM/master.o
                0x0000000008009c58                ExitInitialization
 .text.ApplicationCore
                0x0000000008009c90        0xe ./Libs/UniSM/master.o
                0x0000000008009c90                ApplicationCore
 *fill*         0x0000000008009c9e        0x2 
 .text.SystemError
                0x0000000008009ca0       0x64 ./Libs/UniSM/master.o
                0x0000000008009ca0                SystemError
 .text.Master_Connect
                0x0000000008009d04       0x34 ./Libs/UniSM/master.o
                0x0000000008009d04                Master_Connect
 .text.Master_Init
                0x0000000008009d38       0x48 ./Libs/UniSM/master.o
                0x0000000008009d38                Master_Init
 .text.HAL_DCMI_FrameEventCallback
                0x0000000008009d80       0x24 ./Libs/UniSM/master.o
                0x0000000008009d80                HAL_DCMI_FrameEventCallback
 .text.HAL_DCMI_ErrorCallback
                0x0000000008009da4       0x30 ./Libs/UniSM/master.o
                0x0000000008009da4                HAL_DCMI_ErrorCallback
 .text.Master_Run
                0x0000000008009dd4       0x58 ./Libs/UniSM/master.o
                0x0000000008009dd4                Master_Run
 .text.InitPlatform
                0x0000000008009e2c       0x26 ./Libs/UniSM/platform.o
                0x0000000008009e2c                InitPlatform
 .text.WritePin
                0x0000000008009e52       0x26 ./Libs/UniSM/platform.o
                0x0000000008009e52                WritePin
 .text.SetPortMode
                0x0000000008009e78       0x26 ./Libs/UniSM/platform.o
                0x0000000008009e78                SetPortMode
 *fill*         0x0000000008009e9e        0x2 
 .text.PerformHostCommand
                0x0000000008009ea0       0x94 ./Libs/UniSM/platform.o
                0x0000000008009ea0                PerformHostCommand
 .text.TransmitToHost
                0x0000000008009f34       0x2c ./Libs/UniSM/platform.o
                0x0000000008009f34                TransmitToHost
 .text.ReceiveFromHost
                0x0000000008009f60       0x28 ./Libs/UniSM/platform.o
                0x0000000008009f60                ReceiveFromHost
 .text.InitSystem
                0x0000000008009f88       0x2c ./Libs/UniSM/system.o
                0x0000000008009f88                InitSystem
 .text.NextStateSystem
                0x0000000008009fb4       0x2c ./Libs/UniSM/system.o
                0x0000000008009fb4                NextStateSystem
 .text.GetStateSystem
                0x0000000008009fe0       0x24 ./Libs/UniSM/system.o
                0x0000000008009fe0                GetStateSystem
 .text.SetStateSystem
                0x000000000800a004       0x5c ./Libs/UniSM/system.o
                0x000000000800a004                SetStateSystem
 .text.PerformStateSystem
                0x000000000800a060       0x2c ./Libs/UniSM/system.o
                0x000000000800a060                PerformStateSystem
 .text.EnterStateSystem
                0x000000000800a08c       0x2c ./Libs/UniSM/system.o
                0x000000000800a08c                EnterStateSystem
 .text.IsInStateSystem
                0x000000000800a0b8       0x30 ./Libs/UniSM/system.o
                0x000000000800a0b8                IsInStateSystem
 .text.GetStateFromListSystem
                0x000000000800a0e8       0x46 ./Libs/UniSM/system.o
                0x000000000800a0e8                GetStateFromListSystem
 *fill*         0x000000000800a12e        0x2 
 .text.__NVIC_SystemReset
                0x000000000800a130       0x2c ./Libs/UniSM/platforms/stm32_interface.o
 .text.HAL_GPIO_EXTI_Callback
                0x000000000800a15c       0x16 ./Libs/UniSM/platforms/stm32_interface.o
                0x000000000800a15c                HAL_GPIO_EXTI_Callback
 .text.STM_InterruptEnable
                0x000000000800a172       0x14 ./Libs/UniSM/platforms/stm32_interface.o
                0x000000000800a172                STM_InterruptEnable
 .text.STM_InterruptDisable
                0x000000000800a186       0x14 ./Libs/UniSM/platforms/stm32_interface.o
                0x000000000800a186                STM_InterruptDisable
 .text.STM_DCMIStart_DMA
                0x000000000800a19a       0x2c ./Libs/UniSM/platforms/stm32_interface.o
                0x000000000800a19a                STM_DCMIStart_DMA
 .text.STM_DCMIStop
                0x000000000800a1c6       0x20 ./Libs/UniSM/platforms/stm32_interface.o
                0x000000000800a1c6                STM_DCMIStop
 .text.STM_DCMISuspend
                0x000000000800a1e6       0x20 ./Libs/UniSM/platforms/stm32_interface.o
                0x000000000800a1e6                STM_DCMISuspend
 .text.STM_DCMIResume
                0x000000000800a206       0x20 ./Libs/UniSM/platforms/stm32_interface.o
                0x000000000800a206                STM_DCMIResume
 *fill*         0x000000000800a226        0x2 
 .text.STM_UartTxDMA
                0x000000000800a228       0x2c ./Libs/UniSM/platforms/stm32_interface.o
                0x000000000800a228                STM_UartTxDMA
 .text.STM_UartRxDMA
                0x000000000800a254       0x18 ./Libs/UniSM/platforms/stm32_interface.o
                0x000000000800a254                STM_UartRxDMA
 .text.STM_I2CMasterTx
                0x000000000800a26c       0x2e ./Libs/UniSM/platforms/stm32_interface.o
                0x000000000800a26c                STM_I2CMasterTx
 .text.STM_I2CMasterRx
                0x000000000800a29a       0x2e ./Libs/UniSM/platforms/stm32_interface.o
                0x000000000800a29a                STM_I2CMasterRx
 .text.STM_SetPortMode
                0x000000000800a2c8       0x3c ./Libs/UniSM/platforms/stm32_interface.o
                0x000000000800a2c8                STM_SetPortMode
 .text.STM_ReadPort
                0x000000000800a304       0x1a ./Libs/UniSM/platforms/stm32_interface.o
                0x000000000800a304                STM_ReadPort
 .text.STM_WritePin
                0x000000000800a31e       0x24 ./Libs/UniSM/platforms/stm32_interface.o
                0x000000000800a31e                STM_WritePin
 .text.STM_Timestamp
                0x000000000800a342        0xe ./Libs/UniSM/platforms/stm32_interface.o
                0x000000000800a342                STM_Timestamp
 .text.STM_Wait
                0x000000000800a350       0x16 ./Libs/UniSM/platforms/stm32_interface.o
                0x000000000800a350                STM_Wait
 .text.STM_SysClockFreq
                0x000000000800a366        0xe ./Libs/UniSM/platforms/stm32_interface.o
                0x000000000800a366                STM_SysClockFreq
 .text.STM_Reset
                0x000000000800a374        0x8 ./Libs/UniSM/platforms/stm32_interface.o
                0x000000000800a374                STM_Reset
 .text.__errno  0x000000000800a37c        0xc c:/st/stm32cubeide_1.6.1/stm32cubeide/plugins/com.st.stm32cube.ide.mcu.externaltools.gnu-tools-for-stm32.10.3-2021.10.win32_1.0.100.202210260954/tools/bin/../lib/gcc/arm-none-eabi/10.3.1/../../../../arm-none-eabi/lib/thumb/v8-m.main+fp/hard\libc_nano.a(lib_a-errno.o)
                0x000000000800a37c                __errno
 .text.__libc_init_array
                0x000000000800a388       0x48 c:/st/stm32cubeide_1.6.1/stm32cubeide/plugins/com.st.stm32cube.ide.mcu.externaltools.gnu-tools-for-stm32.10.3-2021.10.win32_1.0.100.202210260954/tools/bin/../lib/gcc/arm-none-eabi/10.3.1/../../../../arm-none-eabi/lib/thumb/v8-m.main+fp/hard\libc_nano.a(lib_a-init.o)
                0x000000000800a388                __libc_init_array
 .text.memcpy   0x000000000800a3d0       0x1a c:/st/stm32cubeide_1.6.1/stm32cubeide/plugins/com.st.stm32cube.ide.mcu.externaltools.gnu-tools-for-stm32.10.3-2021.10.win32_1.0.100.202210260954/tools/bin/../lib/gcc/arm-none-eabi/10.3.1/../../../../arm-none-eabi/lib/thumb/v8-m.main+fp/hard\libc_nano.a(lib_a-memcpy-stub.o)
                0x000000000800a3d0                memcpy
 .text.memset   0x000000000800a3ea       0x10 c:/st/stm32cubeide_1.6.1/stm32cubeide/plugins/com.st.stm32cube.ide.mcu.externaltools.gnu-tools-for-stm32.10.3-2021.10.win32_1.0.100.202210260954/tools/bin/../lib/gcc/arm-none-eabi/10.3.1/../../../../arm-none-eabi/lib/thumb/v8-m.main+fp/hard\libc_nano.a(lib_a-memset.o)
                0x000000000800a3ea                memset
 .text.__cvt    0x000000000800a3fa       0xc4 c:/st/stm32cubeide_1.6.1/stm32cubeide/plugins/com.st.stm32cube.ide.mcu.externaltools.gnu-tools-for-stm32.10.3-2021.10.win32_1.0.100.202210260954/tools/bin/../lib/gcc/arm-none-eabi/10.3.1/../../../../arm-none-eabi/lib/thumb/v8-m.main+fp/hard\libc_nano.a(lib_a-nano-vfprintf_float.o)
                0x000000000800a3fa                __cvt
 .text.__exponent
                0x000000000800a4be       0x7c c:/st/stm32cubeide_1.6.1/stm32cubeide/plugins/com.st.stm32cube.ide.mcu.externaltools.gnu-tools-for-stm32.10.3-2021.10.win32_1.0.100.202210260954/tools/bin/../lib/gcc/arm-none-eabi/10.3.1/../../../../arm-none-eabi/lib/thumb/v8-m.main+fp/hard\libc_nano.a(lib_a-nano-vfprintf_float.o)
                0x000000000800a4be                __exponent
 *fill*         0x000000000800a53a        0x2 
 .text._printf_float
                0x000000000800a53c      0x46c c:/st/stm32cubeide_1.6.1/stm32cubeide/plugins/com.st.stm32cube.ide.mcu.externaltools.gnu-tools-for-stm32.10.3-2021.10.win32_1.0.100.202210260954/tools/bin/../lib/gcc/arm-none-eabi/10.3.1/../../../../arm-none-eabi/lib/thumb/v8-m.main+fp/hard\libc_nano.a(lib_a-nano-vfprintf_float.o)
                0x000000000800a53c                _printf_float
 .text._printf_common
                0x000000000800a9a8       0xe0 c:/st/stm32cubeide_1.6.1/stm32cubeide/plugins/com.st.stm32cube.ide.mcu.externaltools.gnu-tools-for-stm32.10.3-2021.10.win32_1.0.100.202210260954/tools/bin/../lib/gcc/arm-none-eabi/10.3.1/../../../../arm-none-eabi/lib/thumb/v8-m.main+fp/hard\libc_nano.a(lib_a-nano-vfprintf_i.o)
                0x000000000800a9a8                _printf_common
 .text._printf_i
                0x000000000800aa88      0x24c c:/st/stm32cubeide_1.6.1/stm32cubeide/plugins/com.st.stm32cube.ide.mcu.externaltools.gnu-tools-for-stm32.10.3-2021.10.win32_1.0.100.202210260954/tools/bin/../lib/gcc/arm-none-eabi/10.3.1/../../../../arm-none-eabi/lib/thumb/v8-m.main+fp/hard\libc_nano.a(lib_a-nano-vfprintf_i.o)
                0x000000000800aa88                _printf_i
 .text.printf   0x000000000800acd4       0x30 c:/st/stm32cubeide_1.6.1/stm32cubeide/plugins/com.st.stm32cube.ide.mcu.externaltools.gnu-tools-for-stm32.10.3-2021.10.win32_1.0.100.202210260954/tools/bin/../lib/gcc/arm-none-eabi/10.3.1/../../../../arm-none-eabi/lib/thumb/v8-m.main+fp/hard\libc_nano.a(lib_a-printf.o)
                0x000000000800acd4                iprintf
                0x000000000800acd4                printf
 .text.putchar  0x000000000800ad04       0x2c c:/st/stm32cubeide_1.6.1/stm32cubeide/plugins/com.st.stm32cube.ide.mcu.externaltools.gnu-tools-for-stm32.10.3-2021.10.win32_1.0.100.202210260954/tools/bin/../lib/gcc/arm-none-eabi/10.3.1/../../../../arm-none-eabi/lib/thumb/v8-m.main+fp/hard\libc_nano.a(lib_a-putchar.o)
                0x000000000800ad04                putchar
 .text._puts_r  0x000000000800ad30       0xdc c:/st/stm32cubeide_1.6.1/stm32cubeide/plugins/com.st.stm32cube.ide.mcu.externaltools.gnu-tools-for-stm32.10.3-2021.10.win32_1.0.100.202210260954/tools/bin/../lib/gcc/arm-none-eabi/10.3.1/../../../../arm-none-eabi/lib/thumb/v8-m.main+fp/hard\libc_nano.a(lib_a-puts.o)
                0x000000000800ad30                _puts_r
 .text.puts     0x000000000800ae0c       0x10 c:/st/stm32cubeide_1.6.1/stm32cubeide/plugins/com.st.stm32cube.ide.mcu.externaltools.gnu-tools-for-stm32.10.3-2021.10.win32_1.0.100.202210260954/tools/bin/../lib/gcc/arm-none-eabi/10.3.1/../../../../arm-none-eabi/lib/thumb/v8-m.main+fp/hard\libc_nano.a(lib_a-puts.o)
                0x000000000800ae0c                puts
 .text.__swbuf_r
                0x000000000800ae1c       0xa4 c:/st/stm32cubeide_1.6.1/stm32cubeide/plugins/com.st.stm32cube.ide.mcu.externaltools.gnu-tools-for-stm32.10.3-2021.10.win32_1.0.100.202210260954/tools/bin/../lib/gcc/arm-none-eabi/10.3.1/../../../../arm-none-eabi/lib/thumb/v8-m.main+fp/hard\libc_nano.a(lib_a-wbuf.o)
                0x000000000800ae1c                __swbuf_r
 .text.__swsetup_r
                0x000000000800aec0       0xdc c:/st/stm32cubeide_1.6.1/stm32cubeide/plugins/com.st.stm32cube.ide.mcu.externaltools.gnu-tools-for-stm32.10.3-2021.10.win32_1.0.100.202210260954/tools/bin/../lib/gcc/arm-none-eabi/10.3.1/../../../../arm-none-eabi/lib/thumb/v8-m.main+fp/hard\libc_nano.a(lib_a-wsetup.o)
                0x000000000800aec0                __swsetup_r
 .text.quorem   0x000000000800af9c      0x122 c:/st/stm32cubeide_1.6.1/stm32cubeide/plugins/com.st.stm32cube.ide.mcu.externaltools.gnu-tools-for-stm32.10.3-2021.10.win32_1.0.100.202210260954/tools/bin/../lib/gcc/arm-none-eabi/10.3.1/../../../../arm-none-eabi/lib/thumb/v8-m.main+fp/hard\libc_nano.a(lib_a-dtoa.o)
 *fill*         0x000000000800b0be        0x2 
 .text._dtoa_r  0x000000000800b0c0      0xbd8 c:/st/stm32cubeide_1.6.1/stm32cubeide/plugins/com.st.stm32cube.ide.mcu.externaltools.gnu-tools-for-stm32.10.3-2021.10.win32_1.0.100.202210260954/tools/bin/../lib/gcc/arm-none-eabi/10.3.1/../../../../arm-none-eabi/lib/thumb/v8-m.main+fp/hard\libc_nano.a(lib_a-dtoa.o)
                0x000000000800b0c0                _dtoa_r
 .text.__sflush_r
                0x000000000800bc98      0x108 c:/st/stm32cubeide_1.6.1/stm32cubeide/plugins/com.st.stm32cube.ide.mcu.externaltools.gnu-tools-for-stm32.10.3-2021.10.win32_1.0.100.202210260954/tools/bin/../lib/gcc/arm-none-eabi/10.3.1/../../../../arm-none-eabi/lib/thumb/v8-m.main+fp/hard\libc_nano.a(lib_a-fflush.o)
                0x000000000800bc98                __sflush_r
 .text._fflush_r
                0x000000000800bda0       0x78 c:/st/stm32cubeide_1.6.1/stm32cubeide/plugins/com.st.stm32cube.ide.mcu.externaltools.gnu-tools-for-stm32.10.3-2021.10.win32_1.0.100.202210260954/tools/bin/../lib/gcc/arm-none-eabi/10.3.1/../../../../arm-none-eabi/lib/thumb/v8-m.main+fp/hard\libc_nano.a(lib_a-fflush.o)
                0x000000000800bda0                _fflush_r
 .text.std      0x000000000800be18       0x48 c:/st/stm32cubeide_1.6.1/stm32cubeide/plugins/com.st.stm32cube.ide.mcu.externaltools.gnu-tools-for-stm32.10.3-2021.10.win32_1.0.100.202210260954/tools/bin/../lib/gcc/arm-none-eabi/10.3.1/../../../../arm-none-eabi/lib/thumb/v8-m.main+fp/hard\libc_nano.a(lib_a-findfp.o)
 .text._cleanup_r
                0x000000000800be60        0xc c:/st/stm32cubeide_1.6.1/stm32cubeide/plugins/com.st.stm32cube.ide.mcu.externaltools.gnu-tools-for-stm32.10.3-2021.10.win32_1.0.100.202210260954/tools/bin/../lib/gcc/arm-none-eabi/10.3.1/../../../../arm-none-eabi/lib/thumb/v8-m.main+fp/hard\libc_nano.a(lib_a-findfp.o)
                0x000000000800be60                _cleanup_r
 .text.__sfmoreglue
                0x000000000800be6c       0x2c c:/st/stm32cubeide_1.6.1/stm32cubeide/plugins/com.st.stm32cube.ide.mcu.externaltools.gnu-tools-for-stm32.10.3-2021.10.win32_1.0.100.202210260954/tools/bin/../lib/gcc/arm-none-eabi/10.3.1/../../../../arm-none-eabi/lib/thumb/v8-m.main+fp/hard\libc_nano.a(lib_a-findfp.o)
                0x000000000800be6c                __sfmoreglue
 .text.__sfp_lock_acquire
                0x000000000800be98        0xc c:/st/stm32cubeide_1.6.1/stm32cubeide/plugins/com.st.stm32cube.ide.mcu.externaltools.gnu-tools-for-stm32.10.3-2021.10.win32_1.0.100.202210260954/tools/bin/../lib/gcc/arm-none-eabi/10.3.1/../../../../arm-none-eabi/lib/thumb/v8-m.main+fp/hard\libc_nano.a(lib_a-findfp.o)
                0x000000000800be98                __sfp_lock_acquire
 .text.__sfp_lock_release
                0x000000000800bea4        0xc c:/st/stm32cubeide_1.6.1/stm32cubeide/plugins/com.st.stm32cube.ide.mcu.externaltools.gnu-tools-for-stm32.10.3-2021.10.win32_1.0.100.202210260954/tools/bin/../lib/gcc/arm-none-eabi/10.3.1/../../../../arm-none-eabi/lib/thumb/v8-m.main+fp/hard\libc_nano.a(lib_a-findfp.o)
                0x000000000800bea4                __sfp_lock_release
 .text.__sinit_lock_acquire
                0x000000000800beb0        0xc c:/st/stm32cubeide_1.6.1/stm32cubeide/plugins/com.st.stm32cube.ide.mcu.externaltools.gnu-tools-for-stm32.10.3-2021.10.win32_1.0.100.202210260954/tools/bin/../lib/gcc/arm-none-eabi/10.3.1/../../../../arm-none-eabi/lib/thumb/v8-m.main+fp/hard\libc_nano.a(lib_a-findfp.o)
                0x000000000800beb0                __sinit_lock_acquire
 .text.__sinit_lock_release
                0x000000000800bebc        0xc c:/st/stm32cubeide_1.6.1/stm32cubeide/plugins/com.st.stm32cube.ide.mcu.externaltools.gnu-tools-for-stm32.10.3-2021.10.win32_1.0.100.202210260954/tools/bin/../lib/gcc/arm-none-eabi/10.3.1/../../../../arm-none-eabi/lib/thumb/v8-m.main+fp/hard\libc_nano.a(lib_a-findfp.o)
                0x000000000800bebc                __sinit_lock_release
 .text.__sinit  0x000000000800bec8       0x70 c:/st/stm32cubeide_1.6.1/stm32cubeide/plugins/com.st.stm32cube.ide.mcu.externaltools.gnu-tools-for-stm32.10.3-2021.10.win32_1.0.100.202210260954/tools/bin/../lib/gcc/arm-none-eabi/10.3.1/../../../../arm-none-eabi/lib/thumb/v8-m.main+fp/hard\libc_nano.a(lib_a-findfp.o)
                0x000000000800bec8                __sinit
 .text.__sfp    0x000000000800bf38       0x8c c:/st/stm32cubeide_1.6.1/stm32cubeide/plugins/com.st.stm32cube.ide.mcu.externaltools.gnu-tools-for-stm32.10.3-2021.10.win32_1.0.100.202210260954/tools/bin/../lib/gcc/arm-none-eabi/10.3.1/../../../../arm-none-eabi/lib/thumb/v8-m.main+fp/hard\libc_nano.a(lib_a-findfp.o)
                0x000000000800bf38                __sfp
 .text._fwalk_reent
                0x000000000800bfc4       0x3e c:/st/stm32cubeide_1.6.1/stm32cubeide/plugins/com.st.stm32cube.ide.mcu.externaltools.gnu-tools-for-stm32.10.3-2021.10.win32_1.0.100.202210260954/tools/bin/../lib/gcc/arm-none-eabi/10.3.1/../../../../arm-none-eabi/lib/thumb/v8-m.main+fp/hard\libc_nano.a(lib_a-fwalk.o)
                0x000000000800bfc4                _fwalk_reent
 *fill*         0x000000000800c002        0x2 
 .text._localeconv_r
                0x000000000800c004        0x8 c:/st/stm32cubeide_1.6.1/stm32cubeide/plugins/com.st.stm32cube.ide.mcu.externaltools.gnu-tools-for-stm32.10.3-2021.10.win32_1.0.100.202210260954/tools/bin/../lib/gcc/arm-none-eabi/10.3.1/../../../../arm-none-eabi/lib/thumb/v8-m.main+fp/hard\libc_nano.a(lib_a-localeconv.o)
                0x000000000800c004                _localeconv_r
 .text.__retarget_lock_init_recursive
                0x000000000800c00c        0x2 c:/st/stm32cubeide_1.6.1/stm32cubeide/plugins/com.st.stm32cube.ide.mcu.externaltools.gnu-tools-for-stm32.10.3-2021.10.win32_1.0.100.202210260954/tools/bin/../lib/gcc/arm-none-eabi/10.3.1/../../../../arm-none-eabi/lib/thumb/v8-m.main+fp/hard\libc_nano.a(lib_a-lock.o)
                0x000000000800c00c                __retarget_lock_init_recursive
 .text.__retarget_lock_acquire_recursive
                0x000000000800c00e        0x2 c:/st/stm32cubeide_1.6.1/stm32cubeide/plugins/com.st.stm32cube.ide.mcu.externaltools.gnu-tools-for-stm32.10.3-2021.10.win32_1.0.100.202210260954/tools/bin/../lib/gcc/arm-none-eabi/10.3.1/../../../../arm-none-eabi/lib/thumb/v8-m.main+fp/hard\libc_nano.a(lib_a-lock.o)
                0x000000000800c00e                __retarget_lock_acquire_recursive
 .text.__retarget_lock_release_recursive
                0x000000000800c010        0x2 c:/st/stm32cubeide_1.6.1/stm32cubeide/plugins/com.st.stm32cube.ide.mcu.externaltools.gnu-tools-for-stm32.10.3-2021.10.win32_1.0.100.202210260954/tools/bin/../lib/gcc/arm-none-eabi/10.3.1/../../../../arm-none-eabi/lib/thumb/v8-m.main+fp/hard\libc_nano.a(lib_a-lock.o)
                0x000000000800c010                __retarget_lock_release_recursive
 .text.__swhatbuf_r
                0x000000000800c012       0x4a c:/st/stm32cubeide_1.6.1/stm32cubeide/plugins/com.st.stm32cube.ide.mcu.externaltools.gnu-tools-for-stm32.10.3-2021.10.win32_1.0.100.202210260954/tools/bin/../lib/gcc/arm-none-eabi/10.3.1/../../../../arm-none-eabi/lib/thumb/v8-m.main+fp/hard\libc_nano.a(lib_a-makebuf.o)
                0x000000000800c012                __swhatbuf_r
 .text.__smakebuf_r
                0x000000000800c05c       0x80 c:/st/stm32cubeide_1.6.1/stm32cubeide/plugins/com.st.stm32cube.ide.mcu.externaltools.gnu-tools-for-stm32.10.3-2021.10.win32_1.0.100.202210260954/tools/bin/../lib/gcc/arm-none-eabi/10.3.1/../../../../arm-none-eabi/lib/thumb/v8-m.main+fp/hard\libc_nano.a(lib_a-makebuf.o)
                0x000000000800c05c                __smakebuf_r
 .text.malloc   0x000000000800c0dc       0x10 c:/st/stm32cubeide_1.6.1/stm32cubeide/plugins/com.st.stm32cube.ide.mcu.externaltools.gnu-tools-for-stm32.10.3-2021.10.win32_1.0.100.202210260954/tools/bin/../lib/gcc/arm-none-eabi/10.3.1/../../../../arm-none-eabi/lib/thumb/v8-m.main+fp/hard\libc_nano.a(lib_a-malloc.o)
                0x000000000800c0dc                malloc
 .text.memchr   0x000000000800c0ec       0x1c c:/st/stm32cubeide_1.6.1/stm32cubeide/plugins/com.st.stm32cube.ide.mcu.externaltools.gnu-tools-for-stm32.10.3-2021.10.win32_1.0.100.202210260954/tools/bin/../lib/gcc/arm-none-eabi/10.3.1/../../../../arm-none-eabi/lib/thumb/v8-m.main+fp/hard\libc_nano.a(lib_a-memchr-stub.o)
                0x000000000800c0ec                memchr
 .text._Balloc  0x000000000800c108       0x80 c:/st/stm32cubeide_1.6.1/stm32cubeide/plugins/com.st.stm32cube.ide.mcu.externaltools.gnu-tools-for-stm32.10.3-2021.10.win32_1.0.100.202210260954/tools/bin/../lib/gcc/arm-none-eabi/10.3.1/../../../../arm-none-eabi/lib/thumb/v8-m.main+fp/hard\libc_nano.a(lib_a-mprec.o)
                0x000000000800c108                _Balloc
 .text._Bfree   0x000000000800c188       0x44 c:/st/stm32cubeide_1.6.1/stm32cubeide/plugins/com.st.stm32cube.ide.mcu.externaltools.gnu-tools-for-stm32.10.3-2021.10.win32_1.0.100.202210260954/tools/bin/../lib/gcc/arm-none-eabi/10.3.1/../../../../arm-none-eabi/lib/thumb/v8-m.main+fp/hard\libc_nano.a(lib_a-mprec.o)
                0x000000000800c188                _Bfree
 .text.__multadd
                0x000000000800c1cc       0x90 c:/st/stm32cubeide_1.6.1/stm32cubeide/plugins/com.st.stm32cube.ide.mcu.externaltools.gnu-tools-for-stm32.10.3-2021.10.win32_1.0.100.202210260954/tools/bin/../lib/gcc/arm-none-eabi/10.3.1/../../../../arm-none-eabi/lib/thumb/v8-m.main+fp/hard\libc_nano.a(lib_a-mprec.o)
                0x000000000800c1cc                __multadd
 .text.__hi0bits
                0x000000000800c25c       0x40 c:/st/stm32cubeide_1.6.1/stm32cubeide/plugins/com.st.stm32cube.ide.mcu.externaltools.gnu-tools-for-stm32.10.3-2021.10.win32_1.0.100.202210260954/tools/bin/../lib/gcc/arm-none-eabi/10.3.1/../../../../arm-none-eabi/lib/thumb/v8-m.main+fp/hard\libc_nano.a(lib_a-mprec.o)
                0x000000000800c25c                __hi0bits
 .text.__lo0bits
                0x000000000800c29c       0x5e c:/st/stm32cubeide_1.6.1/stm32cubeide/plugins/com.st.stm32cube.ide.mcu.externaltools.gnu-tools-for-stm32.10.3-2021.10.win32_1.0.100.202210260954/tools/bin/../lib/gcc/arm-none-eabi/10.3.1/../../../../arm-none-eabi/lib/thumb/v8-m.main+fp/hard\libc_nano.a(lib_a-mprec.o)
                0x000000000800c29c                __lo0bits
 *fill*         0x000000000800c2fa        0x2 
 .text.__i2b    0x000000000800c2fc       0x2c c:/st/stm32cubeide_1.6.1/stm32cubeide/plugins/com.st.stm32cube.ide.mcu.externaltools.gnu-tools-for-stm32.10.3-2021.10.win32_1.0.100.202210260954/tools/bin/../lib/gcc/arm-none-eabi/10.3.1/../../../../arm-none-eabi/lib/thumb/v8-m.main+fp/hard\libc_nano.a(lib_a-mprec.o)
                0x000000000800c2fc                __i2b
 .text.__multiply
                0x000000000800c328      0x150 c:/st/stm32cubeide_1.6.1/stm32cubeide/plugins/com.st.stm32cube.ide.mcu.externaltools.gnu-tools-for-stm32.10.3-2021.10.win32_1.0.100.202210260954/tools/bin/../lib/gcc/arm-none-eabi/10.3.1/../../../../arm-none-eabi/lib/thumb/v8-m.main+fp/hard\libc_nano.a(lib_a-mprec.o)
                0x000000000800c328                __multiply
 .text.__pow5mult
                0x000000000800c478       0xb4 c:/st/stm32cubeide_1.6.1/stm32cubeide/plugins/com.st.stm32cube.ide.mcu.externaltools.gnu-tools-for-stm32.10.3-2021.10.win32_1.0.100.202210260954/tools/bin/../lib/gcc/arm-none-eabi/10.3.1/../../../../arm-none-eabi/lib/thumb/v8-m.main+fp/hard\libc_nano.a(lib_a-mprec.o)
                0x000000000800c478                __pow5mult
 .text.__lshift
                0x000000000800c52c       0xe0 c:/st/stm32cubeide_1.6.1/stm32cubeide/plugins/com.st.stm32cube.ide.mcu.externaltools.gnu-tools-for-stm32.10.3-2021.10.win32_1.0.100.202210260954/tools/bin/../lib/gcc/arm-none-eabi/10.3.1/../../../../arm-none-eabi/lib/thumb/v8-m.main+fp/hard\libc_nano.a(lib_a-mprec.o)
                0x000000000800c52c                __lshift
 .text.__mcmp   0x000000000800c60c       0x38 c:/st/stm32cubeide_1.6.1/stm32cubeide/plugins/com.st.stm32cube.ide.mcu.externaltools.gnu-tools-for-stm32.10.3-2021.10.win32_1.0.100.202210260954/tools/bin/../lib/gcc/arm-none-eabi/10.3.1/../../../../arm-none-eabi/lib/thumb/v8-m.main+fp/hard\libc_nano.a(lib_a-mprec.o)
                0x000000000800c60c                __mcmp
 .text.__mdiff  0x000000000800c644      0x120 c:/st/stm32cubeide_1.6.1/stm32cubeide/plugins/com.st.stm32cube.ide.mcu.externaltools.gnu-tools-for-stm32.10.3-2021.10.win32_1.0.100.202210260954/tools/bin/../lib/gcc/arm-none-eabi/10.3.1/../../../../arm-none-eabi/lib/thumb/v8-m.main+fp/hard\libc_nano.a(lib_a-mprec.o)
                0x000000000800c644                __mdiff
 .text.__d2b    0x000000000800c764       0xb8 c:/st/stm32cubeide_1.6.1/stm32cubeide/plugins/com.st.stm32cube.ide.mcu.externaltools.gnu-tools-for-stm32.10.3-2021.10.win32_1.0.100.202210260954/tools/bin/../lib/gcc/arm-none-eabi/10.3.1/../../../../arm-none-eabi/lib/thumb/v8-m.main+fp/hard\libc_nano.a(lib_a-mprec.o)
                0x000000000800c764                __d2b
 .text._calloc_r
                0x000000000800c81c       0x2c c:/st/stm32cubeide_1.6.1/stm32cubeide/plugins/com.st.stm32cube.ide.mcu.externaltools.gnu-tools-for-stm32.10.3-2021.10.win32_1.0.100.202210260954/tools/bin/../lib/gcc/arm-none-eabi/10.3.1/../../../../arm-none-eabi/lib/thumb/v8-m.main+fp/hard\libc_nano.a(lib_a-nano-callocr.o)
                0x000000000800c81c                _calloc_r
 .text._free_r  0x000000000800c848       0x98 c:/st/stm32cubeide_1.6.1/stm32cubeide/plugins/com.st.stm32cube.ide.mcu.externaltools.gnu-tools-for-stm32.10.3-2021.10.win32_1.0.100.202210260954/tools/bin/../lib/gcc/arm-none-eabi/10.3.1/../../../../arm-none-eabi/lib/thumb/v8-m.main+fp/hard\libc_nano.a(lib_a-nano-freer.o)
                0x000000000800c848                _free_r
 .text.sbrk_aligned
                0x000000000800c8e0       0x40 c:/st/stm32cubeide_1.6.1/stm32cubeide/plugins/com.st.stm32cube.ide.mcu.externaltools.gnu-tools-for-stm32.10.3-2021.10.win32_1.0.100.202210260954/tools/bin/../lib/gcc/arm-none-eabi/10.3.1/../../../../arm-none-eabi/lib/thumb/v8-m.main+fp/hard\libc_nano.a(lib_a-nano-mallocr.o)
 .text._malloc_r
                0x000000000800c920       0xe8 c:/st/stm32cubeide_1.6.1/stm32cubeide/plugins/com.st.stm32cube.ide.mcu.externaltools.gnu-tools-for-stm32.10.3-2021.10.win32_1.0.100.202210260954/tools/bin/../lib/gcc/arm-none-eabi/10.3.1/../../../../arm-none-eabi/lib/thumb/v8-m.main+fp/hard\libc_nano.a(lib_a-nano-mallocr.o)
                0x000000000800c920                _malloc_r
 .text.__sfputc_r
                0x000000000800ca08       0x2e c:/st/stm32cubeide_1.6.1/stm32cubeide/plugins/com.st.stm32cube.ide.mcu.externaltools.gnu-tools-for-stm32.10.3-2021.10.win32_1.0.100.202210260954/tools/bin/../lib/gcc/arm-none-eabi/10.3.1/../../../../arm-none-eabi/lib/thumb/v8-m.main+fp/hard\libc_nano.a(lib_a-nano-vfprintf.o)
 .text.__sfputs_r
                0x000000000800ca36       0x24 c:/st/stm32cubeide_1.6.1/stm32cubeide/plugins/com.st.stm32cube.ide.mcu.externaltools.gnu-tools-for-stm32.10.3-2021.10.win32_1.0.100.202210260954/tools/bin/../lib/gcc/arm-none-eabi/10.3.1/../../../../arm-none-eabi/lib/thumb/v8-m.main+fp/hard\libc_nano.a(lib_a-nano-vfprintf.o)
                0x000000000800ca36                __sfputs_r
 *fill*         0x000000000800ca5a        0x2 
 .text._vfprintf_r
                0x000000000800ca5c      0x260 c:/st/stm32cubeide_1.6.1/stm32cubeide/plugins/com.st.stm32cube.ide.mcu.externaltools.gnu-tools-for-stm32.10.3-2021.10.win32_1.0.100.202210260954/tools/bin/../lib/gcc/arm-none-eabi/10.3.1/../../../../arm-none-eabi/lib/thumb/v8-m.main+fp/hard\libc_nano.a(lib_a-nano-vfprintf.o)
                0x000000000800ca5c                _vfprintf_r
                0x000000000800ca5c                _vfiprintf_r
 .text._putc_r  0x000000000800ccbc       0x90 c:/st/stm32cubeide_1.6.1/stm32cubeide/plugins/com.st.stm32cube.ide.mcu.externaltools.gnu-tools-for-stm32.10.3-2021.10.win32_1.0.100.202210260954/tools/bin/../lib/gcc/arm-none-eabi/10.3.1/../../../../arm-none-eabi/lib/thumb/v8-m.main+fp/hard\libc_nano.a(lib_a-putc.o)
                0x000000000800ccbc                _putc_r
 .text._sbrk_r  0x000000000800cd4c       0x20 c:/st/stm32cubeide_1.6.1/stm32cubeide/plugins/com.st.stm32cube.ide.mcu.externaltools.gnu-tools-for-stm32.10.3-2021.10.win32_1.0.100.202210260954/tools/bin/../lib/gcc/arm-none-eabi/10.3.1/../../../../arm-none-eabi/lib/thumb/v8-m.main+fp/hard\libc_nano.a(lib_a-sbrkr.o)
                0x000000000800cd4c                _sbrk_r
 .text.__sread  0x000000000800cd6c       0x22 c:/st/stm32cubeide_1.6.1/stm32cubeide/plugins/com.st.stm32cube.ide.mcu.externaltools.gnu-tools-for-stm32.10.3-2021.10.win32_1.0.100.202210260954/tools/bin/../lib/gcc/arm-none-eabi/10.3.1/../../../../arm-none-eabi/lib/thumb/v8-m.main+fp/hard\libc_nano.a(lib_a-stdio.o)
                0x000000000800cd6c                __sread
 .text.__swrite
                0x000000000800cd8e       0x38 c:/st/stm32cubeide_1.6.1/stm32cubeide/plugins/com.st.stm32cube.ide.mcu.externaltools.gnu-tools-for-stm32.10.3-2021.10.win32_1.0.100.202210260954/tools/bin/../lib/gcc/arm-none-eabi/10.3.1/../../../../arm-none-eabi/lib/thumb/v8-m.main+fp/hard\libc_nano.a(lib_a-stdio.o)
                0x000000000800cd8e                __swrite
 .text.__sseek  0x000000000800cdc6       0x24 c:/st/stm32cubeide_1.6.1/stm32cubeide/plugins/com.st.stm32cube.ide.mcu.externaltools.gnu-tools-for-stm32.10.3-2021.10.win32_1.0.100.202210260954/tools/bin/../lib/gcc/arm-none-eabi/10.3.1/../../../../arm-none-eabi/lib/thumb/v8-m.main+fp/hard\libc_nano.a(lib_a-stdio.o)
                0x000000000800cdc6                __sseek
 .text.__sclose
                0x000000000800cdea        0x8 c:/st/stm32cubeide_1.6.1/stm32cubeide/plugins/com.st.stm32cube.ide.mcu.externaltools.gnu-tools-for-stm32.10.3-2021.10.win32_1.0.100.202210260954/tools/bin/../lib/gcc/arm-none-eabi/10.3.1/../../../../arm-none-eabi/lib/thumb/v8-m.main+fp/hard\libc_nano.a(lib_a-stdio.o)
                0x000000000800cdea                __sclose
 *fill*         0x000000000800cdf2        0x2 
 .text._write_r
                0x000000000800cdf4       0x24 c:/st/stm32cubeide_1.6.1/stm32cubeide/plugins/com.st.stm32cube.ide.mcu.externaltools.gnu-tools-for-stm32.10.3-2021.10.win32_1.0.100.202210260954/tools/bin/../lib/gcc/arm-none-eabi/10.3.1/../../../../arm-none-eabi/lib/thumb/v8-m.main+fp/hard\libc_nano.a(lib_a-writer.o)
                0x000000000800cdf4                _write_r
 .text.__assert_func
                0x000000000800ce18       0x3c c:/st/stm32cubeide_1.6.1/stm32cubeide/plugins/com.st.stm32cube.ide.mcu.externaltools.gnu-tools-for-stm32.10.3-2021.10.win32_1.0.100.202210260954/tools/bin/../lib/gcc/arm-none-eabi/10.3.1/../../../../arm-none-eabi/lib/thumb/v8-m.main+fp/hard\libc_nano.a(lib_a-assert.o)
                0x000000000800ce18                __assert_func
 .text._close_r
                0x000000000800ce54       0x20 c:/st/stm32cubeide_1.6.1/stm32cubeide/plugins/com.st.stm32cube.ide.mcu.externaltools.gnu-tools-for-stm32.10.3-2021.10.win32_1.0.100.202210260954/tools/bin/../lib/gcc/arm-none-eabi/10.3.1/../../../../arm-none-eabi/lib/thumb/v8-m.main+fp/hard\libc_nano.a(lib_a-closer.o)
                0x000000000800ce54                _close_r
 .text.fprintf  0x000000000800ce74       0x24 c:/st/stm32cubeide_1.6.1/stm32cubeide/plugins/com.st.stm32cube.ide.mcu.externaltools.gnu-tools-for-stm32.10.3-2021.10.win32_1.0.100.202210260954/tools/bin/../lib/gcc/arm-none-eabi/10.3.1/../../../../arm-none-eabi/lib/thumb/v8-m.main+fp/hard\libc_nano.a(lib_a-fprintf.o)
                0x000000000800ce74                fiprintf
                0x000000000800ce74                fprintf
 .text._fstat_r
                0x000000000800ce98       0x24 c:/st/stm32cubeide_1.6.1/stm32cubeide/plugins/com.st.stm32cube.ide.mcu.externaltools.gnu-tools-for-stm32.10.3-2021.10.win32_1.0.100.202210260954/tools/bin/../lib/gcc/arm-none-eabi/10.3.1/../../../../arm-none-eabi/lib/thumb/v8-m.main+fp/hard\libc_nano.a(lib_a-fstatr.o)
                0x000000000800ce98                _fstat_r
 .text._isatty_r
                0x000000000800cebc       0x20 c:/st/stm32cubeide_1.6.1/stm32cubeide/plugins/com.st.stm32cube.ide.mcu.externaltools.gnu-tools-for-stm32.10.3-2021.10.win32_1.0.100.202210260954/tools/bin/../lib/gcc/arm-none-eabi/10.3.1/../../../../arm-none-eabi/lib/thumb/v8-m.main+fp/hard\libc_nano.a(lib_a-isattyr.o)
                0x000000000800cebc                _isatty_r
 .text._lseek_r
                0x000000000800cedc       0x24 c:/st/stm32cubeide_1.6.1/stm32cubeide/plugins/com.st.stm32cube.ide.mcu.externaltools.gnu-tools-for-stm32.10.3-2021.10.win32_1.0.100.202210260954/tools/bin/../lib/gcc/arm-none-eabi/10.3.1/../../../../arm-none-eabi/lib/thumb/v8-m.main+fp/hard\libc_nano.a(lib_a-lseekr.o)
                0x000000000800cedc                _lseek_r
 .text.__ascii_mbtowc
                0x000000000800cf00       0x24 c:/st/stm32cubeide_1.6.1/stm32cubeide/plugins/com.st.stm32cube.ide.mcu.externaltools.gnu-tools-for-stm32.10.3-2021.10.win32_1.0.100.202210260954/tools/bin/../lib/gcc/arm-none-eabi/10.3.1/../../../../arm-none-eabi/lib/thumb/v8-m.main+fp/hard\libc_nano.a(lib_a-mbtowc_r.o)
                0x000000000800cf00                __ascii_mbtowc
 .text.__malloc_lock
                0x000000000800cf24        0xc c:/st/stm32cubeide_1.6.1/stm32cubeide/plugins/com.st.stm32cube.ide.mcu.externaltools.gnu-tools-for-stm32.10.3-2021.10.win32_1.0.100.202210260954/tools/bin/../lib/gcc/arm-none-eabi/10.3.1/../../../../arm-none-eabi/lib/thumb/v8-m.main+fp/hard\libc_nano.a(lib_a-mlock.o)
                0x000000000800cf24                __malloc_lock
 .text.__malloc_unlock
                0x000000000800cf30        0xc c:/st/stm32cubeide_1.6.1/stm32cubeide/plugins/com.st.stm32cube.ide.mcu.externaltools.gnu-tools-for-stm32.10.3-2021.10.win32_1.0.100.202210260954/tools/bin/../lib/gcc/arm-none-eabi/10.3.1/../../../../arm-none-eabi/lib/thumb/v8-m.main+fp/hard\libc_nano.a(lib_a-mlock.o)
                0x000000000800cf30                __malloc_unlock
 .text._read_r  0x000000000800cf3c       0x24 c:/st/stm32cubeide_1.6.1/stm32cubeide/plugins/com.st.stm32cube.ide.mcu.externaltools.gnu-tools-for-stm32.10.3-2021.10.win32_1.0.100.202210260954/tools/bin/../lib/gcc/arm-none-eabi/10.3.1/../../../../arm-none-eabi/lib/thumb/v8-m.main+fp/hard\libc_nano.a(lib_a-readr.o)
                0x000000000800cf3c                _read_r
 .text.__ascii_wctomb
                0x000000000800cf60       0x1a c:/st/stm32cubeide_1.6.1/stm32cubeide/plugins/com.st.stm32cube.ide.mcu.externaltools.gnu-tools-for-stm32.10.3-2021.10.win32_1.0.100.202210260954/tools/bin/../lib/gcc/arm-none-eabi/10.3.1/../../../../arm-none-eabi/lib/thumb/v8-m.main+fp/hard\libc_nano.a(lib_a-wctomb_r.o)
                0x000000000800cf60                __ascii_wctomb
 .text.abort    0x000000000800cf7a        0xe c:/st/stm32cubeide_1.6.1/stm32cubeide/plugins/com.st.stm32cube.ide.mcu.externaltools.gnu-tools-for-stm32.10.3-2021.10.win32_1.0.100.202210260954/tools/bin/../lib/gcc/arm-none-eabi/10.3.1/../../../../arm-none-eabi/lib/thumb/v8-m.main+fp/hard\libc_nano.a(lib_a-abort.o)
                0x000000000800cf7a                abort
 .text._raise_r
                0x000000000800cf88       0x50 c:/st/stm32cubeide_1.6.1/stm32cubeide/plugins/com.st.stm32cube.ide.mcu.externaltools.gnu-tools-for-stm32.10.3-2021.10.win32_1.0.100.202210260954/tools/bin/../lib/gcc/arm-none-eabi/10.3.1/../../../../arm-none-eabi/lib/thumb/v8-m.main+fp/hard\libc_nano.a(lib_a-signal.o)
                0x000000000800cf88                _raise_r
 .text.raise    0x000000000800cfd8       0x10 c:/st/stm32cubeide_1.6.1/stm32cubeide/plugins/com.st.stm32cube.ide.mcu.externaltools.gnu-tools-for-stm32.10.3-2021.10.win32_1.0.100.202210260954/tools/bin/../lib/gcc/arm-none-eabi/10.3.1/../../../../arm-none-eabi/lib/thumb/v8-m.main+fp/hard\libc_nano.a(lib_a-signal.o)
                0x000000000800cfd8                raise
 .text._kill_r  0x000000000800cfe8       0x24 c:/st/stm32cubeide_1.6.1/stm32cubeide/plugins/com.st.stm32cube.ide.mcu.externaltools.gnu-tools-for-stm32.10.3-2021.10.win32_1.0.100.202210260954/tools/bin/../lib/gcc/arm-none-eabi/10.3.1/../../../../arm-none-eabi/lib/thumb/v8-m.main+fp/hard\libc_nano.a(lib_a-signalr.o)
                0x000000000800cfe8                _kill_r
 .text._getpid_r
                0x000000000800d00c        0x4 c:/st/stm32cubeide_1.6.1/stm32cubeide/plugins/com.st.stm32cube.ide.mcu.externaltools.gnu-tools-for-stm32.10.3-2021.10.win32_1.0.100.202210260954/tools/bin/../lib/gcc/arm-none-eabi/10.3.1/../../../../arm-none-eabi/lib/thumb/v8-m.main+fp/hard\libc_nano.a(lib_a-signalr.o)
                0x000000000800d00c                _getpid_r
 *(.glue_7)
 .glue_7        0x000000000800d010        0x0 linker stubs
 *(.glue_7t)
 .glue_7t       0x000000000800d010        0x0 linker stubs
 *(.eh_frame)
 .eh_frame      0x000000000800d010        0x0 c:/st/stm32cubeide_1.6.1/stm32cubeide/plugins/com.st.stm32cube.ide.mcu.externaltools.gnu-tools-for-stm32.10.3-2021.10.win32_1.0.100.202210260954/tools/bin/../lib/gcc/arm-none-eabi/10.3.1/thumb/v8-m.main+fp/hard/crtbegin.o
 *(.init)
 .init          0x000000000800d010        0x4 c:/st/stm32cubeide_1.6.1/stm32cubeide/plugins/com.st.stm32cube.ide.mcu.externaltools.gnu-tools-for-stm32.10.3-2021.10.win32_1.0.100.202210260954/tools/bin/../lib/gcc/arm-none-eabi/10.3.1/thumb/v8-m.main+fp/hard/crti.o
                0x000000000800d010                _init
 .init          0x000000000800d014        0x8 c:/st/stm32cubeide_1.6.1/stm32cubeide/plugins/com.st.stm32cube.ide.mcu.externaltools.gnu-tools-for-stm32.10.3-2021.10.win32_1.0.100.202210260954/tools/bin/../lib/gcc/arm-none-eabi/10.3.1/thumb/v8-m.main+fp/hard/crtn.o
 *(.fini)
 .fini          0x000000000800d01c        0x4 c:/st/stm32cubeide_1.6.1/stm32cubeide/plugins/com.st.stm32cube.ide.mcu.externaltools.gnu-tools-for-stm32.10.3-2021.10.win32_1.0.100.202210260954/tools/bin/../lib/gcc/arm-none-eabi/10.3.1/thumb/v8-m.main+fp/hard/crti.o
                0x000000000800d01c                _fini
 .fini          0x000000000800d020        0x8 c:/st/stm32cubeide_1.6.1/stm32cubeide/plugins/com.st.stm32cube.ide.mcu.externaltools.gnu-tools-for-stm32.10.3-2021.10.win32_1.0.100.202210260954/tools/bin/../lib/gcc/arm-none-eabi/10.3.1/thumb/v8-m.main+fp/hard/crtn.o
                0x000000000800d028                _etext = .

.vfp11_veneer   0x000000000800d028        0x0
 .vfp11_veneer  0x000000000800d028        0x0 linker stubs

.v4_bx          0x000000000800d028        0x0
 .v4_bx         0x000000000800d028        0x0 linker stubs

.iplt           0x000000000800d028        0x0
 .iplt          0x000000000800d028        0x0 c:/st/stm32cubeide_1.6.1/stm32cubeide/plugins/com.st.stm32cube.ide.mcu.externaltools.gnu-tools-for-stm32.10.3-2021.10.win32_1.0.100.202210260954/tools/bin/../lib/gcc/arm-none-eabi/10.3.1/thumb/v8-m.main+fp/hard/crtbegin.o

.rodata         0x000000000800d028      0x614
 *(.rodata)
 .rodata        0x000000000800d028       0x61 ./Core/Src/main.o
 *fill*         0x000000000800d089        0x3 
 .rodata        0x000000000800d08c       0x74 ./Libs/UniSM/master.o
 .rodata        0x000000000800d100       0x62 ./Libs/UniSM/system.o
 *(.rodata*)
 *fill*         0x000000000800d162        0x2 
 .rodata.AHBPrescTable
                0x000000000800d164       0x10 ./Core/Src/system_stm32u5xx.o
                0x000000000800d164                AHBPrescTable
 .rodata.APBPrescTable
                0x000000000800d174        0x8 ./Core/Src/system_stm32u5xx.o
                0x000000000800d174                APBPrescTable
 .rodata.MSIRangeTable
                0x000000000800d17c       0x40 ./Core/Src/system_stm32u5xx.o
                0x000000000800d17c                MSIRangeTable
 .rodata.LPGPIO_Map
                0x000000000800d1bc       0x80 ./Drivers/STM32U5xx_HAL_Driver/Src/stm32u5xx_hal_gpio.o
 .rodata.UARTPrescTable
                0x000000000800d23c       0x18 ./Drivers/STM32U5xx_HAL_Driver/Src/stm32u5xx_hal_uart.o
                0x000000000800d23c                UARTPrescTable
 .rodata.numerator.1
                0x000000000800d254        0x8 ./Drivers/STM32U5xx_HAL_Driver/Src/stm32u5xx_hal_uart_ex.o
 .rodata.denominator.0
                0x000000000800d25c        0x8 ./Drivers/STM32U5xx_HAL_Driver/Src/stm32u5xx_hal_uart_ex.o
 .rodata._global_impure_ptr
                0x000000000800d264        0x4 c:/st/stm32cubeide_1.6.1/stm32cubeide/plugins/com.st.stm32cube.ide.mcu.externaltools.gnu-tools-for-stm32.10.3-2021.10.win32_1.0.100.202210260954/tools/bin/../lib/gcc/arm-none-eabi/10.3.1/../../../../arm-none-eabi/lib/thumb/v8-m.main+fp/hard\libc_nano.a(lib_a-impure.o)
                0x000000000800d264                _global_impure_ptr
 .rodata._printf_float.str1.1
                0x000000000800d268       0x12 c:/st/stm32cubeide_1.6.1/stm32cubeide/plugins/com.st.stm32cube.ide.mcu.externaltools.gnu-tools-for-stm32.10.3-2021.10.win32_1.0.100.202210260954/tools/bin/../lib/gcc/arm-none-eabi/10.3.1/../../../../arm-none-eabi/lib/thumb/v8-m.main+fp/hard\libc_nano.a(lib_a-nano-vfprintf_float.o)
 .rodata._printf_i.str1.1
                0x000000000800d27a       0x22 c:/st/stm32cubeide_1.6.1/stm32cubeide/plugins/com.st.stm32cube.ide.mcu.externaltools.gnu-tools-for-stm32.10.3-2021.10.win32_1.0.100.202210260954/tools/bin/../lib/gcc/arm-none-eabi/10.3.1/../../../../arm-none-eabi/lib/thumb/v8-m.main+fp/hard\libc_nano.a(lib_a-nano-vfprintf_i.o)
 .rodata._dtoa_r.str1.1
                0x000000000800d29c       0x90 c:/st/stm32cubeide_1.6.1/stm32cubeide/plugins/com.st.stm32cube.ide.mcu.externaltools.gnu-tools-for-stm32.10.3-2021.10.win32_1.0.100.202210260954/tools/bin/../lib/gcc/arm-none-eabi/10.3.1/../../../../arm-none-eabi/lib/thumb/v8-m.main+fp/hard\libc_nano.a(lib_a-dtoa.o)
                                         0x92 (size before relaxing)
 .rodata.__sf_fake_stderr
                0x000000000800d32c       0x20 c:/st/stm32cubeide_1.6.1/stm32cubeide/plugins/com.st.stm32cube.ide.mcu.externaltools.gnu-tools-for-stm32.10.3-2021.10.win32_1.0.100.202210260954/tools/bin/../lib/gcc/arm-none-eabi/10.3.1/../../../../arm-none-eabi/lib/thumb/v8-m.main+fp/hard\libc_nano.a(lib_a-findfp.o)
                0x000000000800d32c                __sf_fake_stderr
 .rodata.__sf_fake_stdin
                0x000000000800d34c       0x20 c:/st/stm32cubeide_1.6.1/stm32cubeide/plugins/com.st.stm32cube.ide.mcu.externaltools.gnu-tools-for-stm32.10.3-2021.10.win32_1.0.100.202210260954/tools/bin/../lib/gcc/arm-none-eabi/10.3.1/../../../../arm-none-eabi/lib/thumb/v8-m.main+fp/hard\libc_nano.a(lib_a-findfp.o)
                0x000000000800d34c                __sf_fake_stdin
 .rodata.__sf_fake_stdout
                0x000000000800d36c       0x20 c:/st/stm32cubeide_1.6.1/stm32cubeide/plugins/com.st.stm32cube.ide.mcu.externaltools.gnu-tools-for-stm32.10.3-2021.10.win32_1.0.100.202210260954/tools/bin/../lib/gcc/arm-none-eabi/10.3.1/../../../../arm-none-eabi/lib/thumb/v8-m.main+fp/hard\libc_nano.a(lib_a-findfp.o)
                0x000000000800d36c                __sf_fake_stdout
 .rodata._Balloc.str1.1
                0x000000000800d38c       0x5c c:/st/stm32cubeide_1.6.1/stm32cubeide/plugins/com.st.stm32cube.ide.mcu.externaltools.gnu-tools-for-stm32.10.3-2021.10.win32_1.0.100.202210260954/tools/bin/../lib/gcc/arm-none-eabi/10.3.1/../../../../arm-none-eabi/lib/thumb/v8-m.main+fp/hard\libc_nano.a(lib_a-mprec.o)
                                         0x73 (size before relaxing)
 .rodata.__multadd.str1.1
                0x000000000800d3e8       0x11 c:/st/stm32cubeide_1.6.1/stm32cubeide/plugins/com.st.stm32cube.ide.mcu.externaltools.gnu-tools-for-stm32.10.3-2021.10.win32_1.0.100.202210260954/tools/bin/../lib/gcc/arm-none-eabi/10.3.1/../../../../arm-none-eabi/lib/thumb/v8-m.main+fp/hard\libc_nano.a(lib_a-mprec.o)
 .rodata.__mprec_bigtens
                0x000000000800d3e8       0x28 c:/st/stm32cubeide_1.6.1/stm32cubeide/plugins/com.st.stm32cube.ide.mcu.externaltools.gnu-tools-for-stm32.10.3-2021.10.win32_1.0.100.202210260954/tools/bin/../lib/gcc/arm-none-eabi/10.3.1/../../../../arm-none-eabi/lib/thumb/v8-m.main+fp/hard\libc_nano.a(lib_a-mprec.o)
                0x000000000800d3e8                __mprec_bigtens
 .rodata.__mprec_tens
                0x000000000800d410       0xc8 c:/st/stm32cubeide_1.6.1/stm32cubeide/plugins/com.st.stm32cube.ide.mcu.externaltools.gnu-tools-for-stm32.10.3-2021.10.win32_1.0.100.202210260954/tools/bin/../lib/gcc/arm-none-eabi/10.3.1/../../../../arm-none-eabi/lib/thumb/v8-m.main+fp/hard\libc_nano.a(lib_a-mprec.o)
                0x000000000800d410                __mprec_tens
 .rodata.p05.0  0x000000000800d4d8        0xc c:/st/stm32cubeide_1.6.1/stm32cubeide/plugins/com.st.stm32cube.ide.mcu.externaltools.gnu-tools-for-stm32.10.3-2021.10.win32_1.0.100.202210260954/tools/bin/../lib/gcc/arm-none-eabi/10.3.1/../../../../arm-none-eabi/lib/thumb/v8-m.main+fp/hard\libc_nano.a(lib_a-mprec.o)
 .rodata._vfprintf_r.str1.1
                0x000000000800d4e4       0x11 c:/st/stm32cubeide_1.6.1/stm32cubeide/plugins/com.st.stm32cube.ide.mcu.externaltools.gnu-tools-for-stm32.10.3-2021.10.win32_1.0.100.202210260954/tools/bin/../lib/gcc/arm-none-eabi/10.3.1/../../../../arm-none-eabi/lib/thumb/v8-m.main+fp/hard\libc_nano.a(lib_a-nano-vfprintf.o)
 .rodata.__assert_func.str1.1
                0x000000000800d4f5       0x3c c:/st/stm32cubeide_1.6.1/stm32cubeide/plugins/com.st.stm32cube.ide.mcu.externaltools.gnu-tools-for-stm32.10.3-2021.10.win32_1.0.100.202210260954/tools/bin/../lib/gcc/arm-none-eabi/10.3.1/../../../../arm-none-eabi/lib/thumb/v8-m.main+fp/hard\libc_nano.a(lib_a-assert.o)
                                         0x3d (size before relaxing)
 .rodata._setlocale_r.str1.1
                0x000000000800d531        0x8 c:/st/stm32cubeide_1.6.1/stm32cubeide/plugins/com.st.stm32cube.ide.mcu.externaltools.gnu-tools-for-stm32.10.3-2021.10.win32_1.0.100.202210260954/tools/bin/../lib/gcc/arm-none-eabi/10.3.1/../../../../arm-none-eabi/lib/thumb/v8-m.main+fp/hard\libc_nano.a(lib_a-locale.o)
                                          0x9 (size before relaxing)
 .rodata.str1.1
                0x000000000800d539        0x2 c:/st/stm32cubeide_1.6.1/stm32cubeide/plugins/com.st.stm32cube.ide.mcu.externaltools.gnu-tools-for-stm32.10.3-2021.10.win32_1.0.100.202210260954/tools/bin/../lib/gcc/arm-none-eabi/10.3.1/../../../../arm-none-eabi/lib/thumb/v8-m.main+fp/hard\libc_nano.a(lib_a-locale.o)
 .rodata._ctype_
                0x000000000800d53b      0x101 c:/st/stm32cubeide_1.6.1/stm32cubeide/plugins/com.st.stm32cube.ide.mcu.externaltools.gnu-tools-for-stm32.10.3-2021.10.win32_1.0.100.202210260954/tools/bin/../lib/gcc/arm-none-eabi/10.3.1/../../../../arm-none-eabi/lib/thumb/v8-m.main+fp/hard\libc_nano.a(lib_a-ctype_.o)
                0x000000000800d53b                _ctype_

.ARM.extab
 *(.ARM.extab* .gnu.linkonce.armextab.*)

.ARM            0x000000000800d63c        0x8
                0x000000000800d63c                __exidx_start = .
 *(.ARM.exidx*)
 .ARM.exidx     0x000000000800d63c        0x8 c:/st/stm32cubeide_1.6.1/stm32cubeide/plugins/com.st.stm32cube.ide.mcu.externaltools.gnu-tools-for-stm32.10.3-2021.10.win32_1.0.100.202210260954/tools/bin/../lib/gcc/arm-none-eabi/10.3.1/thumb/v8-m.main+fp/hard\libgcc.a(_udivmoddi4.o)
                0x000000000800d644                __exidx_end = .

.rel.dyn        0x000000000800d644        0x0
 .rel.iplt      0x000000000800d644        0x0 c:/st/stm32cubeide_1.6.1/stm32cubeide/plugins/com.st.stm32cube.ide.mcu.externaltools.gnu-tools-for-stm32.10.3-2021.10.win32_1.0.100.202210260954/tools/bin/../lib/gcc/arm-none-eabi/10.3.1/thumb/v8-m.main+fp/hard/crtbegin.o

.preinit_array  0x000000000800d644        0x0