rho_client.c:73:6:RhoSystem_PerformProcess	8	static
rho_client.c:190:6:RhoSystem_Activate	8	static
rho_client.c:198:6:DeactivateRhoSystem	8	static
rho_client.c:207:13:RhoSystem_TransmitPacket	0	static
rho_client.c:139:6:CaptureRowCallback	16	static
rho_client.c:243:6:RhoSystem_ConnectToInterface	16	static
rho_client.c:250:6:ZeroRhoSystemMemory	8	static
rho_client.c:90:6:CaptureAndProcessFrame	8	static
rho_client.c:82:6:RhoSystem_ProcessFrameCapture	8	static
rho_client.c:160:6:ActivateBackgrounding	0	static
rho_client.c:168:6:DeactivateBackgrounding	0	static
rho_client.c:214:6:RhoSystem_Initialize	16	static
rho_client.c:176:13:FilterPixelCount	24	static
rho_client.c:181:13:HasPixelCountDrop	32	static
