kumaraswamy.h:30:13:Kumaraswamy_Initialize	8	static
rho_utility.c:14:6:RhoUtility_InitializeData	56	static
rho_utility.c:58:6:RhoUtility_InitializeFilters	120	static
rho_utility.c:68:6:RhoUtility_InitializePrediction	48	static
rho_utility.c:87:6:RhoUtility_InitializeDensityMap	96	static
rho_utility.c:102:6:RhoUtility_ResetForDetect	16	static
rho_utility.c:127:6:RhoUtility_ResetDensityMapPairKalmans	8	static
rho_utility.c:206:6:RhoUtility_PredictPeakFilter	24	static
rho_utility.c:214:13:RhoUtility_CalculateBandLowerBound	0	static
rho_utility.c:227:13:RhoUtility_DetectRegions	56	static
rho_utility.c:238:13:RhoUtility_SubtractBackgroundForDetection	0	static
rho_utility.c:287:13:RhoUtility_DetectRegion	56	static
rho_utility.c:383:6:RhoUtility_CalculateChaos	40	static
rho_utility.c:447:6:RhoUtility_SortRegions	88	static
rho_utility.c:526:6:RhoUtility_CalculatedFrameStatistics	24	static
rho_utility.c:668:6:RhoUtility_SortTrackingFilters	32	static
rho_utility.c:708:9:RhoUtility_CalculateValidTracks	40	static
rho_utility.c:545:6:RhoUtility_PredictTrackingFilters	176	static
rho_utility.c:727:6:RhoUtility_PredictTrackingProbabilities	72	static
rho_utility.c:742:6:RhoUtility_ResetForPrediction	48	static
rho_utility.c:762:6:RhoUtility_CombineAxisProbabilites	24	static
rho_utility.c:775:6:RhoUtility_UpdateCorePredictionData	16	static
rho_utility.c:793:9:RhoUtility_CalculatePredictionCenter	4	static
rho_utility.c:819:6:RhoUtility_CalculateBackgroundTuneFactor	16	static
rho_utility.c:869:6:RhoUtility_CalculateTargetTuneFactor	16	static
rho_utility.c:874:6:RhoUtility_CalculateTargetCoverageFactor	8	static
rho_utility.c:830:6:RhoUtility_CalculateStateTuneFactor	48	static
rho_utility.c:800:6:RhoUtility_CalculateTune	16	static
rho_utility.c:890:6:RhoUtility_RedistributeDensities	120	static
rho_utility.c:749:6:RhoUtility_CorrectPredictionAmbiguity	16	static
rho_utility.c:933:6:RhoUtility_GenerateRegionScore	32	static
rho_utility.c:389:6:RhoUtility_ScoreRegions	64	static
rho_utility.c:135:6:RhoUtility_PerformDetect	64	static
rho_utility.c:944:14:RhoUtility_GenerateCentroid	64	static
rho_utility.c:961:6:RhoUtility_PrintPacket	0	static
rho_utility.c:974:6:RhoUtility_GenerateBackground	16	static
rho_utility.c:981:6:RhoUtility_GeneratePacket	64	static
rho_utility.c:1010:6:RhoUtility_GenerateObservationListFromPredictions	40	static
rho_utility.c:1031:6:RhoUtility_GenerateObservationListsFromPredictions	8	static
rho_utility.c:1039:6:RhoUtility_ReportObservationListsFromPredictions	8	static
rho_utility.c:1049:6:RhoUtility_UpdatePredictiveStateModelPair	0	static
