kumaraswamy.h:30:13:Kumaraswamy_Initialize	24	static
kumaraswamy.h:36:22:Kumaraswamy_PerformCDF	24	static
kumaraswamy.h:41:13:Kumaraswamy_GetVector	56	static
control_types.h:354:23:WeightedAverage	40	static
rho_client.h:116:20:EnableCaptureCallback	4	static
rho_client.h:117:20:DisableCaptureCallback	4	static
rho_client.c:72:6:SendImage	8	static
rho_client.c:83:6:SendDensityMaps	8	static
rho_client.c:101:6:RhoSystem_PerformProcess	8	static
rho_client.c:110:6:RhoSystem_ProcessFrameCapture	8	static
rho_client.c:118:6:CaptureAndProcessFrame	32	static
rho_client.c:166:6:CaptureRows	8	static
rho_client.c:184:6:CaptureRowCallback	8	static
rho_client.c:205:6:ActivateBackgrounding	4	static
rho_client.c:213:6:DeactivateBackgrounding	4	static
rho_client.c:221:13:FilterPixelCount	24	static
rho_client.c:226:13:HasPixelCountDrop	32	static
rho_client.c:235:6:RhoSystem_Activate	8	static
rho_client.c:243:6:DeactivateRhoSystem	8	static
rho_client.c:252:13:RhoSystem_TransmitPacket	4	static
rho_client.c:259:6:RhoSystem_Initialize	16	static
rho_client.c:290:6:RhoSystem_ConnectToInterface	24	static
rho_client.c:297:6:ZeroRhoSystemMemory	8	static
