kumaraswamy.h:30:13:Kumaraswamy_Initialize	24	static
kumaraswamy.h:36:22:Kumaraswamy_PerformCDF	24	static
kumaraswamy.h:41:13:Kumaraswamy_GetVector	56	static
control_types.h:354:23:WeightedAverage	40	static
rho_client.h:116:20:EnableCaptureCallback	4	static
rho_client.h:117:20:DisableCaptureCallback	4	static
rho_client.c:73:6:SendImage	8	static
rho_client.c:83:6:SendDensityMaps	8	static
rho_client.c:101:6:RhoSystem_PerformProcess	8	static
rho_client.c:110:6:RhoSystem_ProcessFrameCapture	8	static
rho_client.c:118:6:CaptureAndProcessFrame	96	static
rho_client.c:165:6:CaptureRows	8	static
rho_client.c:185:6:CaptureRowCallback	8	static
rho_client.c:207:6:ActivateBackgrounding	4	static
rho_client.c:215:6:DeactivateBackgrounding	4	static
rho_client.c:223:13:FilterPixelCount	24	static
rho_client.c:228:13:HasPixelCountDrop	32	static
rho_client.c:237:6:RhoSystem_Activate	8	static
rho_client.c:245:6:DeactivateRhoSystem	8	static
rho_client.c:254:13:RhoSystem_TransmitPacket	4	static
rho_client.c:261:6:RhoSystem_Initialize	16	static
rho_client.c:292:6:RhoSystem_ConnectToInterface	24	static
rho_client.c:299:6:ZeroRhoSystemMemory	8	static
