core_cm4.h:1933:34:__NVIC_SystemReset	4	static,ignoring_inline_asm
stm32_interface.c:19:13:HAL_GPIO_EXTI_Callback	16	static
stm32_interface.c:46:6:STM_InterruptEnable	8	static
stm32_interface.c:52:6:STM_InterruptDisable	8	static
stm32_interface.c:62:13:STM_PauseDMA	16	static
stm32_interface.c:67:13:STM_ResumeDMA	16	static
stm32_interface.c:72:13:STM_ResetDMA	16	static
stm32_interface.c:77:6:STM_InitDMA	16	static
stm32_interface.c:85:10:STM_GetDMAFillAddress	16	static
stm32_interface.c:93:16:STM_UartTxDMA	32	static
stm32_interface.c:103:17:STM_UartRxDMA	16	static
stm32_interface.c:119:13:STM_I2CMasterTx	32	static
stm32_interface.c:127:13:STM_SetPortMode	40	static
stm32_interface.c:134:16:STM_ReadPort	16	static
stm32_interface.c:138:13:STM_WritePin	16	static
stm32_interface.c:142:13:STM_TogglePin	16	static
stm32_interface.c:150:17:STM_Timestamp	8	static
stm32_interface.c:154:13:STM_Wait	16	static
stm32_interface.c:158:17:STM_SysClockFreq	8	static
stm32_interface.c:166:6:STM_Reset	8	static
