stm32_interface.c:20:13:HAL_GPIO_EXTI_Callback	8	static
stm32_interface.c:57:6:STM_InterruptEnable	8	static
stm32_interface.c:63:6:STM_InterruptDisable	8	static
stm32_interface.c:73:13:STM_PauseDMA	8	static
stm32_interface.c:78:13:STM_ResumeDMA	8	static
stm32_interface.c:83:13:STM_ResetDMA	0	static
stm32_interface.c:88:6:STM_InitDMA	16	static
stm32_interface.c:96:10:STM_GetDMAFillAddress	4	static
stm32_interface.c:104:16:STM_UartTxDMA	0	static
stm32_interface.c:109:17:STM_UartRxDMA	0	static
stm32_interface.c:125:13:STM_I2CMasterTx	16	static
stm32_interface.c:133:13:STM_SetPortMode	32	static
stm32_interface.c:140:16:STM_ReadPort	0	static
stm32_interface.c:144:13:STM_WritePin	8	static
stm32_interface.c:152:17:STM_Timestamp	8	static
stm32_interface.c:156:13:STM_Wait	8	static
stm32_interface.c:160:17:STM_SysClockFreq	8	static
stm32_interface.c:168:6:STM_Reset	0	static,ignoring_inline_asm
