core_cm4.h:1933:34:__NVIC_SystemReset	4	static,ignoring_inline_asm
stm32_interface.c:19:13:HAL_GPIO_EXTI_Callback	16	static
stm32_interface.c:50:6:STM_InterruptEnable	8	static
stm32_interface.c:56:6:STM_InterruptDisable	8	static
stm32_interface.c:66:13:STM_PauseDMA	16	static
stm32_interface.c:71:13:STM_ResumeDMA	16	static
stm32_interface.c:76:13:STM_ResetDMA	16	static
stm32_interface.c:81:6:STM_InitDMA	16	static
stm32_interface.c:89:10:STM_GetDMAFillAddress	16	static
stm32_interface.c:97:16:STM_UartTxDMA	32	static
stm32_interface.c:107:17:STM_UartRxDMA	16	static
stm32_interface.c:123:13:STM_I2CMasterTx	32	static
stm32_interface.c:131:13:STM_SetPortMode	40	static
stm32_interface.c:138:16:STM_ReadPort	16	static
stm32_interface.c:142:13:STM_WritePin	16	static
stm32_interface.c:146:13:STM_TogglePin	16	static
stm32_interface.c:154:17:STM_Timestamp	8	static
stm32_interface.c:158:13:STM_Wait	16	static
stm32_interface.c:162:17:STM_SysClockFreq	8	static
stm32_interface.c:170:6:STM_Reset	8	static
