stm32_interface.c:19:13:HAL_GPIO_EXTI_Callback	0	static
stm32_interface.c:46:6:STM_InterruptEnable	8	static
stm32_interface.c:52:6:STM_InterruptDisable	8	static
stm32_interface.c:62:13:STM_PauseDMA	8	static
stm32_interface.c:67:13:STM_ResumeDMA	8	static
stm32_interface.c:72:13:STM_ResetDMA	0	static
stm32_interface.c:77:6:STM_InitDMA	16	static
stm32_interface.c:85:10:STM_GetDMAFillAddress	4	static
stm32_interface.c:93:16:STM_UartTxDMA	0	static
stm32_interface.c:98:17:STM_UartRxDMA	0	static
stm32_interface.c:114:13:STM_I2CMasterTx	16	static
stm32_interface.c:122:13:STM_SetPortMode	32	static
stm32_interface.c:129:16:STM_ReadPort	0	static
stm32_interface.c:133:13:STM_WritePin	8	static
stm32_interface.c:137:13:STM_TogglePin	8	static
stm32_interface.c:145:17:STM_Timestamp	8	static
stm32_interface.c:149:13:STM_Wait	8	static
stm32_interface.c:153:17:STM_SysClockFreq	8	static
stm32_interface.c:161:6:STM_Reset	0	static,ignoring_inline_asm
