Archive member included to satisfy reference by file (symbol)

c:/st/stm32cubeide_1.6.1/stm32cubeide/plugins/com.st.stm32cube.ide.mcu.externaltools.gnu-tools-for-stm32.9-2020-q2-update.win32_2.0.0.202105311346/tools/bin/../lib/gcc/arm-none-eabi/9.3.1/../../../../arm-none-eabi/lib/thumb/v7e-m+fp/hard\libc_nano.a(lib_a-errno.o)
                              ./Application/User/Core/syscalls.o (__errno)
c:/st/stm32cubeide_1.6.1/stm32cubeide/plugins/com.st.stm32cube.ide.mcu.externaltools.gnu-tools-for-stm32.9-2020-q2-update.win32_2.0.0.202105311346/tools/bin/../lib/gcc/arm-none-eabi/9.3.1/../../../../arm-none-eabi/lib/thumb/v7e-m+fp/hard\libc_nano.a(lib_a-exit.o)
                              c:/st/stm32cubeide_1.6.1/stm32cubeide/plugins/com.st.stm32cube.ide.mcu.externaltools.gnu-tools-for-stm32.9-2020-q2-update.win32_2.0.0.202105311346/tools/bin/../lib/gcc/arm-none-eabi/9.3.1/../../../../arm-none-eabi/lib/thumb/v7e-m+fp/hard/crt0.o (exit)
c:/st/stm32cubeide_1.6.1/stm32cubeide/plugins/com.st.stm32cube.ide.mcu.externaltools.gnu-tools-for-stm32.9-2020-q2-update.win32_2.0.0.202105311346/tools/bin/../lib/gcc/arm-none-eabi/9.3.1/../../../../arm-none-eabi/lib/thumb/v7e-m+fp/hard\libc_nano.a(lib_a-impure.o)
                              c:/st/stm32cubeide_1.6.1/stm32cubeide/plugins/com.st.stm32cube.ide.mcu.externaltools.gnu-tools-for-stm32.9-2020-q2-update.win32_2.0.0.202105311346/tools/bin/../lib/gcc/arm-none-eabi/9.3.1/../../../../arm-none-eabi/lib/thumb/v7e-m+fp/hard\libc_nano.a(lib_a-exit.o) (_global_impure_ptr)
c:/st/stm32cubeide_1.6.1/stm32cubeide/plugins/com.st.stm32cube.ide.mcu.externaltools.gnu-tools-for-stm32.9-2020-q2-update.win32_2.0.0.202105311346/tools/bin/../lib/gcc/arm-none-eabi/9.3.1/../../../../arm-none-eabi/lib/thumb/v7e-m+fp/hard\libc_nano.a(lib_a-init.o)
                              c:/st/stm32cubeide_1.6.1/stm32cubeide/plugins/com.st.stm32cube.ide.mcu.externaltools.gnu-tools-for-stm32.9-2020-q2-update.win32_2.0.0.202105311346/tools/bin/../lib/gcc/arm-none-eabi/9.3.1/../../../../arm-none-eabi/lib/thumb/v7e-m+fp/hard/crt0.o (__libc_init_array)
c:/st/stm32cubeide_1.6.1/stm32cubeide/plugins/com.st.stm32cube.ide.mcu.externaltools.gnu-tools-for-stm32.9-2020-q2-update.win32_2.0.0.202105311346/tools/bin/../lib/gcc/arm-none-eabi/9.3.1/../../../../arm-none-eabi/lib/thumb/v7e-m+fp/hard\libc_nano.a(lib_a-malloc.o)
                              ./Application/User/Rho/core/rho_client.o (malloc)
c:/st/stm32cubeide_1.6.1/stm32cubeide/plugins/com.st.stm32cube.ide.mcu.externaltools.gnu-tools-for-stm32.9-2020-q2-update.win32_2.0.0.202105311346/tools/bin/../lib/gcc/arm-none-eabi/9.3.1/../../../../arm-none-eabi/lib/thumb/v7e-m+fp/hard\libc_nano.a(lib_a-memcpy-stub.o)
                              ./Application/User/Rho/core/rho_capture.o (memcpy)
c:/st/stm32cubeide_1.6.1/stm32cubeide/plugins/com.st.stm32cube.ide.mcu.externaltools.gnu-tools-for-stm32.9-2020-q2-update.win32_2.0.0.202105311346/tools/bin/../lib/gcc/arm-none-eabi/9.3.1/../../../../arm-none-eabi/lib/thumb/v7e-m+fp/hard\libc_nano.a(lib_a-memset.o)
                              c:/st/stm32cubeide_1.6.1/stm32cubeide/plugins/com.st.stm32cube.ide.mcu.externaltools.gnu-tools-for-stm32.9-2020-q2-update.win32_2.0.0.202105311346/tools/bin/../lib/gcc/arm-none-eabi/9.3.1/../../../../arm-none-eabi/lib/thumb/v7e-m+fp/hard/crt0.o (memset)
c:/st/stm32cubeide_1.6.1/stm32cubeide/plugins/com.st.stm32cube.ide.mcu.externaltools.gnu-tools-for-stm32.9-2020-q2-update.win32_2.0.0.202105311346/tools/bin/../lib/gcc/arm-none-eabi/9.3.1/../../../../arm-none-eabi/lib/thumb/v7e-m+fp/hard\libc_nano.a(lib_a-nano-freer.o)
                              c:/st/stm32cubeide_1.6.1/stm32cubeide/plugins/com.st.stm32cube.ide.mcu.externaltools.gnu-tools-for-stm32.9-2020-q2-update.win32_2.0.0.202105311346/tools/bin/../lib/gcc/arm-none-eabi/9.3.1/../../../../arm-none-eabi/lib/thumb/v7e-m+fp/hard\libc_nano.a(lib_a-malloc.o) (_free_r)
c:/st/stm32cubeide_1.6.1/stm32cubeide/plugins/com.st.stm32cube.ide.mcu.externaltools.gnu-tools-for-stm32.9-2020-q2-update.win32_2.0.0.202105311346/tools/bin/../lib/gcc/arm-none-eabi/9.3.1/../../../../arm-none-eabi/lib/thumb/v7e-m+fp/hard\libc_nano.a(lib_a-nano-mallocr.o)
                              c:/st/stm32cubeide_1.6.1/stm32cubeide/plugins/com.st.stm32cube.ide.mcu.externaltools.gnu-tools-for-stm32.9-2020-q2-update.win32_2.0.0.202105311346/tools/bin/../lib/gcc/arm-none-eabi/9.3.1/../../../../arm-none-eabi/lib/thumb/v7e-m+fp/hard\libc_nano.a(lib_a-malloc.o) (_malloc_r)
c:/st/stm32cubeide_1.6.1/stm32cubeide/plugins/com.st.stm32cube.ide.mcu.externaltools.gnu-tools-for-stm32.9-2020-q2-update.win32_2.0.0.202105311346/tools/bin/../lib/gcc/arm-none-eabi/9.3.1/../../../../arm-none-eabi/lib/thumb/v7e-m+fp/hard\libc_nano.a(lib_a-nano-vfprintf_float.o)
                              (_printf_float)
[...]
Memory Configuration

Name             Origin             Length             Attributes
RAM              0x0000000020000000 0x0000000000005800 xrw
FLASH            0x0000000008000000 0x0000000000020000 xr
*default*        0x0000000000000000 0xffffffffffffffff

Linker script and memory map

LOAD c:/st/stm32cubeide_1.6.1/stm32cubeide/plugins/com.st.stm32cube.ide.mcu.externaltools.gnu-tools-for-stm32.9-2020-q2-update.win32_2.0.0.202105311346/tools/bin/../lib/gcc/arm-none-eabi/9.3.1/thumb/v7e-m+fp/hard/crti.o
LOAD c:/st/stm32cubeide_1.6.1/stm32cubeide/plugins/com.st.stm32cube.ide.mcu.externaltools.gnu-tools-for-stm32.9-2020-q2-update.win32_2.0.0.202105311346/tools/bin/../lib/gcc/arm-none-eabi/9.3.1/thumb/v7e-m+fp/hard/crtbegin.o
LOAD c:/st/stm32cubeide_1.6.1/stm32cubeide/plugins/com.st.stm32cube.ide.mcu.externaltools.gnu-tools-for-stm32.9-2020-q2-update.win32_2.0.0.202105311346/tools/bin/../lib/gcc/arm-none-eabi/9.3.1/../../../../arm-none-eabi/lib/thumb/v7e-m+fp/hard/crt0.o
LOAD ./Application/User/App/OV9712/OV9712.o
LOAD ./Application/User/App/master.o
LOAD ./Application/User/App/platform_interface/stm32_interface.o
LOAD ./Application/User/Core/main.o
LOAD ./Application/User/Core/stm32g4xx_hal_msp.o
LOAD ./Application/User/Core/stm32g4xx_it.o
LOAD ./Application/User/Core/syscalls.o
LOAD ./Application/User/Core/sysmem.o
LOAD ./Application/User/Rho/core/rho_capture.o
LOAD ./Application/User/Rho/core/rho_client.o
LOAD ./Application/User/Rho/core/rho_core.o
LOAD ./Application/User/Rho/core/rho_utility.o
LOAD ./Application/User/Rho/psm/fsm.o
LOAD ./Application/User/Rho/psm/gmm.o
LOAD ./Application/User/Rho/psm/hmm.o
LOAD ./Application/User/Rho/psm/psm.o
LOAD ./Application/User/Rho/types/kalman.o
LOAD ./Application/User/Rho/types/matvec.o
LOAD ./Application/User/Rho/types/pid.o
LOAD ./Application/User/Rho/types/statistics.o
LOAD ./Application/User/Startup/startup_stm32g431kbux.o
LOAD ./Application/User/UniSM/platform.o
LOAD ./Application/User/UniSM/printers.o
LOAD ./Application/User/UniSM/system.o
LOAD ./Application/User/UniSM/templates/master_template.o
LOAD ./Drivers/CMSIS/system_stm32g4xx.o
LOAD ./Drivers/STM32G4xx_HAL_Driver/stm32g4xx_hal.o
LOAD ./Drivers/STM32G4xx_HAL_Driver/stm32g4xx_hal_cortex.o
LOAD ./Drivers/STM32G4xx_HAL_Driver/stm32g4xx_hal_dma.o
LOAD ./Drivers/STM32G4xx_HAL_Driver/stm32g4xx_hal_dma_ex.o
LOAD ./Drivers/STM32G4xx_HAL_Driver/stm32g4xx_hal_exti.o
LOAD ./Drivers/STM32G4xx_HAL_Driver/stm32g4xx_hal_flash.o
LOAD ./Drivers/STM32G4xx_HAL_Driver/stm32g4xx_hal_flash_ex.o
LOAD ./Drivers/STM32G4xx_HAL_Driver/stm32g4xx_hal_flash_ramfunc.o
LOAD ./Drivers/STM32G4xx_HAL_Driver/stm32g4xx_hal_gpio.o
LOAD ./Drivers/STM32G4xx_HAL_Driver/stm32g4xx_hal_i2c.o
LOAD ./Drivers/STM32G4xx_HAL_Driver/stm32g4xx_hal_i2c_ex.o
LOAD ./Drivers/STM32G4xx_HAL_Driver/stm32g4xx_hal_pwr.o
LOAD ./Drivers/STM32G4xx_HAL_Driver/stm32g4xx_hal_pwr_ex.o
LOAD ./Drivers/STM32G4xx_HAL_Driver/stm32g4xx_hal_rcc.o
LOAD ./Drivers/STM32G4xx_HAL_Driver/stm32g4xx_hal_rcc_ex.o
LOAD ./Drivers/STM32G4xx_HAL_Driver/stm32g4xx_hal_tim.o
LOAD ./Drivers/STM32G4xx_HAL_Driver/stm32g4xx_hal_tim_ex.o
LOAD ./Drivers/STM32G4xx_HAL_Driver/stm32g4xx_hal_uart.o
LOAD ./Drivers/STM32G4xx_HAL_Driver/stm32g4xx_hal_uart_ex.o
START GROUP
LOAD c:/st/stm32cubeide_1.6.1/stm32cubeide/plugins/com.st.stm32cube.ide.mcu.externaltools.gnu-tools-for-stm32.9-2020-q2-update.win32_2.0.0.202105311346/tools/bin/../lib/gcc/arm-none-eabi/9.3.1/../../../../arm-none-eabi/lib/thumb/v7e-m+fp/hard\libc_nano.a
LOAD c:/st/stm32cubeide_1.6.1/stm32cubeide/plugins/com.st.stm32cube.ide.mcu.externaltools.gnu-tools-for-stm32.9-2020-q2-update.win32_2.0.0.202105311346/tools/bin/../lib/gcc/arm-none-eabi/9.3.1/../../../../arm-none-eabi/lib/thumb/v7e-m+fp/hard\libm.a
END GROUP
START GROUP
LOAD c:/st/stm32cubeide_1.6.1/stm32cubeide/plugins/com.st.stm32cube.ide.mcu.externaltools.gnu-tools-for-stm32.9-2020-q2-update.win32_2.0.0.202105311346/tools/bin/../lib/gcc/arm-none-eabi/9.3.1/thumb/v7e-m+fp/hard\libgcc.a
LOAD c:/st/stm32cubeide_1.6.1/stm32cubeide/plugins/com.st.stm32cube.ide.mcu.externaltools.gnu-tools-for-stm32.9-2020-q2-update.win32_2.0.0.202105311346/tools/bin/../lib/gcc/arm-none-eabi/9.3.1/../../../../arm-none-eabi/lib/thumb/v7e-m+fp/hard\libc_nano.a
END GROUP
START GROUP
LOAD c:/st/stm32cubeide_1.6.1/stm32cubeide/plugins/com.st.stm32cube.ide.mcu.externaltools.gnu-tools-for-stm32.9-2020-q2-update.win32_2.0.0.202105311346/tools/bin/../lib/gcc/arm-none-eabi/9.3.1/thumb/v7e-m+fp/hard\libgcc.a
LOAD c:/st/stm32cubeide_1.6.1/stm32cubeide/plugins/com.st.stm32cube.ide.mcu.externaltools.gnu-tools-for-stm32.9-2020-q2-update.win32_2.0.0.202105311346/tools/bin/../lib/gcc/arm-none-eabi/9.3.1/../../../../arm-none-eabi/lib/thumb/v7e-m+fp/hard\libc_nano.a
LOAD c:/st/stm32cubeide_1.6.1/stm32cubeide/plugins/com.st.stm32cube.ide.mcu.externaltools.gnu-tools-for-stm32.9-2020-q2-update.win32_2.0.0.202105311346/tools/bin/../lib/gcc/arm-none-eabi/9.3.1/../../../../arm-none-eabi/lib/thumb/v7e-m+fp/hard\libnosys.a
END GROUP
START GROUP
LOAD c:/st/stm32cubeide_1.6.1/stm32cubeide/plugins/com.st.stm32cube.ide.mcu.externaltools.gnu-tools-for-stm32.9-2020-q2-update.win32_2.0.0.202105311346/tools/bin/../lib/gcc/arm-none-eabi/9.3.1/thumb/v7e-m+fp/hard\libgcc.a
LOAD c:/st/stm32cubeide_1.6.1/stm32cubeide/plugins/com.st.stm32cube.ide.mcu.externaltools.gnu-tools-for-stm32.9-2020-q2-update.win32_2.0.0.202105311346/tools/bin/../lib/gcc/arm-none-eabi/9.3.1/../../../../arm-none-eabi/lib/thumb/v7e-m+fp/hard\libc_nano.a
LOAD c:/st/stm32cubeide_1.6.1/stm32cubeide/plugins/com.st.stm32cube.ide.mcu.externaltools.gnu-tools-for-stm32.9-2020-q2-update.win32_2.0.0.202105311346/tools/bin/../lib/gcc/arm-none-eabi/9.3.1/../../../../arm-none-eabi/lib/thumb/v7e-m+fp/hard\libnosys.a
END GROUP
LOAD c:/st/stm32cubeide_1.6.1/stm32cubeide/plugins/com.st.stm32cube.ide.mcu.externaltools.gnu-tools-for-stm32.9-2020-q2-update.win32_2.0.0.202105311346/tools/bin/../lib/gcc/arm-none-eabi/9.3.1/thumb/v7e-m+fp/hard/crtend.o
LOAD c:/st/stm32cubeide_1.6.1/stm32cubeide/plugins/com.st.stm32cube.ide.mcu.externaltools.gnu-tools-for-stm32.9-2020-q2-update.win32_2.0.0.202105311346/tools/bin/../lib/gcc/arm-none-eabi/9.3.1/thumb/v7e-m+fp/hard/crtn.o
                0x0000000020005800                _estack = (ORIGIN (RAM) + LENGTH (RAM))
                0x0000000000000200                _Min_Heap_Size = 0x200
                0x0000000000000400                _Min_Stack_Size = 0x400

.isr_vector     0x0000000008000000      0x1d8
                0x0000000008000000                . = ALIGN (0x4)
 *(.isr_vector)
 .isr_vector    0x0000000008000000      0x1d8 ./Application/User/Startup/startup_stm32g431kbux.o
                0x0000000008000000                g_pfnVectors
                0x00000000080001d8                . = ALIGN (0x4)

.text           0x00000000080001e0     0x8da8
                0x00000000080001e0                . = ALIGN (0x4)
 *(.text)
 .text          0x00000000080001e0       0x40 c:/st/stm32cubeide_1.6.1/stm32cubeide/plugins/com.st.stm32cube.ide.mcu.externaltools.gnu-tools-for-stm32.9-2020-q2-update.win32_2.0.0.202105311346/tools/bin/../lib/gcc/arm-none-eabi/9.3.1/thumb/v7e-m+fp/hard/crtbegin.o
 .text          0x0000000008000220       0x10 c:/st/stm32cubeide_1.6.1/stm32cubeide/plugins/com.st.stm32cube.ide.mcu.externaltools.gnu-tools-for-stm32.9-2020-q2-update.win32_2.0.0.202105311346/tools/bin/../lib/gcc/arm-none-eabi/9.3.1/../../../../arm-none-eabi/lib/thumb/v7e-m+fp/hard\libc_nano.a(lib_a-strlen.o)
                0x0000000008000220                strlen
 .text          0x0000000008000230       0xa0 c:/st/stm32cubeide_1.6.1/stm32cubeide/plugins/com.st.stm32cube.ide.mcu.externaltools.gnu-tools-for-stm32.9-2020-q2-update.win32_2.0.0.202105311346/tools/bin/../lib/gcc/arm-none-eabi/9.3.1/../../../../arm-none-eabi/lib/thumb/v7e-m+fp/hard\libc_nano.a(lib_a-memchr.o)
                0x0000000008000230                memchr
 .text          0x00000000080002d0      0x378 c:/st/stm32cubeide_1.6.1/stm32cubeide/plugins/com.st.stm32cube.ide.mcu.externaltools.gnu-tools-for-stm32.9-2020-q2-update.win32_2.0.0.202105311346/tools/bin/../lib/gcc/arm-none-eabi/9.3.1/thumb/v7e-m+fp/hard\libgcc.a(_arm_addsubdf3.o)
                0x00000000080002d0                __aeabi_drsub
                0x00000000080002d8                __aeabi_dsub
                0x00000000080002d8                __subdf3
                0x00000000080002dc                __aeabi_dadd
                0x00000000080002dc                __adddf3
                0x0000000008000554                __floatunsidf
                0x0000000008000554                __aeabi_ui2d
                0x0000000008000574                __floatsidf
                0x0000000008000574                __aeabi_i2d
                0x0000000008000598                __aeabi_f2d
                0x0000000008000598                __extendsfdf2
                0x00000000080005dc                __floatundidf
                0x00000000080005dc                __aeabi_ul2d
                0x00000000080005ec                __floatdidf
                0x00000000080005ec                __aeabi_l2d
 .text          0x0000000008000648      0x424 c:/st/stm32cubeide_1.6.1/stm32cubeide/plugins/com.st.stm32cube.ide.mcu.externaltools.gnu-tools-for-stm32.9-2020-q2-update.win32_2.0.0.202105311346/tools/bin/../lib/gcc/arm-none-eabi/9.3.1/thumb/v7e-m+fp/hard\libgcc.a(_arm_muldivdf3.o)
                0x0000000008000648                __aeabi_dmul
                0x0000000008000648                __muldf3
                0x000000000800089c                __divdf3
                0x000000000800089c                __aeabi_ddiv
 .text          0x0000000008000a6c      0x110 c:/st/stm32cubeide_1.6.1/stm32cubeide/plugins/com.st.stm32cube.ide.mcu.externaltools.gnu-tools-for-stm32.9-2020-q2-update.win32_2.0.0.202105311346/tools/bin/../lib/gcc/arm-none-eabi/9.3.1/thumb/v7e-m+fp/hard\libgcc.a(_arm_cmpdf2.o)
                0x0000000008000a6c                __gtdf2
                0x0000000008000a6c                __gedf2
                0x0000000008000a74                __ltdf2
                0x0000000008000a74                __ledf2
                0x0000000008000a7c                __nedf2
                0x0000000008000a7c                __eqdf2
                0x0000000008000a7c                __cmpdf2
                0x0000000008000af8                __aeabi_cdrcmple
                0x0000000008000b08                __aeabi_cdcmpeq
                0x0000000008000b08                __aeabi_cdcmple
                0x0000000008000b18                __aeabi_dcmpeq
                0x0000000008000b2c                __aeabi_dcmplt
                0x0000000008000b40                __aeabi_dcmple
                0x0000000008000b54                __aeabi_dcmpge
                0x0000000008000b68                __aeabi_dcmpgt
 .text          0x0000000008000b7c       0x2c c:/st/stm32cubeide_1.6.1/stm32cubeide/plugins/com.st.stm32cube.ide.mcu.externaltools.gnu-tools-for-stm32.9-2020-q2-update.win32_2.0.0.202105311346/tools/bin/../lib/gcc/arm-none-eabi/9.3.1/thumb/v7e-m+fp/hard\libgcc.a(_arm_unorddf2.o)
                0x0000000008000b7c                __unorddf2
                0x0000000008000b7c                __aeabi_dcmpun
 .text          0x0000000008000ba8       0x50 c:/st/stm32cubeide_1.6.1/stm32cubeide/plugins/com.st.stm32cube.ide.mcu.externaltools.gnu-tools-for-stm32.9-2020-q2-update.win32_2.0.0.202105311346/tools/bin/../lib/gcc/arm-none-eabi/9.3.1/thumb/v7e-m+fp/hard\libgcc.a(_arm_fixdfsi.o)
                0x0000000008000ba8                __aeabi_d2iz
                0x0000000008000ba8                __fixdfsi
 .text          0x0000000008000bf8       0x30 c:/st/stm32cubeide_1.6.1/stm32cubeide/plugins/com.st.stm32cube.ide.mcu.externaltools.gnu-tools-for-stm32.9-2020-q2-update.win32_2.0.0.202105311346/tools/bin/../lib/gcc/arm-none-eabi/9.3.1/thumb/v7e-m+fp/hard\libgcc.a(_aeabi_uldivmod.o)
                0x0000000008000bf8                __aeabi_uldivmod
 .text          0x0000000008000c28      0x2c4 c:/st/stm32cubeide_1.6.1/stm32cubeide/plugins/com.st.stm32cube.ide.mcu.externaltools.gnu-tools-for-stm32.9-2020-q2-update.win32_2.0.0.202105311346/tools/bin/../lib/gcc/arm-none-eabi/9.3.1/thumb/v7e-m+fp/hard\libgcc.a(_udivmoddi4.o)
                0x0000000008000c28                __udivmoddi4
 .text          0x0000000008000eec        0x4 c:/st/stm32cubeide_1.6.1/stm32cubeide/plugins/com.st.stm32cube.ide.mcu.externaltools.gnu-tools-for-stm32.9-2020-q2-update.win32_2.0.0.202105311346/tools/bin/../lib/gcc/arm-none-eabi/9.3.1/thumb/v7e-m+fp/hard\libgcc.a(_dvmd_tls.o)
                0x0000000008000eec                __aeabi_idiv0
                0x0000000008000eec                __aeabi_ldiv0
 *(.text*)
 .text.OV9712_Init
                0x0000000008000ef0       0x70 ./Application/User/App/OV9712/OV9712.o
                0x0000000008000ef0                OV9712_Init
 .text.OV9712_Write
                0x0000000008000f60       0x40 ./Application/User/App/OV9712/OV9712.o
                0x0000000008000f60                OV9712_Write
 .text.OV9712_Enable
                0x0000000008000fa0       0x5c ./Application/User/App/OV9712/OV9712.o
                0x0000000008000fa0                OV9712_Enable
 .text.OV9712_Disable
                0x0000000008000ffc       0x5c ./Application/User/App/OV9712/OV9712.o
                0x0000000008000ffc                OV9712_Disable
 .text.HAL_UART_TxCpltCallback
                0x0000000008001058       0x2c ./Application/User/App/master.o
                0x0000000008001058                HAL_UART_TxCpltCallback
 .text.CaptureFrame
                0x0000000008001084      0x100 ./Application/User/App/master.o
                0x0000000008001084                CaptureFrame
 .text.InitializePlatform
                0x0000000008001184       0x4c ./Application/User/App/master.o
                0x0000000008001184                InitializePlatform
 .text.ConnectToHost
                0x00000000080011d0        0xe ./Application/User/App/master.o
                0x00000000080011d0                ConnectToHost
 *fill*         0x00000000080011de        0x2 
 .text.ConfigureApplication
                0x00000000080011e0       0x48 ./Application/User/App/master.o
                0x00000000080011e0                ConfigureApplication
 .text.ExitInitialization
                0x0000000008001228       0x38 ./Application/User/App/master.o
                0x0000000008001228                ExitInitialization
 .text.ApplicationCore
                0x0000000008001260        0xc ./Application/User/App/master.o
                0x0000000008001260                ApplicationCore
 .text.SystemError
                0x000000000800126c       0x64 ./Application/User/App/master.o
                0x000000000800126c                SystemError
 .text.Master_Connect
                0x00000000080012d0       0x40 ./Application/User/App/master.o
                0x00000000080012d0                Master_Connect
 .text.Master_Init
                0x0000000008001310       0x48 ./Application/User/App/master.o
                0x0000000008001310                Master_Init
 .text.Master_Run
                0x0000000008001358       0x20 ./Application/User/App/master.o
                0x0000000008001358                Master_Run
 .text.__NVIC_SystemReset
                0x0000000008001378       0x2c ./Application/User/App/platform_interface/stm32_interface.o
 .text.HAL_GPIO_EXTI_Callback
                0x00000000080013a4       0x5c ./Application/User/App/platform_interface/stm32_interface.o
                0x00000000080013a4                HAL_GPIO_EXTI_Callback
 .text.STM_InterruptEnable
                0x0000000008001400       0x14 ./Application/User/App/platform_interface/stm32_interface.o
                0x0000000008001400                STM_InterruptEnable
 .text.STM_InterruptDisable
                0x0000000008001414       0x14 ./Application/User/App/platform_interface/stm32_interface.o
                0x0000000008001414                STM_InterruptDisable
 .text.STM_PauseDMA
                0x0000000008001428       0x40 ./Application/User/App/platform_interface/stm32_interface.o
                0x0000000008001428                STM_PauseDMA
 .text.STM_ResumeDMA
                0x0000000008001468       0x3c ./Application/User/App/platform_interface/stm32_interface.o
                0x0000000008001468                STM_ResumeDMA
 .text.STM_ResetDMA
                0x00000000080014a4       0x38 ./Application/User/App/platform_interface/stm32_interface.o
                0x00000000080014a4                STM_ResetDMA
 .text.STM_InitDMA
                0x00000000080014dc       0x60 ./Application/User/App/platform_interface/stm32_interface.o
                0x00000000080014dc                STM_InitDMA
 .text.STM_GetDMAFillAddress
                0x000000000800153c       0x38 ./Application/User/App/platform_interface/stm32_interface.o
                0x000000000800153c                STM_GetDMAFillAddress
 .text.STM_UartTxDMA
                0x0000000008001574       0x34 ./Application/User/App/platform_interface/stm32_interface.o
                0x0000000008001574                STM_UartTxDMA
 .text.STM_UartRxDMA
                0x00000000080015a8       0x18 ./Application/User/App/platform_interface/stm32_interface.o
                0x00000000080015a8                STM_UartRxDMA
 .text.STM_I2CMasterTx
                0x00000000080015c0       0x2e ./Application/User/App/platform_interface/stm32_interface.o
                0x00000000080015c0                STM_I2CMasterTx
 .text.STM_SetPortMode
                0x00000000080015ee       0x3c ./Application/User/App/platform_interface/stm32_interface.o
                0x00000000080015ee                STM_SetPortMode
 .text.STM_ReadPort
                0x000000000800162a       0x1a ./Application/User/App/platform_interface/stm32_interface.o
                0x000000000800162a                STM_ReadPort
 .text.STM_WritePin
                0x0000000008001644       0x24 ./Application/User/App/platform_interface/stm32_interface.o
                0x0000000008001644                STM_WritePin
 .text.STM_TogglePin
                0x0000000008001668       0x1e ./Application/User/App/platform_interface/stm32_interface.o
                0x0000000008001668                STM_TogglePin
 .text.STM_Timestamp
                0x0000000008001686        0xe ./Application/User/App/platform_interface/stm32_interface.o
                0x0000000008001686                STM_Timestamp
 .text.STM_Wait
                0x0000000008001694       0x16 ./Application/User/App/platform_interface/stm32_interface.o
                0x0000000008001694                STM_Wait
 .text.STM_SysClockFreq
                0x00000000080016aa        0xe ./Application/User/App/platform_interface/stm32_interface.o
                0x00000000080016aa                STM_SysClockFreq
 .text.STM_Reset
                0x00000000080016b8        0x8 ./Application/User/App/platform_interface/stm32_interface.o
                0x00000000080016b8                STM_Reset
 .text._write   0x00000000080016c0       0x38 ./Application/User/Core/main.o
                0x00000000080016c0                _write
 .text.main     0x00000000080016f8       0x48 ./Application/User/Core/main.o
                0x00000000080016f8                main
 .text.SystemClock_Config
                0x0000000008001740       0xdc ./Application/User/Core/main.o
                0x0000000008001740                SystemClock_Config
 .text.MX_I2C1_Init
                0x000000000800181c       0x80 ./Application/User/Core/main.o
 .text.MX_TIM16_Init
                0x000000000800189c       0x94 ./Application/User/Core/main.o
 .text.MX_USART1_UART_Init
                0x0000000008001930       0x9c ./Application/User/Core/main.o
 .text.MX_DMA_Init
                0x00000000080019cc       0x7c ./Application/User/Core/main.o
 .text.MX_GPIO_Init
                0x0000000008001a48      0x1d4 ./Application/User/Core/main.o
 .text.Error_Handler
                0x0000000008001c1c        0xa ./Application/User/Core/main.o
                0x0000000008001c1c                Error_Handler
 *fill*         0x0000000008001c26        0x2 
 .text.HAL_MspInit
                0x0000000008001c28       0x4c ./Application/User/Core/stm32g4xx_hal_msp.o
                0x0000000008001c28                HAL_MspInit
 .text.HAL_I2C_MspInit
                0x0000000008001c74       0x88 ./Application/User/Core/stm32g4xx_hal_msp.o
                0x0000000008001c74                HAL_I2C_MspInit
 .text.HAL_TIM_Base_MspInit
                0x0000000008001cfc       0xe4 ./Application/User/Core/stm32g4xx_hal_msp.o
                0x0000000008001cfc                HAL_TIM_Base_MspInit
 .text.HAL_UART_MspInit
                0x0000000008001de0      0x118 ./Application/User/Core/stm32g4xx_hal_msp.o
                0x0000000008001de0                HAL_UART_MspInit
 .text.NMI_Handler
                0x0000000008001ef8        0x6 ./Application/User/Core/stm32g4xx_it.o
                0x0000000008001ef8                NMI_Handler
 .text.HardFault_Handler
                0x0000000008001efe        0x6 ./Application/User/Core/stm32g4xx_it.o
                0x0000000008001efe                HardFault_Handler
 .text.MemManage_Handler
                0x0000000008001f04        0x6 ./Application/User/Core/stm32g4xx_it.o
                0x0000000008001f04                MemManage_Handler
 .text.BusFault_Handler
                0x0000000008001f0a        0x6 ./Application/User/Core/stm32g4xx_it.o
                0x0000000008001f0a                BusFault_Handler
 .text.UsageFault_Handler
                0x0000000008001f10        0x6 ./Application/User/Core/stm32g4xx_it.o
                0x0000000008001f10                UsageFault_Handler
 .text.SVC_Handler
                0x0000000008001f16        0xe ./Application/User/Core/stm32g4xx_it.o
                0x0000000008001f16                SVC_Handler
 .text.DebugMon_Handler
                0x0000000008001f24        0xe ./Application/User/Core/stm32g4xx_it.o
                0x0000000008001f24                DebugMon_Handler
 .text.PendSV_Handler
                0x0000000008001f32        0xe ./Application/User/Core/stm32g4xx_it.o
                0x0000000008001f32                PendSV_Handler
 .text.SysTick_Handler
                0x0000000008001f40        0xc ./Application/User/Core/stm32g4xx_it.o
                0x0000000008001f40                SysTick_Handler
 .text.EXTI0_IRQHandler
                0x0000000008001f4c        0xe ./Application/User/Core/stm32g4xx_it.o
                0x0000000008001f4c                EXTI0_IRQHandler
 .text.EXTI3_IRQHandler
                0x0000000008001f5a        0xe ./Application/User/Core/stm32g4xx_it.o
                0x0000000008001f5a                EXTI3_IRQHandler
 .text.DMA1_Channel1_IRQHandler
                0x0000000008001f68       0x14 ./Application/User/Core/stm32g4xx_it.o
                0x0000000008001f68                DMA1_Channel1_IRQHandler
 .text.USART1_IRQHandler
                0x0000000008001f7c       0x14 ./Application/User/Core/stm32g4xx_it.o
                0x0000000008001f7c                USART1_IRQHandler
 .text.DMA2_Channel2_IRQHandler
                0x0000000008001f90       0x14 ./Application/User/Core/stm32g4xx_it.o
                0x0000000008001f90                DMA2_Channel2_IRQHandler
 .text._getpid  0x0000000008001fa4       0x10 ./Application/User/Core/syscalls.o
                0x0000000008001fa4                _getpid
 .text._kill    0x0000000008001fb4       0x20 ./Application/User/Core/syscalls.o
                0x0000000008001fb4                _kill
 .text._exit    0x0000000008001fd4       0x14 ./Application/User/Core/syscalls.o
                0x0000000008001fd4                _exit
 .text._read    0x0000000008001fe8       0x3a ./Application/User/Core/syscalls.o
                0x0000000008001fe8                _read
 .text._close   0x0000000008002022       0x18 ./Application/User/Core/syscalls.o
                0x0000000008002022                _close
 .text._fstat   0x000000000800203a       0x20 ./Application/User/Core/syscalls.o
                0x000000000800203a                _fstat
 .text._isatty  0x000000000800205a       0x16 ./Application/User/Core/syscalls.o
                0x000000000800205a                _isatty
 .text._lseek   0x0000000008002070       0x1a ./Application/User/Core/syscalls.o
                0x0000000008002070                _lseek
 *fill*         0x000000000800208a        0x2 
 .text._sbrk    0x000000000800208c       0x6c ./Application/User/Core/sysmem.o
                0x000000000800208c                _sbrk
 .text.Reset_Handler
                0x00000000080020f8       0x50 ./Application/User/Startup/startup_stm32g431kbux.o
                0x00000000080020f8                Reset_Handler
 .text.Default_Handler
                0x0000000008002148        0x2 ./Application/User/Startup/startup_stm32g431kbux.o
                0x0000000008002148                RTC_Alarm_IRQHandler
                0x0000000008002148                EXTI2_IRQHandler
                0x0000000008002148                TIM8_TRG_COM_IRQHandler
                0x0000000008002148                TIM8_CC_IRQHandler
                0x0000000008002148                TIM1_CC_IRQHandler
                0x0000000008002148                USB_HP_IRQHandler
                0x0000000008002148                CORDIC_IRQHandler
                0x0000000008002148                I2C3_ER_IRQHandler
                0x0000000008002148                I2C2_EV_IRQHandler
                0x0000000008002148                FPU_IRQHandler
                0x0000000008002148                FDCAN1_IT1_IRQHandler
                0x0000000008002148                TIM1_UP_TIM16_IRQHandler
                0x0000000008002148                ADC1_2_IRQHandler
                0x0000000008002148                SPI1_IRQHandler
                0x0000000008002148                TIM6_DAC_IRQHandler
                0x0000000008002148                TIM8_UP_IRQHandler
                0x0000000008002148                DMA1_Channel4_IRQHandler
                0x0000000008002148                USART3_IRQHandler
                0x0000000008002148                TIM4_IRQHandler
                0x0000000008002148                DMA2_Channel1_IRQHandler
                0x0000000008002148                I2C1_EV_IRQHandler
                0x0000000008002148                DMA1_Channel6_IRQHandler
                0x0000000008002148                UART4_IRQHandler
                0x0000000008002148                DMA2_Channel4_IRQHandler
                0x0000000008002148                TIM3_IRQHandler
                0x0000000008002148                RCC_IRQHandler
                0x0000000008002148                Default_Handler
                0x0000000008002148                RTC_TAMP_LSECSS_IRQHandler
                0x0000000008002148                FMAC_IRQHandler
                0x0000000008002148                EXTI15_10_IRQHandler
                0x0000000008002148                TIM7_IRQHandler
                0x0000000008002148                UCPD1_IRQHandler
                0x0000000008002148                I2C3_EV_IRQHandler
                0x0000000008002148                EXTI9_5_IRQHandler
                0x0000000008002148                RTC_WKUP_IRQHandler
                0x0000000008002148                PVD_PVM_IRQHandler
                0x0000000008002148                SPI2_IRQHandler
                0x0000000008002148                DMA2_Channel5_IRQHandler
                0x0000000008002148                CRS_IRQHandler
                0x0000000008002148                DMA1_Channel5_IRQHandler
                0x0000000008002148                USB_LP_IRQHandler
                0x0000000008002148                EXTI4_IRQHandler
                0x0000000008002148                RNG_IRQHandler
                0x0000000008002148                TIM1_TRG_COM_TIM17_IRQHandler
                0x0000000008002148                DMA1_Channel3_IRQHandler
                0x0000000008002148                WWDG_IRQHandler
                0x0000000008002148                LPUART1_IRQHandler
                0x0000000008002148                DMA2_Channel6_IRQHandler
                0x0000000008002148                FDCAN1_IT0_IRQHandler
                0x0000000008002148                TIM2_IRQHandler
                0x0000000008002148                COMP1_2_3_IRQHandler
                0x0000000008002148                EXTI1_IRQHandler
                0x0000000008002148                USART2_IRQHandler
                0x0000000008002148                I2C2_ER_IRQHandler
                0x0000000008002148                DMA1_Channel2_IRQHandler
                0x0000000008002148                TIM8_BRK_IRQHandler
                0x0000000008002148                FLASH_IRQHandler
                0x0000000008002148                SPI3_IRQHandler
                0x0000000008002148                I2C1_ER_IRQHandler
                0x0000000008002148                LPTIM1_IRQHandler
                0x0000000008002148                DMAMUX_OVR_IRQHandler
                0x0000000008002148                USBWakeUp_IRQHandler
                0x0000000008002148                SAI1_IRQHandler
                0x0000000008002148                DMA2_Channel3_IRQHandler
                0x0000000008002148                COMP4_IRQHandler
                0x0000000008002148                TIM1_BRK_TIM15_IRQHandler
 .text.InitPlatform
                0x000000000800214a       0x26 ./Application/User/UniSM/platform.o
                0x000000000800214a                InitPlatform
 .text.WritePin
                0x0000000008002170       0x24 ./Application/User/UniSM/platform.o
                0x0000000008002170                WritePin
 .text.TogglePin
                0x0000000008002194       0x20 ./Application/User/UniSM/platform.o
                0x0000000008002194                TogglePin
 .text.SetPortMode
                0x00000000080021b4       0x26 ./Application/User/UniSM/platform.o
                0x00000000080021b4                SetPortMode
 *fill*         0x00000000080021da        0x2 
 .text.PerformHostCommand
                0x00000000080021dc       0x94 ./Application/User/UniSM/platform.o
                0x00000000080021dc                PerformHostCommand
 .text.TransmitToHost
                0x0000000008002270       0x2c ./Application/User/UniSM/platform.o
                0x0000000008002270                TransmitToHost
 .text.ReceiveFromHost
                0x000000000800229c       0x28 ./Application/User/UniSM/platform.o
                0x000000000800229c                ReceiveFromHost
 .text.System_Init
                0x00000000080022c4       0x2c ./Application/User/UniSM/system.o
                0x00000000080022c4                System_Init
 .text.System_State_Next
                0x00000000080022f0       0x2c ./Application/User/UniSM/system.o
                0x00000000080022f0                System_State_Next
 .text.System_State_Get
                0x000000000800231c       0x24 ./Application/User/UniSM/system.o
                0x000000000800231c                System_State_Get
 .text.System_State_Set
                0x0000000008002340       0x54 ./Application/User/UniSM/system.o
                0x0000000008002340                System_State_Set
 .text.System_State_Perform
                0x0000000008002394       0x2c ./Application/User/UniSM/system.o
                0x0000000008002394                System_State_Perform
 .text.System_State_Enter
                0x00000000080023c0       0x2c ./Application/User/UniSM/system.o
                0x00000000080023c0                System_State_Enter
 .text.System_State_IsIn
                0x00000000080023ec       0x30 ./Application/User/UniSM/system.o
                0x00000000080023ec                System_State_IsIn
 .text.System_State_GetFromList
                0x000000000800241c       0x22 ./Application/User/UniSM/system.o
                0x000000000800241c                System_State_GetFromList
 *fill*         0x000000000800243e        0x2 
 .text.SystemInit
                0x0000000008002440       0x24 ./Drivers/CMSIS/system_stm32g4xx.o
                0x0000000008002440                SystemInit
 .text.HAL_Init
                0x0000000008002464       0x30 ./Drivers/STM32G4xx_HAL_Driver/stm32g4xx_hal.o
                0x0000000008002464                HAL_Init
 .text.HAL_InitTick
                0x0000000008002494       0x74 ./Drivers/STM32G4xx_HAL_Driver/stm32g4xx_hal.o
                0x0000000008002494                HAL_InitTick
 .text.HAL_IncTick
                0x0000000008002508       0x24 ./Drivers/STM32G4xx_HAL_Driver/stm32g4xx_hal.o
                0x0000000008002508                HAL_IncTick
 .text.HAL_GetTick
                0x000000000800252c       0x18 ./Drivers/STM32G4xx_HAL_Driver/stm32g4xx_hal.o
                0x000000000800252c                HAL_GetTick
 .text.HAL_Delay
                0x0000000008002544       0x44 ./Drivers/STM32G4xx_HAL_Driver/stm32g4xx_hal.o
                0x0000000008002544                HAL_Delay
 .text.HAL_SuspendTick
                0x0000000008002588       0x20 ./Drivers/STM32G4xx_HAL_Driver/stm32g4xx_hal.o
                0x0000000008002588                HAL_SuspendTick
 .text.HAL_ResumeTick
                0x00000000080025a8       0x20 ./Drivers/STM32G4xx_HAL_Driver/stm32g4xx_hal.o
                0x00000000080025a8                HAL_ResumeTick
 .text.__NVIC_SetPriorityGrouping
                0x00000000080025c8       0x48 ./Drivers/STM32G4xx_HAL_Driver/stm32g4xx_hal_cortex.o
 .text.__NVIC_GetPriorityGrouping
                0x0000000008002610       0x1c ./Drivers/STM32G4xx_HAL_Driver/stm32g4xx_hal_cortex.o
 .text.__NVIC_EnableIRQ
                0x000000000800262c       0x3c ./Drivers/STM32G4xx_HAL_Driver/stm32g4xx_hal_cortex.o
 .text.__NVIC_DisableIRQ
                0x0000000008002668       0x48 ./Drivers/STM32G4xx_HAL_Driver/stm32g4xx_hal_cortex.o
 .text.__NVIC_SetPriority
                0x00000000080026b0       0x54 ./Drivers/STM32G4xx_HAL_Driver/stm32g4xx_hal_cortex.o
 .text.NVIC_EncodePriority
                0x0000000008002704       0x66 ./Drivers/STM32G4xx_HAL_Driver/stm32g4xx_hal_cortex.o
 *fill*         0x000000000800276a        0x2 
 .text.SysTick_Config
                0x000000000800276c       0x44 ./Drivers/STM32G4xx_HAL_Driver/stm32g4xx_hal_cortex.o
 .text.HAL_NVIC_SetPriorityGrouping
                0x00000000080027b0       0x16 ./Drivers/STM32G4xx_HAL_Driver/stm32g4xx_hal_cortex.o
                0x00000000080027b0                HAL_NVIC_SetPriorityGrouping
 .text.HAL_NVIC_SetPriority
                0x00000000080027c6       0x34 ./Drivers/STM32G4xx_HAL_Driver/stm32g4xx_hal_cortex.o
                0x00000000080027c6                HAL_NVIC_SetPriority
 .text.HAL_NVIC_EnableIRQ
                0x00000000080027fa       0x1c ./Drivers/STM32G4xx_HAL_Driver/stm32g4xx_hal_cortex.o
                0x00000000080027fa                HAL_NVIC_EnableIRQ
 .text.HAL_NVIC_DisableIRQ
                0x0000000008002816       0x1c ./Drivers/STM32G4xx_HAL_Driver/stm32g4xx_hal_cortex.o
                0x0000000008002816                HAL_NVIC_DisableIRQ
 .text.HAL_SYSTICK_Config
                0x0000000008002832       0x18 ./Drivers/STM32G4xx_HAL_Driver/stm32g4xx_hal_cortex.o
                0x0000000008002832                HAL_SYSTICK_Config
 *fill*         0x000000000800284a        0x2 
 .text.HAL_DMA_Init
                0x000000000800284c      0x150 ./Drivers/STM32G4xx_HAL_Driver/stm32g4xx_hal_dma.o
                0x000000000800284c                HAL_DMA_Init
 .text.HAL_DMA_Start_IT
                0x000000000800299c       0xf6 ./Drivers/STM32G4xx_HAL_Driver/stm32g4xx_hal_dma.o
                0x000000000800299c                HAL_DMA_Start_IT
 .text.HAL_DMA_Abort
                0x0000000008002a92       0xb2 ./Drivers/STM32G4xx_HAL_Driver/stm32g4xx_hal_dma.o
                0x0000000008002a92                HAL_DMA_Abort
 .text.HAL_DMA_Abort_IT
                0x0000000008002b44       0xce ./Drivers/STM32G4xx_HAL_Driver/stm32g4xx_hal_dma.o
                0x0000000008002b44                HAL_DMA_Abort_IT
 .text.HAL_DMA_IRQHandler
                0x0000000008002c12      0x15e ./Drivers/STM32G4xx_HAL_Driver/stm32g4xx_hal_dma.o
                0x0000000008002c12                HAL_DMA_IRQHandler
 .text.DMA_SetConfig
                0x0000000008002d70       0x7c ./Drivers/STM32G4xx_HAL_Driver/stm32g4xx_hal_dma.o
 .text.DMA_CalcDMAMUXChannelBaseAndMask
                0x0000000008002dec       0x7c ./Drivers/STM32G4xx_HAL_Driver/stm32g4xx_hal_dma.o
 .text.DMA_CalcDMAMUXRequestGenBaseAndMask
                0x0000000008002e68       0x48 ./Drivers/STM32G4xx_HAL_Driver/stm32g4xx_hal_dma.o
 .text.HAL_GPIO_Init
                0x0000000008002eb0      0x304 ./Drivers/STM32G4xx_HAL_Driver/stm32g4xx_hal_gpio.o
                0x0000000008002eb0                HAL_GPIO_Init
 .text.HAL_GPIO_WritePin
                0x00000000080031b4       0x30 ./Drivers/STM32G4xx_HAL_Driver/stm32g4xx_hal_gpio.o
                0x00000000080031b4                HAL_GPIO_WritePin
 .text.HAL_GPIO_TogglePin
                0x00000000080031e4       0x34 ./Drivers/STM32G4xx_HAL_Driver/stm32g4xx_hal_gpio.o
                0x00000000080031e4                HAL_GPIO_TogglePin
 .text.HAL_GPIO_EXTI_IRQHandler
                0x0000000008003218       0x30 ./Drivers/STM32G4xx_HAL_Driver/stm32g4xx_hal_gpio.o
                0x0000000008003218                HAL_GPIO_EXTI_IRQHandler
 .text.HAL_I2C_Init
                0x0000000008003248      0x11e ./Drivers/STM32G4xx_HAL_Driver/stm32g4xx_hal_i2c.o
                0x0000000008003248                HAL_I2C_Init
 *fill*         0x0000000008003366        0x2 
 .text.HAL_I2C_Master_Transmit
                0x0000000008003368      0x1e8 ./Drivers/STM32G4xx_HAL_Driver/stm32g4xx_hal_i2c.o
                0x0000000008003368                HAL_I2C_Master_Transmit
 .text.I2C_Flush_TXDR
                0x0000000008003550       0x48 ./Drivers/STM32G4xx_HAL_Driver/stm32g4xx_hal_i2c.o
 .text.I2C_WaitOnFlagUntilTimeout
                0x0000000008003598       0x80 ./Drivers/STM32G4xx_HAL_Driver/stm32g4xx_hal_i2c.o
 .text.I2C_WaitOnTXISFlagUntilTimeout
                0x0000000008003618       0x80 ./Drivers/STM32G4xx_HAL_Driver/stm32g4xx_hal_i2c.o
 .text.I2C_WaitOnSTOPFlagUntilTimeout
                0x0000000008003698       0x78 ./Drivers/STM32G4xx_HAL_Driver/stm32g4xx_hal_i2c.o
 .text.I2C_IsAcknowledgeFailed
                0x0000000008003710       0xcc ./Drivers/STM32G4xx_HAL_Driver/stm32g4xx_hal_i2c.o
 .text.I2C_TransferConfig
                0x00000000080037dc       0x5c ./Drivers/STM32G4xx_HAL_Driver/stm32g4xx_hal_i2c.o
 .text.HAL_I2CEx_ConfigAnalogFilter
                0x0000000008003838       0x96 ./Drivers/STM32G4xx_HAL_Driver/stm32g4xx_hal_i2c_ex.o
                0x0000000008003838                HAL_I2CEx_ConfigAnalogFilter
 .text.HAL_I2CEx_ConfigDigitalFilter
                0x00000000080038ce       0x98 ./Drivers/STM32G4xx_HAL_Driver/stm32g4xx_hal_i2c_ex.o
                0x00000000080038ce                HAL_I2CEx_ConfigDigitalFilter
 *fill*         0x0000000008003966        0x2 
 .text.HAL_PWR_EnterSLEEPMode
                0x0000000008003968       0x64 ./Drivers/STM32G4xx_HAL_Driver/stm32g4xx_hal_pwr.o
                0x0000000008003968                HAL_PWR_EnterSLEEPMode
 .text.HAL_PWR_EnableSleepOnExit
                0x00000000080039cc       0x20 ./Drivers/STM32G4xx_HAL_Driver/stm32g4xx_hal_pwr.o
                0x00000000080039cc                HAL_PWR_EnableSleepOnExit
 .text.HAL_PWR_DisableSleepOnExit
                0x00000000080039ec       0x20 ./Drivers/STM32G4xx_HAL_Driver/stm32g4xx_hal_pwr.o
                0x00000000080039ec                HAL_PWR_DisableSleepOnExit
 .text.HAL_PWREx_ControlVoltageScaling
                0x0000000008003a0c      0x148 ./Drivers/STM32G4xx_HAL_Driver/stm32g4xx_hal_pwr_ex.o
                0x0000000008003a0c                HAL_PWREx_ControlVoltageScaling
 .text.HAL_PWREx_EnableLowPowerRunMode
                0x0000000008003b54       0x20 ./Drivers/STM32G4xx_HAL_Driver/stm32g4xx_hal_pwr_ex.o
                0x0000000008003b54                HAL_PWREx_EnableLowPowerRunMode
 .text.HAL_PWREx_DisableLowPowerRunMode
                0x0000000008003b74       0x70 ./Drivers/STM32G4xx_HAL_Driver/stm32g4xx_hal_pwr_ex.o
                0x0000000008003b74                HAL_PWREx_DisableLowPowerRunMode
 .text.HAL_PWREx_DisableUCPDDeadBattery
                0x0000000008003be4       0x20 ./Drivers/STM32G4xx_HAL_Driver/stm32g4xx_hal_pwr_ex.o
                0x0000000008003be4                HAL_PWREx_DisableUCPDDeadBattery
 .text.HAL_RCC_OscConfig
                0x0000000008003c04      0x630 ./Drivers/STM32G4xx_HAL_Driver/stm32g4xx_hal_rcc.o
                0x0000000008003c04                HAL_RCC_OscConfig
 .text.HAL_RCC_ClockConfig
                0x0000000008004234      0x278 ./Drivers/STM32G4xx_HAL_Driver/stm32g4xx_hal_rcc.o
                0x0000000008004234                HAL_RCC_ClockConfig
 .text.HAL_RCC_MCOConfig
                0x00000000080044ac       0x68 ./Drivers/STM32G4xx_HAL_Driver/stm32g4xx_hal_rcc.o
                0x00000000080044ac                HAL_RCC_MCOConfig
 .text.HAL_RCC_GetSysClockFreq
                0x0000000008004514       0xc4 ./Drivers/STM32G4xx_HAL_Driver/stm32g4xx_hal_rcc.o
                0x0000000008004514                HAL_RCC_GetSysClockFreq
 .text.HAL_RCC_GetHCLKFreq
                0x00000000080045d8       0x18 ./Drivers/STM32G4xx_HAL_Driver/stm32g4xx_hal_rcc.o
                0x00000000080045d8                HAL_RCC_GetHCLKFreq
 .text.HAL_RCC_GetPCLK1Freq
                0x00000000080045f0       0x2c ./Drivers/STM32G4xx_HAL_Driver/stm32g4xx_hal_rcc.o
                0x00000000080045f0                HAL_RCC_GetPCLK1Freq
 .text.HAL_RCC_GetPCLK2Freq
                0x000000000800461c       0x2c ./Drivers/STM32G4xx_HAL_Driver/stm32g4xx_hal_rcc.o
                0x000000000800461c                HAL_RCC_GetPCLK2Freq
 .text.RCC_GetSysClockFreqFromPLLSource
                0x0000000008004648       0x8c ./Drivers/STM32G4xx_HAL_Driver/stm32g4xx_hal_rcc.o
 .text.HAL_RCCEx_PeriphCLKConfig
                0x00000000080046d4      0x3e0 ./Drivers/STM32G4xx_HAL_Driver/stm32g4xx_hal_rcc_ex.o
                0x00000000080046d4                HAL_RCCEx_PeriphCLKConfig
 .text.HAL_TIM_Base_Init
                0x0000000008004ab4       0xae ./Drivers/STM32G4xx_HAL_Driver/stm32g4xx_hal_tim.o
                0x0000000008004ab4                HAL_TIM_Base_Init
 .text.HAL_TIM_IC_Init
                0x0000000008004b62       0xae ./Drivers/STM32G4xx_HAL_Driver/stm32g4xx_hal_tim.o
                0x0000000008004b62                HAL_TIM_IC_Init
 .text.HAL_TIM_IC_MspInit
                0x0000000008004c10       0x14 ./Drivers/STM32G4xx_HAL_Driver/stm32g4xx_hal_tim.o
                0x0000000008004c10                HAL_TIM_IC_MspInit
 .text.HAL_TIM_IC_ConfigChannel
                0x0000000008004c24      0x128 ./Drivers/STM32G4xx_HAL_Driver/stm32g4xx_hal_tim.o
                0x0000000008004c24                HAL_TIM_IC_ConfigChannel
 .text.TIM_Base_SetConfig
                0x0000000008004d4c      0x120 ./Drivers/STM32G4xx_HAL_Driver/stm32g4xx_hal_tim.o
                0x0000000008004d4c                TIM_Base_SetConfig
 .text.TIM_TI1_SetConfig
                0x0000000008004e6c       0xd0 ./Drivers/STM32G4xx_HAL_Driver/stm32g4xx_hal_tim.o
                0x0000000008004e6c                TIM_TI1_SetConfig
 .text.TIM_TI2_SetConfig
                0x0000000008004f3c       0x7a ./Drivers/STM32G4xx_HAL_Driver/stm32g4xx_hal_tim.o
 .text.TIM_TI3_SetConfig
                0x0000000008004fb6       0x78 ./Drivers/STM32G4xx_HAL_Driver/stm32g4xx_hal_tim.o
 .text.TIM_TI4_SetConfig
                0x000000000800502e       0x7a ./Drivers/STM32G4xx_HAL_Driver/stm32g4xx_hal_tim.o
 .text.TIM_CCxChannelCmd
                0x00000000080050a8       0x4a ./Drivers/STM32G4xx_HAL_Driver/stm32g4xx_hal_tim.o
                0x00000000080050a8                TIM_CCxChannelCmd
 .text.HAL_HalfDuplex_Init
                0x00000000080050f2       0xb0 ./Drivers/STM32G4xx_HAL_Driver/stm32g4xx_hal_uart.o
                0x00000000080050f2                HAL_HalfDuplex_Init
 *fill*         0x00000000080051a2        0x2 
 .text.HAL_UART_Transmit_DMA
                0x00000000080051a4      0x100 ./Drivers/STM32G4xx_HAL_Driver/stm32g4xx_hal_uart.o
                0x00000000080051a4                HAL_UART_Transmit_DMA
 .text.HAL_UART_IRQHandler
                0x00000000080052a4      0x468 ./Drivers/STM32G4xx_HAL_Driver/stm32g4xx_hal_uart.o
                0x00000000080052a4                HAL_UART_IRQHandler
 .text.HAL_UART_TxHalfCpltCallback
                0x000000000800570c       0x14 ./Drivers/STM32G4xx_HAL_Driver/stm32g4xx_hal_uart.o
                0x000000000800570c                HAL_UART_TxHalfCpltCallback
 .text.HAL_UART_ErrorCallback
                0x0000000008005720       0x14 ./Drivers/STM32G4xx_HAL_Driver/stm32g4xx_hal_uart.o
                0x0000000008005720                HAL_UART_ErrorCallback
 .text.HAL_UARTEx_RxEventCallback
                0x0000000008005734       0x18 ./Drivers/STM32G4xx_HAL_Driver/stm32g4xx_hal_uart.o
                0x0000000008005734                HAL_UARTEx_RxEventCallback
 .text.UART_SetConfig
                0x000000000800574c      0x53c ./Drivers/STM32G4xx_HAL_Driver/stm32g4xx_hal_uart.o
                0x000000000800574c                UART_SetConfig
 .text.UART_AdvFeatureConfig
                0x0000000008005c88      0x144 ./Drivers/STM32G4xx_HAL_Driver/stm32g4xx_hal_uart.o
                0x0000000008005c88                UART_AdvFeatureConfig
 .text.UART_CheckIdleState
                0x0000000008005dcc       0x96 ./Drivers/STM32G4xx_HAL_Driver/stm32g4xx_hal_uart.o
                0x0000000008005dcc                UART_CheckIdleState
 .text.UART_WaitOnFlagUntilTimeout
                0x0000000008005e62      0x100 ./Drivers/STM32G4xx_HAL_Driver/stm32g4xx_hal_uart.o
                0x0000000008005e62                UART_WaitOnFlagUntilTimeout
 .text.UART_EndTxTransfer
                0x0000000008005f62       0x3c ./Drivers/STM32G4xx_HAL_Driver/stm32g4xx_hal_uart.o
 .text.UART_EndRxTransfer
                0x0000000008005f9e       0x64 ./Drivers/STM32G4xx_HAL_Driver/stm32g4xx_hal_uart.o
 .text.UART_DMATransmitCplt
                0x0000000008006002       0x54 ./Drivers/STM32G4xx_HAL_Driver/stm32g4xx_hal_uart.o
 .text.UART_DMATxHalfCplt
                0x0000000008006056       0x1c ./Drivers/STM32G4xx_HAL_Driver/stm32g4xx_hal_uart.o
 .text.UART_DMAError
                0x0000000008006072       0x80 ./Drivers/STM32G4xx_HAL_Driver/stm32g4xx_hal_uart.o
 .text.UART_DMAAbortOnError
                0x00000000080060f2       0x2c ./Drivers/STM32G4xx_HAL_Driver/stm32g4xx_hal_uart.o
 .text.UART_EndTransmit_IT
                0x000000000800611e       0x34 ./Drivers/STM32G4xx_HAL_Driver/stm32g4xx_hal_uart.o
 .text.HAL_UARTEx_WakeupCallback
                0x0000000008006152       0x14 ./Drivers/STM32G4xx_HAL_Driver/stm32g4xx_hal_uart_ex.o
                0x0000000008006152                HAL_UARTEx_WakeupCallback
 .text.HAL_UARTEx_RxFifoFullCallback
                0x0000000008006166       0x14 ./Drivers/STM32G4xx_HAL_Driver/stm32g4xx_hal_uart_ex.o
                0x0000000008006166                HAL_UARTEx_RxFifoFullCallback
 .text.HAL_UARTEx_TxFifoEmptyCallback
                0x000000000800617a       0x14 ./Drivers/STM32G4xx_HAL_Driver/stm32g4xx_hal_uart_ex.o
                0x000000000800617a                HAL_UARTEx_TxFifoEmptyCallback
 .text.HAL_UARTEx_DisableFifoMode
                0x000000000800618e       0x72 ./Drivers/STM32G4xx_HAL_Driver/stm32g4xx_hal_uart_ex.o
                0x000000000800618e                HAL_UARTEx_DisableFifoMode
 .text.HAL_UARTEx_SetTxFifoThreshold
                0x0000000008006200       0x7c ./Drivers/STM32G4xx_HAL_Driver/stm32g4xx_hal_uart_ex.o
                0x0000000008006200                HAL_UARTEx_SetTxFifoThreshold
 .text.HAL_UARTEx_SetRxFifoThreshold
                0x000000000800627c       0x7c ./Drivers/STM32G4xx_HAL_Driver/stm32g4xx_hal_uart_ex.o
                0x000000000800627c                HAL_UARTEx_SetRxFifoThreshold
 .text.UARTEx_SetNbDataToProcess
                0x00000000080062f8       0x9c ./Drivers/STM32G4xx_HAL_Driver/stm32g4xx_hal_uart_ex.o
 .text.__errno  0x0000000008006394        0xc c:/st/stm32cubeide_1.6.1/stm32cubeide/plugins/com.st.stm32cube.ide.mcu.externaltools.gnu-tools-for-stm32.9-2020-q2-update.win32_2.0.0.202105311346/tools/bin/../lib/gcc/arm-none-eabi/9.3.1/../../../../arm-none-eabi/lib/thumb/v7e-m+fp/hard\libc_nano.a(lib_a-errno.o)
                0x0000000008006394                __errno
 .text.__libc_init_array
                0x00000000080063a0       0x48 c:/st/stm32cubeide_1.6.1/stm32cubeide/plugins/com.st.stm32cube.ide.mcu.externaltools.gnu-tools-for-stm32.9-2020-q2-update.win32_2.0.0.202105311346/tools/bin/../lib/gcc/arm-none-eabi/9.3.1/../../../../arm-none-eabi/lib/thumb/v7e-m+fp/hard\libc_nano.a(lib_a-init.o)
                0x00000000080063a0                __libc_init_array
 .text.malloc   0x00000000080063e8       0x10 c:/st/stm32cubeide_1.6.1/stm32cubeide/plugins/com.st.stm32cube.ide.mcu.externaltools.gnu-tools-for-stm32.9-2020-q2-update.win32_2.0.0.202105311346/tools/bin/../lib/gcc/arm-none-eabi/9.3.1/../../../../arm-none-eabi/lib/thumb/v7e-m+fp/hard\libc_nano.a(lib_a-malloc.o)
                0x00000000080063e8                malloc
 .text.memcpy   0x00000000080063f8       0x1c c:/st/stm32cubeide_1.6.1/stm32cubeide/plugins/com.st.stm32cube.ide.mcu.externaltools.gnu-tools-for-stm32.9-2020-q2-update.win32_2.0.0.202105311346/tools/bin/../lib/gcc/arm-none-eabi/9.3.1/../../../../arm-none-eabi/lib/thumb/v7e-m+fp/hard\libc_nano.a(lib_a-memcpy-stub.o)
                0x00000000080063f8                memcpy
 .text.memset   0x0000000008006414       0x10 c:/st/stm32cubeide_1.6.1/stm32cubeide/plugins/com.st.stm32cube.ide.mcu.externaltools.gnu-tools-for-stm32.9-2020-q2-update.win32_2.0.0.202105311346/tools/bin/../lib/gcc/arm-none-eabi/9.3.1/../../../../arm-none-eabi/lib/thumb/v7e-m+fp/hard\libc_nano.a(lib_a-memset.o)
                0x0000000008006414                memset
 .text._free_r  0x0000000008006424       0xa0 c:/st/stm32cubeide_1.6.1/stm32cubeide/plugins/com.st.stm32cube.ide.mcu.externaltools.gnu-tools-for-stm32.9-2020-q2-update.win32_2.0.0.202105311346/tools/bin/../lib/gcc/arm-none-eabi/9.3.1/../../../../arm-none-eabi/lib/thumb/v7e-m+fp/hard\libc_nano.a(lib_a-nano-freer.o)
                0x0000000008006424                _free_r
 .text._malloc_r
                0x00000000080064c4       0xb4 c:/st/stm32cubeide_1.6.1/stm32cubeide/plugins/com.st.stm32cube.ide.mcu.externaltools.gnu-tools-for-stm32.9-2020-q2-update.win32_2.0.0.202105311346/tools/bin/../lib/gcc/arm-none-eabi/9.3.1/../../../../arm-none-eabi/lib/thumb/v7e-m+fp/hard\libc_nano.a(lib_a-nano-mallocr.o)
                0x00000000080064c4                _malloc_r
 .text.__cvt    0x0000000008006578       0xc4 c:/st/stm32cubeide_1.6.1/stm32cubeide/plugins/com.st.stm32cube.ide.mcu.externaltools.gnu-tools-for-stm32.9-2020-q2-update.win32_2.0.0.202105311346/tools/bin/../lib/gcc/arm-none-eabi/9.3.1/../../../../arm-none-eabi/lib/thumb/v7e-m+fp/hard\libc_nano.a(lib_a-nano-vfprintf_float.o)
                0x0000000008006578                __cvt
 .text.__exponent
                0x000000000800663c       0x7c c:/st/stm32cubeide_1.6.1/stm32cubeide/plugins/com.st.stm32cube.ide.mcu.externaltools.gnu-tools-for-stm32.9-2020-q2-update.win32_2.0.0.202105311346/tools/bin/../lib/gcc/arm-none-eabi/9.3.1/../../../../arm-none-eabi/lib/thumb/v7e-m+fp/hard\libc_nano.a(lib_a-nano-vfprintf_float.o)
                0x000000000800663c                __exponent
 .text._printf_float
                0x00000000080066b8      0x46c c:/st/stm32cubeide_1.6.1/stm32cubeide/plugins/com.st.stm32cube.ide.mcu.externaltools.gnu-tools-for-stm32.9-2020-q2-update.win32_2.0.0.202105311346/tools/bin/../lib/gcc/arm-none-eabi/9.3.1/../../../../arm-none-eabi/lib/thumb/v7e-m+fp/hard\libc_nano.a(lib_a-nano-vfprintf_float.o)
                0x00000000080066b8                _printf_float
 .text._printf_common
                0x0000000008006b24       0xda c:/st/stm32cubeide_1.6.1/stm32cubeide/plugins/com.st.stm32cube.ide.mcu.externaltools.gnu-tools-for-stm32.9-2020-q2-update.win32_2.0.0.202105311346/tools/bin/../lib/gcc/arm-none-eabi/9.3.1/../../../../arm-none-eabi/lib/thumb/v7e-m+fp/hard\libc_nano.a(lib_a-nano-vfprintf_i.o)
                0x0000000008006b24                _printf_common
 *fill*         0x0000000008006bfe        0x2 
 .text._printf_i
                0x0000000008006c00      0x24c c:/st/stm32cubeide_1.6.1/stm32cubeide/plugins/com.st.stm32cube.ide.mcu.externaltools.gnu-tools-for-stm32.9-2020-q2-update.win32_2.0.0.202105311346/tools/bin/../lib/gcc/arm-none-eabi/9.3.1/../../../../arm-none-eabi/lib/thumb/v7e-m+fp/hard\libc_nano.a(lib_a-nano-vfprintf_i.o)
                0x0000000008006c00                _printf_i
 .text.printf   0x0000000008006e4c       0x30 c:/st/stm32cubeide_1.6.1/stm32cubeide/plugins/com.st.stm32cube.ide.mcu.externaltools.gnu-tools-for-stm32.9-2020-q2-update.win32_2.0.0.202105311346/tools/bin/../lib/gcc/arm-none-eabi/9.3.1/../../../../arm-none-eabi/lib/thumb/v7e-m+fp/hard\libc_nano.a(lib_a-printf.o)
                0x0000000008006e4c                iprintf
                0x0000000008006e4c                printf
 .text.putchar  0x0000000008006e7c       0x2c c:/st/stm32cubeide_1.6.1/stm32cubeide/plugins/com.st.stm32cube.ide.mcu.externaltools.gnu-tools-for-stm32.9-2020-q2-update.win32_2.0.0.202105311346/tools/bin/../lib/gcc/arm-none-eabi/9.3.1/../../../../arm-none-eabi/lib/thumb/v7e-m+fp/hard\libc_nano.a(lib_a-putchar.o)
                0x0000000008006e7c                putchar
 .text._puts_r  0x0000000008006ea8       0xdc c:/st/stm32cubeide_1.6.1/stm32cubeide/plugins/com.st.stm32cube.ide.mcu.externaltools.gnu-tools-for-stm32.9-2020-q2-update.win32_2.0.0.202105311346/tools/bin/../lib/gcc/arm-none-eabi/9.3.1/../../../../arm-none-eabi/lib/thumb/v7e-m+fp/hard\libc_nano.a(lib_a-puts.o)
                0x0000000008006ea8                _puts_r
 .text.puts     0x0000000008006f84       0x10 c:/st/stm32cubeide_1.6.1/stm32cubeide/plugins/com.st.stm32cube.ide.mcu.externaltools.gnu-tools-for-stm32.9-2020-q2-update.win32_2.0.0.202105311346/tools/bin/../lib/gcc/arm-none-eabi/9.3.1/../../../../arm-none-eabi/lib/thumb/v7e-m+fp/hard\libc_nano.a(lib_a-puts.o)
                0x0000000008006f84                puts
 .text._sbrk_r  0x0000000008006f94       0x20 c:/st/stm32cubeide_1.6.1/stm32cubeide/plugins/com.st.stm32cube.ide.mcu.externaltools.gnu-tools-for-stm32.9-2020-q2-update.win32_2.0.0.202105311346/tools/bin/../lib/gcc/arm-none-eabi/9.3.1/../../../../arm-none-eabi/lib/thumb/v7e-m+fp/hard\libc_nano.a(lib_a-sbrkr.o)
                0x0000000008006f94                _sbrk_r
 .text.__swbuf_r
                0x0000000008006fb4       0xa4 c:/st/stm32cubeide_1.6.1/stm32cubeide/plugins/com.st.stm32cube.ide.mcu.externaltools.gnu-tools-for-stm32.9-2020-q2-update.win32_2.0.0.202105311346/tools/bin/../lib/gcc/arm-none-eabi/9.3.1/../../../../arm-none-eabi/lib/thumb/v7e-m+fp/hard\libc_nano.a(lib_a-wbuf.o)
                0x0000000008006fb4                __swbuf_r
 .text.__swsetup_r
                0x0000000008007058       0xdc c:/st/stm32cubeide_1.6.1/stm32cubeide/plugins/com.st.stm32cube.ide.mcu.externaltools.gnu-tools-for-stm32.9-2020-q2-update.win32_2.0.0.202105311346/tools/bin/../lib/gcc/arm-none-eabi/9.3.1/../../../../arm-none-eabi/lib/thumb/v7e-m+fp/hard\libc_nano.a(lib_a-wsetup.o)
                0x0000000008007058                __swsetup_r
 .text.quorem   0x0000000008007134      0x116 c:/st/stm32cubeide_1.6.1/stm32cubeide/plugins/com.st.stm32cube.ide.mcu.externaltools.gnu-tools-for-stm32.9-2020-q2-update.win32_2.0.0.202105311346/tools/bin/../lib/gcc/arm-none-eabi/9.3.1/../../../../arm-none-eabi/lib/thumb/v7e-m+fp/hard\libc_nano.a(lib_a-dtoa.o)
 *fill*         0x000000000800724a        0x6 
 .text._dtoa_r  0x0000000008007250      0xbd8 c:/st/stm32cubeide_1.6.1/stm32cubeide/plugins/com.st.stm32cube.ide.mcu.externaltools.gnu-tools-for-stm32.9-2020-q2-update.win32_2.0.0.202105311346/tools/bin/../lib/gcc/arm-none-eabi/9.3.1/../../../../arm-none-eabi/lib/thumb/v7e-m+fp/hard\libc_nano.a(lib_a-dtoa.o)
                0x0000000008007250                _dtoa_r
 .text.__sflush_r
                0x0000000008007e28      0x10c c:/st/stm32cubeide_1.6.1/stm32cubeide/plugins/com.st.stm32cube.ide.mcu.externaltools.gnu-tools-for-stm32.9-2020-q2-update.win32_2.0.0.202105311346/tools/bin/../lib/gcc/arm-none-eabi/9.3.1/../../../../arm-none-eabi/lib/thumb/v7e-m+fp/hard\libc_nano.a(lib_a-fflush.o)
                0x0000000008007e28                __sflush_r
 .text._fflush_r
                0x0000000008007f34       0x78 c:/st/stm32cubeide_1.6.1/stm32cubeide/plugins/com.st.stm32cube.ide.mcu.externaltools.gnu-tools-for-stm32.9-2020-q2-update.win32_2.0.0.202105311346/tools/bin/../lib/gcc/arm-none-eabi/9.3.1/../../../../arm-none-eabi/lib/thumb/v7e-m+fp/hard\libc_nano.a(lib_a-fflush.o)
                0x0000000008007f34                _fflush_r
 .text.std      0x0000000008007fac       0x48 c:/st/stm32cubeide_1.6.1/stm32cubeide/plugins/com.st.stm32cube.ide.mcu.externaltools.gnu-tools-for-stm32.9-2020-q2-update.win32_2.0.0.202105311346/tools/bin/../lib/gcc/arm-none-eabi/9.3.1/../../../../arm-none-eabi/lib/thumb/v7e-m+fp/hard\libc_nano.a(lib_a-findfp.o)
 .text._cleanup_r
                0x0000000008007ff4        0xc c:/st/stm32cubeide_1.6.1/stm32cubeide/plugins/com.st.stm32cube.ide.mcu.externaltools.gnu-tools-for-stm32.9-2020-q2-update.win32_2.0.0.202105311346/tools/bin/../lib/gcc/arm-none-eabi/9.3.1/../../../../arm-none-eabi/lib/thumb/v7e-m+fp/hard\libc_nano.a(lib_a-findfp.o)
                0x0000000008007ff4                _cleanup_r
 .text.__sfmoreglue
                0x0000000008008000       0x2c c:/st/stm32cubeide_1.6.1/stm32cubeide/plugins/com.st.stm32cube.ide.mcu.externaltools.gnu-tools-for-stm32.9-2020-q2-update.win32_2.0.0.202105311346/tools/bin/../lib/gcc/arm-none-eabi/9.3.1/../../../../arm-none-eabi/lib/thumb/v7e-m+fp/hard\libc_nano.a(lib_a-findfp.o)
                0x0000000008008000                __sfmoreglue
 .text.__sfp_lock_acquire
                0x000000000800802c        0xc c:/st/stm32cubeide_1.6.1/stm32cubeide/plugins/com.st.stm32cube.ide.mcu.externaltools.gnu-tools-for-stm32.9-2020-q2-update.win32_2.0.0.202105311346/tools/bin/../lib/gcc/arm-none-eabi/9.3.1/../../../../arm-none-eabi/lib/thumb/v7e-m+fp/hard\libc_nano.a(lib_a-findfp.o)
                0x000000000800802c                __sfp_lock_acquire
 .text.__sfp_lock_release
                0x0000000008008038        0xc c:/st/stm32cubeide_1.6.1/stm32cubeide/plugins/com.st.stm32cube.ide.mcu.externaltools.gnu-tools-for-stm32.9-2020-q2-update.win32_2.0.0.202105311346/tools/bin/../lib/gcc/arm-none-eabi/9.3.1/../../../../arm-none-eabi/lib/thumb/v7e-m+fp/hard\libc_nano.a(lib_a-findfp.o)
                0x0000000008008038                __sfp_lock_release
 .text.__sinit_lock_acquire
                0x0000000008008044        0xc c:/st/stm32cubeide_1.6.1/stm32cubeide/plugins/com.st.stm32cube.ide.mcu.externaltools.gnu-tools-for-stm32.9-2020-q2-update.win32_2.0.0.202105311346/tools/bin/../lib/gcc/arm-none-eabi/9.3.1/../../../../arm-none-eabi/lib/thumb/v7e-m+fp/hard\libc_nano.a(lib_a-findfp.o)
                0x0000000008008044                __sinit_lock_acquire
 .text.__sinit_lock_release
                0x0000000008008050        0xc c:/st/stm32cubeide_1.6.1/stm32cubeide/plugins/com.st.stm32cube.ide.mcu.externaltools.gnu-tools-for-stm32.9-2020-q2-update.win32_2.0.0.202105311346/tools/bin/../lib/gcc/arm-none-eabi/9.3.1/../../../../arm-none-eabi/lib/thumb/v7e-m+fp/hard\libc_nano.a(lib_a-findfp.o)
                0x0000000008008050                __sinit_lock_release
 .text.__sinit  0x000000000800805c       0x70 c:/st/stm32cubeide_1.6.1/stm32cubeide/plugins/com.st.stm32cube.ide.mcu.externaltools.gnu-tools-for-stm32.9-2020-q2-update.win32_2.0.0.202105311346/tools/bin/../lib/gcc/arm-none-eabi/9.3.1/../../../../arm-none-eabi/lib/thumb/v7e-m+fp/hard\libc_nano.a(lib_a-findfp.o)
                0x000000000800805c                __sinit
 .text.__sfp    0x00000000080080cc       0x8c c:/st/stm32cubeide_1.6.1/stm32cubeide/plugins/com.st.stm32cube.ide.mcu.externaltools.gnu-tools-for-stm32.9-2020-q2-update.win32_2.0.0.202105311346/tools/bin/../lib/gcc/arm-none-eabi/9.3.1/../../../../arm-none-eabi/lib/thumb/v7e-m+fp/hard\libc_nano.a(lib_a-findfp.o)
                0x00000000080080cc                __sfp
 .text._fwalk_reent
                0x0000000008008158       0x3e c:/st/stm32cubeide_1.6.1/stm32cubeide/plugins/com.st.stm32cube.ide.mcu.externaltools.gnu-tools-for-stm32.9-2020-q2-update.win32_2.0.0.202105311346/tools/bin/../lib/gcc/arm-none-eabi/9.3.1/../../../../arm-none-eabi/lib/thumb/v7e-m+fp/hard\libc_nano.a(lib_a-fwalk.o)
                0x0000000008008158                _fwalk_reent
 *fill*         0x0000000008008196        0x2 
 .text._localeconv_r
                0x0000000008008198        0x8 c:/st/stm32cubeide_1.6.1/stm32cubeide/plugins/com.st.stm32cube.ide.mcu.externaltools.gnu-tools-for-stm32.9-2020-q2-update.win32_2.0.0.202105311346/tools/bin/../lib/gcc/arm-none-eabi/9.3.1/../../../../arm-none-eabi/lib/thumb/v7e-m+fp/hard\libc_nano.a(lib_a-localeconv.o)
                0x0000000008008198                _localeconv_r
 .text.__retarget_lock_init_recursive
                0x00000000080081a0        0x2 c:/st/stm32cubeide_1.6.1/stm32cubeide/plugins/com.st.stm32cube.ide.mcu.externaltools.gnu-tools-for-stm32.9-2020-q2-update.win32_2.0.0.202105311346/tools/bin/../lib/gcc/arm-none-eabi/9.3.1/../../../../arm-none-eabi/lib/thumb/v7e-m+fp/hard\libc_nano.a(lib_a-lock.o)
                0x00000000080081a0                __retarget_lock_init_recursive
 .text.__retarget_lock_acquire_recursive
                0x00000000080081a2        0x2 c:/st/stm32cubeide_1.6.1/stm32cubeide/plugins/com.st.stm32cube.ide.mcu.externaltools.gnu-tools-for-stm32.9-2020-q2-update.win32_2.0.0.202105311346/tools/bin/../lib/gcc/arm-none-eabi/9.3.1/../../../../arm-none-eabi/lib/thumb/v7e-m+fp/hard\libc_nano.a(lib_a-lock.o)
                0x00000000080081a2                __retarget_lock_acquire_recursive
 .text.__retarget_lock_release_recursive
                0x00000000080081a4        0x2 c:/st/stm32cubeide_1.6.1/stm32cubeide/plugins/com.st.stm32cube.ide.mcu.externaltools.gnu-tools-for-stm32.9-2020-q2-update.win32_2.0.0.202105311346/tools/bin/../lib/gcc/arm-none-eabi/9.3.1/../../../../arm-none-eabi/lib/thumb/v7e-m+fp/hard\libc_nano.a(lib_a-lock.o)
                0x00000000080081a4                __retarget_lock_release_recursive
 .text.__swhatbuf_r
                0x00000000080081a6       0x48 c:/st/stm32cubeide_1.6.1/stm32cubeide/plugins/com.st.stm32cube.ide.mcu.externaltools.gnu-tools-for-stm32.9-2020-q2-update.win32_2.0.0.202105311346/tools/bin/../lib/gcc/arm-none-eabi/9.3.1/../../../../arm-none-eabi/lib/thumb/v7e-m+fp/hard\libc_nano.a(lib_a-makebuf.o)
                0x00000000080081a6                __swhatbuf_r
 *fill*         0x00000000080081ee        0x2 
 .text.__smakebuf_r
                0x00000000080081f0       0x80 c:/st/stm32cubeide_1.6.1/stm32cubeide/plugins/com.st.stm32cube.ide.mcu.externaltools.gnu-tools-for-stm32.9-2020-q2-update.win32_2.0.0.202105311346/tools/bin/../lib/gcc/arm-none-eabi/9.3.1/../../../../arm-none-eabi/lib/thumb/v7e-m+fp/hard\libc_nano.a(lib_a-makebuf.o)
                0x00000000080081f0                __smakebuf_r
 .text.__malloc_lock
                0x0000000008008270        0xc c:/st/stm32cubeide_1.6.1/stm32cubeide/plugins/com.st.stm32cube.ide.mcu.externaltools.gnu-tools-for-stm32.9-2020-q2-update.win32_2.0.0.202105311346/tools/bin/../lib/gcc/arm-none-eabi/9.3.1/../../../../arm-none-eabi/lib/thumb/v7e-m+fp/hard\libc_nano.a(lib_a-mlock.o)
                0x0000000008008270                __malloc_lock
 .text.__malloc_unlock
                0x000000000800827c        0xc c:/st/stm32cubeide_1.6.1/stm32cubeide/plugins/com.st.stm32cube.ide.mcu.externaltools.gnu-tools-for-stm32.9-2020-q2-update.win32_2.0.0.202105311346/tools/bin/../lib/gcc/arm-none-eabi/9.3.1/../../../../arm-none-eabi/lib/thumb/v7e-m+fp/hard\libc_nano.a(lib_a-mlock.o)
                0x000000000800827c                __malloc_unlock
 .text._Balloc  0x0000000008008288       0x80 c:/st/stm32cubeide_1.6.1/stm32cubeide/plugins/com.st.stm32cube.ide.mcu.externaltools.gnu-tools-for-stm32.9-2020-q2-update.win32_2.0.0.202105311346/tools/bin/../lib/gcc/arm-none-eabi/9.3.1/../../../../arm-none-eabi/lib/thumb/v7e-m+fp/hard\libc_nano.a(lib_a-mprec.o)
                0x0000000008008288                _Balloc
 .text._Bfree   0x0000000008008308       0x44 c:/st/stm32cubeide_1.6.1/stm32cubeide/plugins/com.st.stm32cube.ide.mcu.externaltools.gnu-tools-for-stm32.9-2020-q2-update.win32_2.0.0.202105311346/tools/bin/../lib/gcc/arm-none-eabi/9.3.1/../../../../arm-none-eabi/lib/thumb/v7e-m+fp/hard\libc_nano.a(lib_a-mprec.o)
                0x0000000008008308                _Bfree
 .text.__multadd
                0x000000000800834c       0x94 c:/st/stm32cubeide_1.6.1/stm32cubeide/plugins/com.st.stm32cube.ide.mcu.externaltools.gnu-tools-for-stm32.9-2020-q2-update.win32_2.0.0.202105311346/tools/bin/../lib/gcc/arm-none-eabi/9.3.1/../../../../arm-none-eabi/lib/thumb/v7e-m+fp/hard\libc_nano.a(lib_a-mprec.o)
                0x000000000800834c                __multadd
 .text.__hi0bits
                0x00000000080083e0       0x40 c:/st/stm32cubeide_1.6.1/stm32cubeide/plugins/com.st.stm32cube.ide.mcu.externaltools.gnu-tools-for-stm32.9-2020-q2-update.win32_2.0.0.202105311346/tools/bin/../lib/gcc/arm-none-eabi/9.3.1/../../../../arm-none-eabi/lib/thumb/v7e-m+fp/hard\libc_nano.a(lib_a-mprec.o)
                0x00000000080083e0                __hi0bits
 .text.__lo0bits
                0x0000000008008420       0x60 c:/st/stm32cubeide_1.6.1/stm32cubeide/plugins/com.st.stm32cube.ide.mcu.externaltools.gnu-tools-for-stm32.9-2020-q2-update.win32_2.0.0.202105311346/tools/bin/../lib/gcc/arm-none-eabi/9.3.1/../../../../arm-none-eabi/lib/thumb/v7e-m+fp/hard\libc_nano.a(lib_a-mprec.o)
                0x0000000008008420                __lo0bits
 .text.__i2b    0x0000000008008480       0x2c c:/st/stm32cubeide_1.6.1/stm32cubeide/plugins/com.st.stm32cube.ide.mcu.externaltools.gnu-tools-for-stm32.9-2020-q2-update.win32_2.0.0.202105311346/tools/bin/../lib/gcc/arm-none-eabi/9.3.1/../../../../arm-none-eabi/lib/thumb/v7e-m+fp/hard\libc_nano.a(lib_a-mprec.o)
                0x0000000008008480                __i2b
 .text.__multiply
                0x00000000080084ac      0x14c c:/st/stm32cubeide_1.6.1/stm32cubeide/plugins/com.st.stm32cube.ide.mcu.externaltools.gnu-tools-for-stm32.9-2020-q2-update.win32_2.0.0.202105311346/tools/bin/../lib/gcc/arm-none-eabi/9.3.1/../../../../arm-none-eabi/lib/thumb/v7e-m+fp/hard\libc_nano.a(lib_a-mprec.o)
                0x00000000080084ac                __multiply
 .text.__pow5mult
                0x00000000080085f8       0xb4 c:/st/stm32cubeide_1.6.1/stm32cubeide/plugins/com.st.stm32cube.ide.mcu.externaltools.gnu-tools-for-stm32.9-2020-q2-update.win32_2.0.0.202105311346/tools/bin/../lib/gcc/arm-none-eabi/9.3.1/../../../../arm-none-eabi/lib/thumb/v7e-m+fp/hard\libc_nano.a(lib_a-mprec.o)
                0x00000000080085f8                __pow5mult
 .text.__lshift
                0x00000000080086ac       0xd8 c:/st/stm32cubeide_1.6.1/stm32cubeide/plugins/com.st.stm32cube.ide.mcu.externaltools.gnu-tools-for-stm32.9-2020-q2-update.win32_2.0.0.202105311346/tools/bin/../lib/gcc/arm-none-eabi/9.3.1/../../../../arm-none-eabi/lib/thumb/v7e-m+fp/hard\libc_nano.a(lib_a-mprec.o)
                0x00000000080086ac                __lshift
 .text.__mcmp   0x0000000008008784       0x38 c:/st/stm32cubeide_1.6.1/stm32cubeide/plugins/com.st.stm32cube.ide.mcu.externaltools.gnu-tools-for-stm32.9-2020-q2-update.win32_2.0.0.202105311346/tools/bin/../lib/gcc/arm-none-eabi/9.3.1/../../../../arm-none-eabi/lib/thumb/v7e-m+fp/hard\libc_nano.a(lib_a-mprec.o)
                0x0000000008008784                __mcmp
 .text.__mdiff  0x00000000080087bc      0x110 c:/st/stm32cubeide_1.6.1/stm32cubeide/plugins/com.st.stm32cube.ide.mcu.externaltools.gnu-tools-for-stm32.9-2020-q2-update.win32_2.0.0.202105311346/tools/bin/../lib/gcc/arm-none-eabi/9.3.1/../../../../arm-none-eabi/lib/thumb/v7e-m+fp/hard\libc_nano.a(lib_a-mprec.o)
                0x00000000080087bc                __mdiff
 .text.__d2b    0x00000000080088cc       0xb8 c:/st/stm32cubeide_1.6.1/stm32cubeide/plugins/com.st.stm32cube.ide.mcu.externaltools.gnu-tools-for-stm32.9-2020-q2-update.win32_2.0.0.202105311346/tools/bin/../lib/gcc/arm-none-eabi/9.3.1/../../../../arm-none-eabi/lib/thumb/v7e-m+fp/hard\libc_nano.a(lib_a-mprec.o)
                0x00000000080088cc                __d2b
 .text._calloc_r
                0x0000000008008984       0x1e c:/st/stm32cubeide_1.6.1/stm32cubeide/plugins/com.st.stm32cube.ide.mcu.externaltools.gnu-tools-for-stm32.9-2020-q2-update.win32_2.0.0.202105311346/tools/bin/../lib/gcc/arm-none-eabi/9.3.1/../../../../arm-none-eabi/lib/thumb/v7e-m+fp/hard\libc_nano.a(lib_a-nano-callocr.o)
                0x0000000008008984                _calloc_r
 .text.__sfputc_r
                0x00000000080089a2       0x2e c:/st/stm32cubeide_1.6.1/stm32cubeide/plugins/com.st.stm32cube.ide.mcu.externaltools.gnu-tools-for-stm32.9-2020-q2-update.win32_2.0.0.202105311346/tools/bin/../lib/gcc/arm-none-eabi/9.3.1/../../../../arm-none-eabi/lib/thumb/v7e-m+fp/hard\libc_nano.a(lib_a-nano-vfprintf.o)
 .text.__sfputs_r
                0x00000000080089d0       0x24 c:/st/stm32cubeide_1.6.1/stm32cubeide/plugins/com.st.stm32cube.ide.mcu.externaltools.gnu-tools-for-stm32.9-2020-q2-update.win32_2.0.0.202105311346/tools/bin/../lib/gcc/arm-none-eabi/9.3.1/../../../../arm-none-eabi/lib/thumb/v7e-m+fp/hard\libc_nano.a(lib_a-nano-vfprintf.o)
                0x00000000080089d0                __sfputs_r
 .text._vfprintf_r
                0x00000000080089f4      0x260 c:/st/stm32cubeide_1.6.1/stm32cubeide/plugins/com.st.stm32cube.ide.mcu.externaltools.gnu-tools-for-stm32.9-2020-q2-update.win32_2.0.0.202105311346/tools/bin/../lib/gcc/arm-none-eabi/9.3.1/../../../../arm-none-eabi/lib/thumb/v7e-m+fp/hard\libc_nano.a(lib_a-nano-vfprintf.o)
                0x00000000080089f4                _vfprintf_r
                0x00000000080089f4                _vfiprintf_r
 .text._putc_r  0x0000000008008c54       0x90 c:/st/stm32cubeide_1.6.1/stm32cubeide/plugins/com.st.stm32cube.ide.mcu.externaltools.gnu-tools-for-stm32.9-2020-q2-update.win32_2.0.0.202105311346/tools/bin/../lib/gcc/arm-none-eabi/9.3.1/../../../../arm-none-eabi/lib/thumb/v7e-m+fp/hard\libc_nano.a(lib_a-putc.o)
                0x0000000008008c54                _putc_r
 .text.__sread  0x0000000008008ce4       0x22 c:/st/stm32cubeide_1.6.1/stm32cubeide/plugins/com.st.stm32cube.ide.mcu.externaltools.gnu-tools-for-stm32.9-2020-q2-update.win32_2.0.0.202105311346/tools/bin/../lib/gcc/arm-none-eabi/9.3.1/../../../../arm-none-eabi/lib/thumb/v7e-m+fp/hard\libc_nano.a(lib_a-stdio.o)
                0x0000000008008ce4                __sread
 .text.__swrite
                0x0000000008008d06       0x38 c:/st/stm32cubeide_1.6.1/stm32cubeide/plugins/com.st.stm32cube.ide.mcu.externaltools.gnu-tools-for-stm32.9-2020-q2-update.win32_2.0.0.202105311346/tools/bin/../lib/gcc/arm-none-eabi/9.3.1/../../../../arm-none-eabi/lib/thumb/v7e-m+fp/hard\libc_nano.a(lib_a-stdio.o)
                0x0000000008008d06                __swrite
 .text.__sseek  0x0000000008008d3e       0x24 c:/st/stm32cubeide_1.6.1/stm32cubeide/plugins/com.st.stm32cube.ide.mcu.externaltools.gnu-tools-for-stm32.9-2020-q2-update.win32_2.0.0.202105311346/tools/bin/../lib/gcc/arm-none-eabi/9.3.1/../../../../arm-none-eabi/lib/thumb/v7e-m+fp/hard\libc_nano.a(lib_a-stdio.o)
                0x0000000008008d3e                __sseek
 .text.__sclose
                0x0000000008008d62        0x8 c:/st/stm32cubeide_1.6.1/stm32cubeide/plugins/com.st.stm32cube.ide.mcu.externaltools.gnu-tools-for-stm32.9-2020-q2-update.win32_2.0.0.202105311346/tools/bin/../lib/gcc/arm-none-eabi/9.3.1/../../../../arm-none-eabi/lib/thumb/v7e-m+fp/hard\libc_nano.a(lib_a-stdio.o)
                0x0000000008008d62                __sclose
 *fill*         0x0000000008008d6a        0x2 
 .text._write_r
                0x0000000008008d6c       0x24 c:/st/stm32cubeide_1.6.1/stm32cubeide/plugins/com.st.stm32cube.ide.mcu.externaltools.gnu-tools-for-stm32.9-2020-q2-update.win32_2.0.0.202105311346/tools/bin/../lib/gcc/arm-none-eabi/9.3.1/../../../../arm-none-eabi/lib/thumb/v7e-m+fp/hard\libc_nano.a(lib_a-writer.o)
                0x0000000008008d6c                _write_r
 .text.__assert_func
                0x0000000008008d90       0x3c c:/st/stm32cubeide_1.6.1/stm32cubeide/plugins/com.st.stm32cube.ide.mcu.externaltools.gnu-tools-for-stm32.9-2020-q2-update.win32_2.0.0.202105311346/tools/bin/../lib/gcc/arm-none-eabi/9.3.1/../../../../arm-none-eabi/lib/thumb/v7e-m+fp/hard\libc_nano.a(lib_a-assert.o)
                0x0000000008008d90                __assert_func
 .text._close_r
                0x0000000008008dcc       0x20 c:/st/stm32cubeide_1.6.1/stm32cubeide/plugins/com.st.stm32cube.ide.mcu.externaltools.gnu-tools-for-stm32.9-2020-q2-update.win32_2.0.0.202105311346/tools/bin/../lib/gcc/arm-none-eabi/9.3.1/../../../../arm-none-eabi/lib/thumb/v7e-m+fp/hard\libc_nano.a(lib_a-closer.o)
                0x0000000008008dcc                _close_r
 .text.fprintf  0x0000000008008dec       0x24 c:/st/stm32cubeide_1.6.1/stm32cubeide/plugins/com.st.stm32cube.ide.mcu.externaltools.gnu-tools-for-stm32.9-2020-q2-update.win32_2.0.0.202105311346/tools/bin/../lib/gcc/arm-none-eabi/9.3.1/../../../../arm-none-eabi/lib/thumb/v7e-m+fp/hard\libc_nano.a(lib_a-fprintf.o)
                0x0000000008008dec                fiprintf
                0x0000000008008dec                fprintf
 .text._fstat_r
                0x0000000008008e10       0x24 c:/st/stm32cubeide_1.6.1/stm32cubeide/plugins/com.st.stm32cube.ide.mcu.externaltools.gnu-tools-for-stm32.9-2020-q2-update.win32_2.0.0.202105311346/tools/bin/../lib/gcc/arm-none-eabi/9.3.1/../../../../arm-none-eabi/lib/thumb/v7e-m+fp/hard\libc_nano.a(lib_a-fstatr.o)
                0x0000000008008e10                _fstat_r
 .text._isatty_r
                0x0000000008008e34       0x20 c:/st/stm32cubeide_1.6.1/stm32cubeide/plugins/com.st.stm32cube.ide.mcu.externaltools.gnu-tools-for-stm32.9-2020-q2-update.win32_2.0.0.202105311346/tools/bin/../lib/gcc/arm-none-eabi/9.3.1/../../../../arm-none-eabi/lib/thumb/v7e-m+fp/hard\libc_nano.a(lib_a-isattyr.o)
                0x0000000008008e34                _isatty_r
 .text._lseek_r
                0x0000000008008e54       0x24 c:/st/stm32cubeide_1.6.1/stm32cubeide/plugins/com.st.stm32cube.ide.mcu.externaltools.gnu-tools-for-stm32.9-2020-q2-update.win32_2.0.0.202105311346/tools/bin/../lib/gcc/arm-none-eabi/9.3.1/../../../../arm-none-eabi/lib/thumb/v7e-m+fp/hard\libc_nano.a(lib_a-lseekr.o)
                0x0000000008008e54                _lseek_r
 .text.__ascii_mbtowc
                0x0000000008008e78       0x24 c:/st/stm32cubeide_1.6.1/stm32cubeide/plugins/com.st.stm32cube.ide.mcu.externaltools.gnu-tools-for-stm32.9-2020-q2-update.win32_2.0.0.202105311346/tools/bin/../lib/gcc/arm-none-eabi/9.3.1/../../../../arm-none-eabi/lib/thumb/v7e-m+fp/hard\libc_nano.a(lib_a-mbtowc_r.o)
                0x0000000008008e78                __ascii_mbtowc
 .text._read_r  0x0000000008008e9c       0x24 c:/st/stm32cubeide_1.6.1/stm32cubeide/plugins/com.st.stm32cube.ide.mcu.externaltools.gnu-tools-for-stm32.9-2020-q2-update.win32_2.0.0.202105311346/tools/bin/../lib/gcc/arm-none-eabi/9.3.1/../../../../arm-none-eabi/lib/thumb/v7e-m+fp/hard\libc_nano.a(lib_a-readr.o)
                0x0000000008008e9c                _read_r
 .text.__ascii_wctomb
                0x0000000008008ec0       0x1a c:/st/stm32cubeide_1.6.1/stm32cubeide/plugins/com.st.stm32cube.ide.mcu.externaltools.gnu-tools-for-stm32.9-2020-q2-update.win32_2.0.0.202105311346/tools/bin/../lib/gcc/arm-none-eabi/9.3.1/../../../../arm-none-eabi/lib/thumb/v7e-m+fp/hard\libc_nano.a(lib_a-wctomb_r.o)
                0x0000000008008ec0                __ascii_wctomb
 .text.abort    0x0000000008008eda        0xe c:/st/stm32cubeide_1.6.1/stm32cubeide/plugins/com.st.stm32cube.ide.mcu.externaltools.gnu-tools-for-stm32.9-2020-q2-update.win32_2.0.0.202105311346/tools/bin/../lib/gcc/arm-none-eabi/9.3.1/../../../../arm-none-eabi/lib/thumb/v7e-m+fp/hard\libc_nano.a(lib_a-abort.o)
                0x0000000008008eda                abort
 .text._raise_r
                0x0000000008008ee8       0x50 c:/st/stm32cubeide_1.6.1/stm32cubeide/plugins/com.st.stm32cube.ide.mcu.externaltools.gnu-tools-for-stm32.9-2020-q2-update.win32_2.0.0.202105311346/tools/bin/../lib/gcc/arm-none-eabi/9.3.1/../../../../arm-none-eabi/lib/thumb/v7e-m+fp/hard\libc_nano.a(lib_a-signal.o)
                0x0000000008008ee8                _raise_r
 .text.raise    0x0000000008008f38       0x10 c:/st/stm32cubeide_1.6.1/stm32cubeide/plugins/com.st.stm32cube.ide.mcu.externaltools.gnu-tools-for-stm32.9-2020-q2-update.win32_2.0.0.202105311346/tools/bin/../lib/gcc/arm-none-eabi/9.3.1/../../../../arm-none-eabi/lib/thumb/v7e-m+fp/hard\libc_nano.a(lib_a-signal.o)
                0x0000000008008f38                raise
 .text._kill_r  0x0000000008008f48       0x24 c:/st/stm32cubeide_1.6.1/stm32cubeide/plugins/com.st.stm32cube.ide.mcu.externaltools.gnu-tools-for-stm32.9-2020-q2-update.win32_2.0.0.202105311346/tools/bin/../lib/gcc/arm-none-eabi/9.3.1/../../../../arm-none-eabi/lib/thumb/v7e-m+fp/hard\libc_nano.a(lib_a-signalr.o)
                0x0000000008008f48                _kill_r
 .text._getpid_r
                0x0000000008008f6c        0x4 c:/st/stm32cubeide_1.6.1/stm32cubeide/plugins/com.st.stm32cube.ide.mcu.externaltools.gnu-tools-for-stm32.9-2020-q2-update.win32_2.0.0.202105311346/tools/bin/../lib/gcc/arm-none-eabi/9.3.1/../../../../arm-none-eabi/lib/thumb/v7e-m+fp/hard\libc_nano.a(lib_a-signalr.o)
                0x0000000008008f6c                _getpid_r
 *(.glue_7)
 .glue_7        0x0000000008008f70        0x0 linker stubs
 *(.glue_7t)
 .glue_7t       0x0000000008008f70        0x0 linker stubs
 *(.eh_frame)
 .eh_frame      0x0000000008008f70        0x0 c:/st/stm32cubeide_1.6.1/stm32cubeide/plugins/com.st.stm32cube.ide.mcu.externaltools.gnu-tools-for-stm32.9-2020-q2-update.win32_2.0.0.202105311346/tools/bin/../lib/gcc/arm-none-eabi/9.3.1/thumb/v7e-m+fp/hard/crtbegin.o
 *(.init)
 .init          0x0000000008008f70        0x4 c:/st/stm32cubeide_1.6.1/stm32cubeide/plugins/com.st.stm32cube.ide.mcu.externaltools.gnu-tools-for-stm32.9-2020-q2-update.win32_2.0.0.202105311346/tools/bin/../lib/gcc/arm-none-eabi/9.3.1/thumb/v7e-m+fp/hard/crti.o
                0x0000000008008f70                _init
 .init          0x0000000008008f74        0x8 c:/st/stm32cubeide_1.6.1/stm32cubeide/plugins/com.st.stm32cube.ide.mcu.externaltools.gnu-tools-for-stm32.9-2020-q2-update.win32_2.0.0.202105311346/tools/bin/../lib/gcc/arm-none-eabi/9.3.1/thumb/v7e-m+fp/hard/crtn.o
 *(.fini)
 .fini          0x0000000008008f7c        0x4 c:/st/stm32cubeide_1.6.1/stm32cubeide/plugins/com.st.stm32cube.ide.mcu.externaltools.gnu-tools-for-stm32.9-2020-q2-update.win32_2.0.0.202105311346/tools/bin/../lib/gcc/arm-none-eabi/9.3.1/thumb/v7e-m+fp/hard/crti.o
                0x0000000008008f7c                _fini
 .fini          0x0000000008008f80        0x8 c:/st/stm32cubeide_1.6.1/stm32cubeide/plugins/com.st.stm32cube.ide.mcu.externaltools.gnu-tools-for-stm32.9-2020-q2-update.win32_2.0.0.202105311346/tools/bin/../lib/gcc/arm-none-eabi/9.3.1/thumb/v7e-m+fp/hard/crtn.o
                0x0000000008008f88                . = ALIGN (0x4)
                0x0000000008008f88                _etext = .

.vfp11_veneer   0x0000000008008f88        0x0
 .vfp11_veneer  0x0000000008008f88        0x0 linker stubs

.v4_bx          0x0000000008008f88        0x0
 .v4_bx         0x0000000008008f88        0x0 linker stubs

.iplt           0x0000000008008f88        0x0
 .iplt          0x0000000008008f88        0x0 c:/st/stm32cubeide_1.6.1/stm32cubeide/plugins/com.st.stm32cube.ide.mcu.externaltools.gnu-tools-for-stm32.9-2020-q2-update.win32_2.0.0.202105311346/tools/bin/../lib/gcc/arm-none-eabi/9.3.1/thumb/v7e-m+fp/hard/crtbegin.o

.rodata         0x0000000008008f88      0x5fc
                0x0000000008008f88                . = ALIGN (0x4)
 *(.rodata)
 .rodata        0x0000000008008f88       0xc6 ./Application/User/App/master.o
 *fill*         0x000000000800904e        0x2 
 .rodata        0x0000000008009050       0x85 ./Application/User/Core/main.o
 *fill*         0x00000000080090d5        0x3 
 .rodata        0x00000000080090d8       0x86 ./Application/User/UniSM/system.o
 *(.rodata*)
 *fill*         0x000000000800915e        0x2 
 .rodata.AHBPrescTable
                0x0000000008009160       0x10 ./Drivers/CMSIS/system_stm32g4xx.o
                0x0000000008009160                AHBPrescTable
 .rodata.APBPrescTable
                0x0000000008009170        0x8 ./Drivers/CMSIS/system_stm32g4xx.o
                0x0000000008009170                APBPrescTable
 .rodata.UARTPrescTable
                0x0000000008009178       0x18 ./Drivers/STM32G4xx_HAL_Driver/stm32g4xx_hal_uart.o
                0x0000000008009178                UARTPrescTable
 .rodata.numerator.8923
                0x0000000008009190        0x8 ./Drivers/STM32G4xx_HAL_Driver/stm32g4xx_hal_uart_ex.o
 .rodata.denominator.8924
                0x0000000008009198        0x8 ./Drivers/STM32G4xx_HAL_Driver/stm32g4xx_hal_uart_ex.o
 .rodata._global_impure_ptr
                0x00000000080091a0        0x4 c:/st/stm32cubeide_1.6.1/stm32cubeide/plugins/com.st.stm32cube.ide.mcu.externaltools.gnu-tools-for-stm32.9-2020-q2-update.win32_2.0.0.202105311346/tools/bin/../lib/gcc/arm-none-eabi/9.3.1/../../../../arm-none-eabi/lib/thumb/v7e-m+fp/hard\libc_nano.a(lib_a-impure.o)
                0x00000000080091a0                _global_impure_ptr
 .rodata._printf_float.str1.1
                0x00000000080091a4       0x12 c:/st/stm32cubeide_1.6.1/stm32cubeide/plugins/com.st.stm32cube.ide.mcu.externaltools.gnu-tools-for-stm32.9-2020-q2-update.win32_2.0.0.202105311346/tools/bin/../lib/gcc/arm-none-eabi/9.3.1/../../../../arm-none-eabi/lib/thumb/v7e-m+fp/hard\libc_nano.a(lib_a-nano-vfprintf_float.o)
 .rodata._printf_i.str1.1
                0x00000000080091b6       0x22 c:/st/stm32cubeide_1.6.1/stm32cubeide/plugins/com.st.stm32cube.ide.mcu.externaltools.gnu-tools-for-stm32.9-2020-q2-update.win32_2.0.0.202105311346/tools/bin/../lib/gcc/arm-none-eabi/9.3.1/../../../../arm-none-eabi/lib/thumb/v7e-m+fp/hard\libc_nano.a(lib_a-nano-vfprintf_i.o)
 .rodata._dtoa_r.str1.1
                0x00000000080091d8       0x94 c:/st/stm32cubeide_1.6.1/stm32cubeide/plugins/com.st.stm32cube.ide.mcu.externaltools.gnu-tools-for-stm32.9-2020-q2-update.win32_2.0.0.202105311346/tools/bin/../lib/gcc/arm-none-eabi/9.3.1/../../../../arm-none-eabi/lib/thumb/v7e-m+fp/hard\libc_nano.a(lib_a-dtoa.o)
                                         0x96 (size before relaxing)
 .rodata.__sf_fake_stderr
                0x000000000800926c       0x20 c:/st/stm32cubeide_1.6.1/stm32cubeide/plugins/com.st.stm32cube.ide.mcu.externaltools.gnu-tools-for-stm32.9-2020-q2-update.win32_2.0.0.202105311346/tools/bin/../lib/gcc/arm-none-eabi/9.3.1/../../../../arm-none-eabi/lib/thumb/v7e-m+fp/hard\libc_nano.a(lib_a-findfp.o)
                0x000000000800926c                __sf_fake_stderr
 .rodata.__sf_fake_stdin
                0x000000000800928c       0x20 c:/st/stm32cubeide_1.6.1/stm32cubeide/plugins/com.st.stm32cube.ide.mcu.externaltools.gnu-tools-for-stm32.9-2020-q2-update.win32_2.0.0.202105311346/tools/bin/../lib/gcc/arm-none-eabi/9.3.1/../../../../arm-none-eabi/lib/thumb/v7e-m+fp/hard\libc_nano.a(lib_a-findfp.o)
                0x000000000800928c                __sf_fake_stdin
 .rodata.__sf_fake_stdout
                0x00000000080092ac       0x20 c:/st/stm32cubeide_1.6.1/stm32cubeide/plugins/com.st.stm32cube.ide.mcu.externaltools.gnu-tools-for-stm32.9-2020-q2-update.win32_2.0.0.202105311346/tools/bin/../lib/gcc/arm-none-eabi/9.3.1/../../../../arm-none-eabi/lib/thumb/v7e-m+fp/hard\libc_nano.a(lib_a-findfp.o)
                0x00000000080092ac                __sf_fake_stdout
 .rodata._Balloc.str1.1
                0x00000000080092cc       0x60 c:/st/stm32cubeide_1.6.1/stm32cubeide/plugins/com.st.stm32cube.ide.mcu.externaltools.gnu-tools-for-stm32.9-2020-q2-update.win32_2.0.0.202105311346/tools/bin/../lib/gcc/arm-none-eabi/9.3.1/../../../../arm-none-eabi/lib/thumb/v7e-m+fp/hard\libc_nano.a(lib_a-mprec.o)
                                         0x77 (size before relaxing)
 .rodata.__multadd.str1.1
                0x000000000800932c       0x11 c:/st/stm32cubeide_1.6.1/stm32cubeide/plugins/com.st.stm32cube.ide.mcu.externaltools.gnu-tools-for-stm32.9-2020-q2-update.win32_2.0.0.202105311346/tools/bin/../lib/gcc/arm-none-eabi/9.3.1/../../../../arm-none-eabi/lib/thumb/v7e-m+fp/hard\libc_nano.a(lib_a-mprec.o)
 *fill*         0x000000000800932c        0x4 
 .rodata.__mprec_bigtens
                0x0000000008009330       0x28 c:/st/stm32cubeide_1.6.1/stm32cubeide/plugins/com.st.stm32cube.ide.mcu.externaltools.gnu-tools-for-stm32.9-2020-q2-update.win32_2.0.0.202105311346/tools/bin/../lib/gcc/arm-none-eabi/9.3.1/../../../../arm-none-eabi/lib/thumb/v7e-m+fp/hard\libc_nano.a(lib_a-mprec.o)
                0x0000000008009330                __mprec_bigtens
 .rodata.__mprec_tens
                0x0000000008009358       0xc8 c:/st/stm32cubeide_1.6.1/stm32cubeide/plugins/com.st.stm32cube.ide.mcu.externaltools.gnu-tools-for-stm32.9-2020-q2-update.win32_2.0.0.202105311346/tools/bin/../lib/gcc/arm-none-eabi/9.3.1/../../../../arm-none-eabi/lib/thumb/v7e-m+fp/hard\libc_nano.a(lib_a-mprec.o)
                0x0000000008009358                __mprec_tens
 .rodata.p05.7513
                0x0000000008009420        0xc c:/st/stm32cubeide_1.6.1/stm32cubeide/plugins/com.st.stm32cube.ide.mcu.externaltools.gnu-tools-for-stm32.9-2020-q2-update.win32_2.0.0.202105311346/tools/bin/../lib/gcc/arm-none-eabi/9.3.1/../../../../arm-none-eabi/lib/thumb/v7e-m+fp/hard\libc_nano.a(lib_a-mprec.o)
 .rodata._vfprintf_r.str1.1
                0x000000000800942c       0x11 c:/st/stm32cubeide_1.6.1/stm32cubeide/plugins/com.st.stm32cube.ide.mcu.externaltools.gnu-tools-for-stm32.9-2020-q2-update.win32_2.0.0.202105311346/tools/bin/../lib/gcc/arm-none-eabi/9.3.1/../../../../arm-none-eabi/lib/thumb/v7e-m+fp/hard\libc_nano.a(lib_a-nano-vfprintf.o)
 .rodata.__assert_func.str1.1
                0x000000000800943d       0x3c c:/st/stm32cubeide_1.6.1/stm32cubeide/plugins/com.st.stm32cube.ide.mcu.externaltools.gnu-tools-for-stm32.9-2020-q2-update.win32_2.0.0.202105311346/tools/bin/../lib/gcc/arm-none-eabi/9.3.1/../../../../arm-none-eabi/lib/thumb/v7e-m+fp/hard\libc_nano.a(lib_a-assert.o)
                                         0x3d (size before relaxing)
 .rodata._setlocale_r.str1.1
                0x0000000008009479        0x8 c:/st/stm32cubeide_1.6.1/stm32cubeide/plugins/com.st.stm32cube.ide.mcu.externaltools.gnu-tools-for-stm32.9-2020-q2-update.win32_2.0.0.202105311346/tools/bin/../lib/gcc/arm-none-eabi/9.3.1/../../../../arm-none-eabi/lib/thumb/v7e-m+fp/hard\libc_nano.a(lib_a-locale.o)
                                          0x9 (size before relaxing)
 .rodata.str1.1
                0x0000000008009481        0x2 c:/st/stm32cubeide_1.6.1/stm32cubeide/plugins/com.st.stm32cube.ide.mcu.externaltools.gnu-tools-for-stm32.9-2020-q2-update.win32_2.0.0.202105311346/tools/bin/../lib/gcc/arm-none-eabi/9.3.1/../../../../arm-none-eabi/lib/thumb/v7e-m+fp/hard\libc_nano.a(lib_a-locale.o)
 .rodata._ctype_
                0x0000000008009483      0x101 c:/st/stm32cubeide_1.6.1/stm32cubeide/plugins/com.st.stm32cube.ide.mcu.externaltools.gnu-tools-for-stm32.9-2020-q2-update.win32_2.0.0.202105311346/tools/bin/../lib/gcc/arm-none-eabi/9.3.1/../../../../arm-none-eabi/lib/thumb/v7e-m+fp/hard\libc_nano.a(lib_a-ctype_.o)
                0x0000000008009483                _ctype_
                0x0000000008009584                . = ALIGN (0x4)

.ARM.extab      0x0000000008009584        0x0
                0x0000000008009584                . = ALIGN (0x4)
 *(.ARM.extab* .gnu.linkonce.armextab.*)
                0x0000000008009584                . = ALIGN (0x4)

.ARM            0x0000000008009584        0x8
                0x0000000008009584                . = ALIGN (0x4)
                0x0000000008009584                __exidx_start = .
 *(.ARM.exidx*)
 .ARM.exidx     0x0000000008009584        0x8 c:/st/stm32cubeide_1.6.1/stm32cubeide/plugins/com.st.stm32cube.ide.mcu.externaltools.gnu-tools-for-stm32.9-2020-q2-update.win32_2.0.0.202105311346/tools/bin/../lib/gcc/arm-none-eabi/9.3.1/thumb/v7e-m+fp/hard\libgcc.a(_udivmoddi4.o)
                0x000000000800958c                __exidx_end = .
                0x000000000800958c                . = ALIGN (0x4)

.rel.dyn        0x000000000800958c        0x0
 .rel.iplt      0x000000000800958c        0x0 c:/st/stm32cubeide_1.6.1/stm32cubeide/plugins/com.st.stm32cube.ide.mcu.externaltools.gnu-tools-for-stm32.9-2020-q2-update.win32_2.0.0.202105311346/tools/bin/../lib/gcc/arm-none-eabi/9.3.1/thumb/v7e-m+fp/hard/crtbegin.o

.preinit_array  0x000000000800958c        0x0
                0x000000000800958c                . = ALIGN (0x4)
                0x000000000800958c                PROVIDE (__preinit_array_start = .)
 *(.preinit_array*)
                0x000000000800958c                PROVIDE (__preinit_array_end = .)
                0x000000000800958c                . = ALIGN (0x4)

.init_array     0x000000000800958c        0x4
                0x000000000800958c                . = ALIGN (0x4)
                0x000000000800958c                PROVIDE (__init_array_start = .)
 *(SORT_BY_NAME(.init_array.*))
 *(.init_array*)
 .init_array    0x000000000800958c        0x4 c:/st/stm32cubeide_1.6.1/stm32cubeide/plugins/com.st.stm32cube.ide.mcu.externaltools.gnu-tools-for-stm32.9-2020-q2-update.win32_2.0.0.202105311346/tools/bin/../lib/gcc/arm-none-eabi/9.3.1/thumb/v7e-m+fp/hard/crtbegin.o
                0x0000000008009590                PROVIDE (__init_array_end = .)
                0x0000000008009590                . = ALIGN (0x4)

.fini_array     0x0000000008009590        0x4
                0x0000000008009590                . = ALIGN (0x4)
                [!provide]                        PROVIDE (__fini_array_start = .)
 *(SORT_BY_NAME(.fini_array.*))
 *(.fini_array*)
 .fini_array    0x0000000008009590        0x4 c:/st/stm32cubeide_1.6.1/stm32cubeide/plugins/com.st.stm32cube.ide.mcu.externaltools.gnu-tools-for-stm32.9-2020-q2-update.win32_2.0.0.202105311346/tools/bin/../lib/gcc/arm-none-eabi/9.3.1/thumb/v7e-m+fp/hard/crtbegin.o
                [!provide]                        PROVIDE (__fini_array_end = .)
                0x0000000008009594                . = ALIGN (0x4)
                0x0000000008009594                _sidata = LOADADDR (.data)

.data           0x0000000020000000      0x440 load address 0x0000000008009594
                0x0000000020000000                . = ALIGN (0x4)
                0x0000000020000000                _sdata = .
 *(.data)
 *(.data*)
 .data.PlatformFunctions
                0x0000000020000000       0x60 ./Application/User/App/OV9712/OV9712.o
 .data.OV9712_Functions
                0x0000000020000060       0x10 ./Application/User/App/OV9712/OV9712.o
                0x0000000020000060                OV9712_Functions
 .data.Default_OV9712_Pins
                0x0000000020000070       0x20 ./Application/User/App/OV9712/OV9712.o
                0x0000000020000070                Default_OV9712_Pins
 .data.OV9712   0x0000000020000090        0xc ./Application/User/App/OV9712/OV9712.o
                0x0000000020000090                OV9712
 .data.OV9712_regs
                0x000000002000009c       0x14 ./Application/User/App/OV9712/OV9712.o
 .data.PlatformFunctions
                0x00000000200000b0       0x60 ./Application/User/App/master.o
 .data.System   0x0000000020000110        0x8 ./Application/User/App/master.o
 .data.SystemFunctions
                0x0000000020000118       0x20 ./Application/User/App/master.o
 .data.MasterFunctions
                0x0000000020000138        0xc ./Application/User/App/master.o
 .data.global_states_list
                0x0000000020000144       0x48 ./Application/User/App/master.o
                0x0000000020000144                global_states_list
 .data.CameraDMA
                0x000000002000018c       0x18 ./Application/User/App/master.o
                0x000000002000018c                CameraDMA
 .data.LED_GPIO
                0x00000000200001a4        0x8 ./Application/User/App/master.o
                0x00000000200001a4                LED_GPIO
 .data.nl       0x00000000200001ac        0x2 ./Application/User/App/master.o
 *fill*         0x00000000200001ae        0x2 
 .data.MasterFunctions
                0x00000000200001b0        0xc ./Application/User/Core/main.o
 .data.PlatformFunctions
                0x00000000200001bc       0x60 ./Application/User/UniSM/platform.o
 .data.system_state_enum_strings
                0x000000002000021c       0x28 ./Application/User/UniSM/system.o
 .data.SystemFunctions
                0x0000000020000244       0x20 ./Application/User/UniSM/system.o
 .data.SystemCoreClock
                0x0000000020000264        0x4 ./Drivers/CMSIS/system_stm32g4xx.o
                0x0000000020000264                SystemCoreClock
 .data.uwTickPrio
                0x0000000020000268        0x4 ./Drivers/STM32G4xx_HAL_Driver/stm32g4xx_hal.o
                0x0000000020000268                uwTickPrio
 .data.uwTickFreq
                0x000000002000026c        0x4 ./Drivers/STM32G4xx_HAL_Driver/stm32g4xx_hal.o
                0x000000002000026c                uwTickFreq
 .data._impure_ptr
                0x0000000020000270        0x4 c:/st/stm32cubeide_1.6.1/stm32cubeide/plugins/com.st.stm32cube.ide.mcu.externaltools.gnu-tools-for-stm32.9-2020-q2-update.win32_2.0.0.202105311346/tools/bin/../lib/gcc/arm-none-eabi/9.3.1/../../../../arm-none-eabi/lib/thumb/v7e-m+fp/hard\libc_nano.a(lib_a-impure.o)