matvec.c:11:7:SafeExp	16	static
matvec.c:22:6:Vec2SubVec2	16	static
matvec.c:28:6:Vec2AddVec2	16	static
matvec.c:34:6:ScalarMulVec2	24	static
matvec.c:40:12:Vec2DotVec2	24	static
matvec.c:45:6:Vec2AAT	32	static
matvec.c:55:6:Mat2x2AddMat2x2	16	static
matvec.c:63:6:Mat2x2SubMat2x2	16	static
matvec.c:71:6:ScalarMulMat2x2	24	static
matvec.c:79:6:Mat2x2DotVec2	24	static
matvec.c:85:6:MulTwoMat2x2s	16	static
matvec.c:92:12:Mat2x2Determinant	16	static
matvec.c:97:6:Mat2x2Inverse	24	static
matvec.c:111:6:Mat2x2LLT	56	static
matvec.c:124:6:MulGaussian1d	40	static
matvec.c:132:6:DivGaussian1d	40	static
matvec.c:139:6:CopyGaussian1d	0	static
matvec.c:145:12:ProbabilityFromGaussian1d	32	static
matvec.c:155:6:MultiplyGaussian2d	184	static
matvec.c:233:8:WeightedMeanUpdateGaussian2d	88	static
matvec.c:242:12:MahalanobisDistanceSquaredGaussian2d	24	static
matvec.c:196:12:ProbabilityFromGaussian2d	72	static
matvec.c:251:6:LimitCovarianceGaussian2d	32	static
matvec.c:213:6:UpdateGaussianWithWeightGaussian2d	112	static
matvec.c:271:12:CovarianceAngleGaussian2d	48	static
