C:/Users/Matthew Fonken/Desktop/marbl/Techincal/RhoMod/rho_mod_v7/Libs/UniSM/OV9712/OV9712_calc.h:251:13:SetSubsample	16	static
C:/Users/Matthew Fonken/Desktop/marbl/Techincal/RhoMod/rho_mod_v7/Libs/UniSM/OV9712/OV9712_calc.h:256:13:SetPercentActive	16	static
C:/Users/Matthew Fonken/Desktop/marbl/Techincal/RhoMod/rho_mod_v7/Libs/UniSM/OV9712/OV9712_calc.h:264:13:SetFrameRate	16	static
../Core/Src/main.c:74:5:_write	24	static
../Core/Src/main.c:87:5:main	8	static
../Core/Src/main.c:143:6:SystemClock_Config	128	static
../Core/Src/main.c:201:13:SystemPower_Config	8	static
../Core/Src/main.c:215:13:MX_DCMI_Init	8	static
../Core/Src/main.c:252:13:MX_GPDMA1_Init	16	static
../Core/Src/main.c:294:13:MX_I2C3_Init	8	static
../Core/Src/main.c:342:13:MX_ICACHE_Init	8	static
../Core/Src/main.c:374:13:MX_USART1_UART_Init	8	static
../Core/Src/main.c:422:13:MX_GPIO_Init	40	static
../Core/Src/main.c:479:6:Error_Handler	4	static,ignoring_inline_asm
