C:/Users/Matthew Fonken/Desktop/marbl/Techincal/RhoMod/rho_mod_v7/Libs/UniSM/OV9712/OV9712_calc.h:249:13:SetSubsample	16	static
C:/Users/Matthew Fonken/Desktop/marbl/Techincal/RhoMod/rho_mod_v7/Libs/UniSM/OV9712/OV9712_calc.h:254:13:SetPercentActive	16	static
C:/Users/Matthew Fonken/Desktop/marbl/Techincal/RhoMod/rho_mod_v7/Libs/UniSM/OV9712/OV9712_calc.h:262:13:SetFrameRate	16	static
../Core/Src/main.c:74:5:_write	32	static
../Core/Src/main.c:86:5:main	8	static
../Core/Src/main.c:142:6:SystemClock_Config	128	static
../Core/Src/main.c:200:13:SystemPower_Config	8	static
../Core/Src/main.c:214:13:MX_DCMI_Init	8	static
../Core/Src/main.c:251:13:MX_GPDMA1_Init	16	static
../Core/Src/main.c:293:13:MX_I2C3_Init	8	static
../Core/Src/main.c:341:13:MX_ICACHE_Init	8	static
../Core/Src/main.c:373:13:MX_USART1_UART_Init	8	static
../Core/Src/main.c:421:13:MX_GPIO_Init	40	static
../Core/Src/main.c:478:6:Error_Handler	4	static,ignoring_inline_asm
