../Drivers/CMSIS/Include/core_cm33.h:2448:34:__NVIC_SystemReset	4	static,ignoring_inline_asm
../Libs/UniSM/platforms/stm32_interface.c:22:13:HAL_GPIO_EXTI_Callback	16	static
../Libs/UniSM/platforms/stm32_interface.c:59:6:STM_InterruptEnable	8	static
../Libs/UniSM/platforms/stm32_interface.c:65:6:STM_InterruptDisable	8	static
../Libs/UniSM/platforms/stm32_interface.c:75:9:STM_DCMIStart_DMA	32	static
../Libs/UniSM/platforms/stm32_interface.c:81:9:STM_DCMIStop	24	static
../Libs/UniSM/platforms/stm32_interface.c:87:9:STM_DCMISuspend	24	static
../Libs/UniSM/platforms/stm32_interface.c:93:9:STM_DCMIResume	24	static
../Libs/UniSM/platforms/stm32_interface.c:134:16:STM_UartTxDMA	24	static
../Libs/UniSM/platforms/stm32_interface.c:139:17:STM_UartRxDMA	16	static
../Libs/UniSM/platforms/stm32_interface.c:155:13:STM_I2CMasterTx	32	static
../Libs/UniSM/platforms/stm32_interface.c:163:13:STM_SetPortMode	40	static
../Libs/UniSM/platforms/stm32_interface.c:170:16:STM_ReadPort	16	static
../Libs/UniSM/platforms/stm32_interface.c:174:13:STM_WritePin	16	static
../Libs/UniSM/platforms/stm32_interface.c:182:17:STM_Timestamp	8	static
../Libs/UniSM/platforms/stm32_interface.c:186:13:STM_Wait	16	static
../Libs/UniSM/platforms/stm32_interface.c:190:17:STM_SysClockFreq	8	static
../Libs/UniSM/platforms/stm32_interface.c:198:6:STM_Reset	8	static
